Archive member included to satisfy reference by file (symbol)

C:/ST/STM32CubeIDE_1.13.1/STM32CubeIDE/plugins/com.st.stm32cube.ide.mcu.externaltools.gnu-tools-for-stm32.11.3.rel1.win32_1.1.0.202305231506/tools/bin/../lib/gcc/arm-none-eabi/11.3.1/../../../../arm-none-eabi/lib/thumb/v7e-m+fp/hard\libc_nano.a(libc_a-exit.o)
                              C:/ST/STM32CubeIDE_1.13.1/STM32CubeIDE/plugins/com.st.stm32cube.ide.mcu.externaltools.gnu-tools-for-stm32.11.3.rel1.win32_1.1.0.202305231506/tools/bin/../lib/gcc/arm-none-eabi/11.3.1/../../../../arm-none-eabi/lib/thumb/v7e-m+fp/hard/crt0.o (exit)
C:/ST/STM32CubeIDE_1.13.1/STM32CubeIDE/plugins/com.st.stm32cube.ide.mcu.externaltools.gnu-tools-for-stm32.11.3.rel1.win32_1.1.0.202305231506/tools/bin/../lib/gcc/arm-none-eabi/11.3.1/../../../../arm-none-eabi/lib/thumb/v7e-m+fp/hard\libc_nano.a(libc_a-findfp.o)
                              C:/ST/STM32CubeIDE_1.13.1/STM32CubeIDE/plugins/com.st.stm32cube.ide.mcu.externaltools.gnu-tools-for-stm32.11.3.rel1.win32_1.1.0.202305231506/tools/bin/../lib/gcc/arm-none-eabi/11.3.1/../../../../arm-none-eabi/lib/thumb/v7e-m+fp/hard\libc_nano.a(libc_a-exit.o) (__stdio_exit_handler)
C:/ST/STM32CubeIDE_1.13.1/STM32CubeIDE/plugins/com.st.stm32cube.ide.mcu.externaltools.gnu-tools-for-stm32.11.3.rel1.win32_1.1.0.202305231506/tools/bin/../lib/gcc/arm-none-eabi/11.3.1/../../../../arm-none-eabi/lib/thumb/v7e-m+fp/hard\libc_nano.a(libc_a-fwalk.o)
                              C:/ST/STM32CubeIDE_1.13.1/STM32CubeIDE/plugins/com.st.stm32cube.ide.mcu.externaltools.gnu-tools-for-stm32.11.3.rel1.win32_1.1.0.202305231506/tools/bin/../lib/gcc/arm-none-eabi/11.3.1/../../../../arm-none-eabi/lib/thumb/v7e-m+fp/hard\libc_nano.a(libc_a-findfp.o) (_fwalk_sglue)
C:/ST/STM32CubeIDE_1.13.1/STM32CubeIDE/plugins/com.st.stm32cube.ide.mcu.externaltools.gnu-tools-for-stm32.11.3.rel1.win32_1.1.0.202305231506/tools/bin/../lib/gcc/arm-none-eabi/11.3.1/../../../../arm-none-eabi/lib/thumb/v7e-m+fp/hard\libc_nano.a(libc_a-stdio.o)
                              C:/ST/STM32CubeIDE_1.13.1/STM32CubeIDE/plugins/com.st.stm32cube.ide.mcu.externaltools.gnu-tools-for-stm32.11.3.rel1.win32_1.1.0.202305231506/tools/bin/../lib/gcc/arm-none-eabi/11.3.1/../../../../arm-none-eabi/lib/thumb/v7e-m+fp/hard\libc_nano.a(libc_a-findfp.o) (__sread)
C:/ST/STM32CubeIDE_1.13.1/STM32CubeIDE/plugins/com.st.stm32cube.ide.mcu.externaltools.gnu-tools-for-stm32.11.3.rel1.win32_1.1.0.202305231506/tools/bin/../lib/gcc/arm-none-eabi/11.3.1/../../../../arm-none-eabi/lib/thumb/v7e-m+fp/hard\libc_nano.a(libc_a-memset.o)
                              C:/ST/STM32CubeIDE_1.13.1/STM32CubeIDE/plugins/com.st.stm32cube.ide.mcu.externaltools.gnu-tools-for-stm32.11.3.rel1.win32_1.1.0.202305231506/tools/bin/../lib/gcc/arm-none-eabi/11.3.1/../../../../arm-none-eabi/lib/thumb/v7e-m+fp/hard/crt0.o (memset)
C:/ST/STM32CubeIDE_1.13.1/STM32CubeIDE/plugins/com.st.stm32cube.ide.mcu.externaltools.gnu-tools-for-stm32.11.3.rel1.win32_1.1.0.202305231506/tools/bin/../lib/gcc/arm-none-eabi/11.3.1/../../../../arm-none-eabi/lib/thumb/v7e-m+fp/hard\libc_nano.a(libc_a-closer.o)
                              C:/ST/STM32CubeIDE_1.13.1/STM32CubeIDE/plugins/com.st.stm32cube.ide.mcu.externaltools.gnu-tools-for-stm32.11.3.rel1.win32_1.1.0.202305231506/tools/bin/../lib/gcc/arm-none-eabi/11.3.1/../../../../arm-none-eabi/lib/thumb/v7e-m+fp/hard\libc_nano.a(libc_a-stdio.o) (_close_r)
C:/ST/STM32CubeIDE_1.13.1/STM32CubeIDE/plugins/com.st.stm32cube.ide.mcu.externaltools.gnu-tools-for-stm32.11.3.rel1.win32_1.1.0.202305231506/tools/bin/../lib/gcc/arm-none-eabi/11.3.1/../../../../arm-none-eabi/lib/thumb/v7e-m+fp/hard\libc_nano.a(libc_a-reent.o)
                              C:/ST/STM32CubeIDE_1.13.1/STM32CubeIDE/plugins/com.st.stm32cube.ide.mcu.externaltools.gnu-tools-for-stm32.11.3.rel1.win32_1.1.0.202305231506/tools/bin/../lib/gcc/arm-none-eabi/11.3.1/../../../../arm-none-eabi/lib/thumb/v7e-m+fp/hard\libc_nano.a(libc_a-closer.o) (errno)
C:/ST/STM32CubeIDE_1.13.1/STM32CubeIDE/plugins/com.st.stm32cube.ide.mcu.externaltools.gnu-tools-for-stm32.11.3.rel1.win32_1.1.0.202305231506/tools/bin/../lib/gcc/arm-none-eabi/11.3.1/../../../../arm-none-eabi/lib/thumb/v7e-m+fp/hard\libc_nano.a(libc_a-impure.o)
                              C:/ST/STM32CubeIDE_1.13.1/STM32CubeIDE/plugins/com.st.stm32cube.ide.mcu.externaltools.gnu-tools-for-stm32.11.3.rel1.win32_1.1.0.202305231506/tools/bin/../lib/gcc/arm-none-eabi/11.3.1/../../../../arm-none-eabi/lib/thumb/v7e-m+fp/hard\libc_nano.a(libc_a-reent.o) (_impure_ptr)
C:/ST/STM32CubeIDE_1.13.1/STM32CubeIDE/plugins/com.st.stm32cube.ide.mcu.externaltools.gnu-tools-for-stm32.11.3.rel1.win32_1.1.0.202305231506/tools/bin/../lib/gcc/arm-none-eabi/11.3.1/../../../../arm-none-eabi/lib/thumb/v7e-m+fp/hard\libc_nano.a(libc_a-lseekr.o)
[...]
Memory Configuration

Name             Origin             Length             Attributes
RAM              0x0000000020000000 0x0000000000008000 xrw
FLASH            0x0000000008000000 0x0000000000020000 xr
*default*        0x0000000000000000 0xffffffffffffffff

Linker script and memory map

LOAD C:/ST/STM32CubeIDE_1.13.1/STM32CubeIDE/plugins/com.st.stm32cube.ide.mcu.externaltools.gnu-tools-for-stm32.11.3.rel1.win32_1.1.0.202305231506/tools/bin/../lib/gcc/arm-none-eabi/11.3.1/thumb/v7e-m+fp/hard/crti.o
LOAD C:/ST/STM32CubeIDE_1.13.1/STM32CubeIDE/plugins/com.st.stm32cube.ide.mcu.externaltools.gnu-tools-for-stm32.11.3.rel1.win32_1.1.0.202305231506/tools/bin/../lib/gcc/arm-none-eabi/11.3.1/thumb/v7e-m+fp/hard/crtbegin.o
LOAD C:/ST/STM32CubeIDE_1.13.1/STM32CubeIDE/plugins/com.st.stm32cube.ide.mcu.externaltools.gnu-tools-for-stm32.11.3.rel1.win32_1.1.0.202305231506/tools/bin/../lib/gcc/arm-none-eabi/11.3.1/../../../../arm-none-eabi/lib/thumb/v7e-m+fp/hard/crt0.o
LOAD ./Core/Src/main.o
LOAD ./Core/Src/stm32g4xx_hal_msp.o
LOAD ./Core/Src/stm32g4xx_it.o
LOAD ./Core/Src/syscalls.o
LOAD ./Core/Src/sysmem.o
LOAD ./Core/Src/system_stm32g4xx.o
LOAD ./Core/Startup/startup_stm32g431cbtx.o
LOAD ./Drivers/STM32G4xx_HAL_Driver/Src/stm32g4xx_hal.o
LOAD ./Drivers/STM32G4xx_HAL_Driver/Src/stm32g4xx_hal_adc.o
LOAD ./Drivers/STM32G4xx_HAL_Driver/Src/stm32g4xx_hal_adc_ex.o
LOAD ./Drivers/STM32G4xx_HAL_Driver/Src/stm32g4xx_hal_cortex.o
LOAD ./Drivers/STM32G4xx_HAL_Driver/Src/stm32g4xx_hal_dma.o
LOAD ./Drivers/STM32G4xx_HAL_Driver/Src/stm32g4xx_hal_dma_ex.o
LOAD ./Drivers/STM32G4xx_HAL_Driver/Src/stm32g4xx_hal_exti.o
LOAD ./Drivers/STM32G4xx_HAL_Driver/Src/stm32g4xx_hal_flash.o
LOAD ./Drivers/STM32G4xx_HAL_Driver/Src/stm32g4xx_hal_flash_ex.o
LOAD ./Drivers/STM32G4xx_HAL_Driver/Src/stm32g4xx_hal_flash_ramfunc.o
LOAD ./Drivers/STM32G4xx_HAL_Driver/Src/stm32g4xx_hal_gpio.o
LOAD ./Drivers/STM32G4xx_HAL_Driver/Src/stm32g4xx_hal_pwr.o
LOAD ./Drivers/STM32G4xx_HAL_Driver/Src/stm32g4xx_hal_pwr_ex.o
LOAD ./Drivers/STM32G4xx_HAL_Driver/Src/stm32g4xx_hal_rcc.o
LOAD ./Drivers/STM32G4xx_HAL_Driver/Src/stm32g4xx_hal_rcc_ex.o
LOAD ./Drivers/STM32G4xx_HAL_Driver/Src/stm32g4xx_hal_spi.o
LOAD ./Drivers/STM32G4xx_HAL_Driver/Src/stm32g4xx_hal_spi_ex.o
LOAD ./Drivers/STM32G4xx_HAL_Driver/Src/stm32g4xx_hal_tim.o
LOAD ./Drivers/STM32G4xx_HAL_Driver/Src/stm32g4xx_hal_tim_ex.o
LOAD ./Drivers/STM32G4xx_HAL_Driver/Src/stm32g4xx_hal_uart.o
LOAD ./Drivers/STM32G4xx_HAL_Driver/Src/stm32g4xx_hal_uart_ex.o
LOAD ./Drivers/STM32G4xx_HAL_Driver/Src/stm32g4xx_ll_adc.o
LOAD ./UserLib/Src/MAX31855.o
START GROUP
LOAD C:/ST/STM32CubeIDE_1.13.1/STM32CubeIDE/plugins/com.st.stm32cube.ide.mcu.externaltools.gnu-tools-for-stm32.11.3.rel1.win32_1.1.0.202305231506/tools/bin/../lib/gcc/arm-none-eabi/11.3.1/../../../../arm-none-eabi/lib/thumb/v7e-m+fp/hard\libc_nano.a
LOAD C:/ST/STM32CubeIDE_1.13.1/STM32CubeIDE/plugins/com.st.stm32cube.ide.mcu.externaltools.gnu-tools-for-stm32.11.3.rel1.win32_1.1.0.202305231506/tools/bin/../lib/gcc/arm-none-eabi/11.3.1/../../../../arm-none-eabi/lib/thumb/v7e-m+fp/hard\libm.a
END GROUP
START GROUP
LOAD C:/ST/STM32CubeIDE_1.13.1/STM32CubeIDE/plugins/com.st.stm32cube.ide.mcu.externaltools.gnu-tools-for-stm32.11.3.rel1.win32_1.1.0.202305231506/tools/bin/../lib/gcc/arm-none-eabi/11.3.1/thumb/v7e-m+fp/hard\libgcc.a
LOAD C:/ST/STM32CubeIDE_1.13.1/STM32CubeIDE/plugins/com.st.stm32cube.ide.mcu.externaltools.gnu-tools-for-stm32.11.3.rel1.win32_1.1.0.202305231506/tools/bin/../lib/gcc/arm-none-eabi/11.3.1/../../../../arm-none-eabi/lib/thumb/v7e-m+fp/hard\libc_nano.a
END GROUP
START GROUP
LOAD C:/ST/STM32CubeIDE_1.13.1/STM32CubeIDE/plugins/com.st.stm32cube.ide.mcu.externaltools.gnu-tools-for-stm32.11.3.rel1.win32_1.1.0.202305231506/tools/bin/../lib/gcc/arm-none-eabi/11.3.1/thumb/v7e-m+fp/hard\libgcc.a
LOAD C:/ST/STM32CubeIDE_1.13.1/STM32CubeIDE/plugins/com.st.stm32cube.ide.mcu.externaltools.gnu-tools-for-stm32.11.3.rel1.win32_1.1.0.202305231506/tools/bin/../lib/gcc/arm-none-eabi/11.3.1/../../../../arm-none-eabi/lib/thumb/v7e-m+fp/hard\libc_nano.a
LOAD C:/ST/STM32CubeIDE_1.13.1/STM32CubeIDE/plugins/com.st.stm32cube.ide.mcu.externaltools.gnu-tools-for-stm32.11.3.rel1.win32_1.1.0.202305231506/tools/bin/../lib/gcc/arm-none-eabi/11.3.1/../../../../arm-none-eabi/lib/thumb/v7e-m+fp/hard\libnosys.a
END GROUP
START GROUP
LOAD C:/ST/STM32CubeIDE_1.13.1/STM32CubeIDE/plugins/com.st.stm32cube.ide.mcu.externaltools.gnu-tools-for-stm32.11.3.rel1.win32_1.1.0.202305231506/tools/bin/../lib/gcc/arm-none-eabi/11.3.1/thumb/v7e-m+fp/hard\libgcc.a
LOAD C:/ST/STM32CubeIDE_1.13.1/STM32CubeIDE/plugins/com.st.stm32cube.ide.mcu.externaltools.gnu-tools-for-stm32.11.3.rel1.win32_1.1.0.202305231506/tools/bin/../lib/gcc/arm-none-eabi/11.3.1/../../../../arm-none-eabi/lib/thumb/v7e-m+fp/hard\libc_nano.a
LOAD C:/ST/STM32CubeIDE_1.13.1/STM32CubeIDE/plugins/com.st.stm32cube.ide.mcu.externaltools.gnu-tools-for-stm32.11.3.rel1.win32_1.1.0.202305231506/tools/bin/../lib/gcc/arm-none-eabi/11.3.1/../../../../arm-none-eabi/lib/thumb/v7e-m+fp/hard\libnosys.a
END GROUP
LOAD C:/ST/STM32CubeIDE_1.13.1/STM32CubeIDE/plugins/com.st.stm32cube.ide.mcu.externaltools.gnu-tools-for-stm32.11.3.rel1.win32_1.1.0.202305231506/tools/bin/../lib/gcc/arm-none-eabi/11.3.1/thumb/v7e-m+fp/hard/crtend.o
LOAD C:/ST/STM32CubeIDE_1.13.1/STM32CubeIDE/plugins/com.st.stm32cube.ide.mcu.externaltools.gnu-tools-for-stm32.11.3.rel1.win32_1.1.0.202305231506/tools/bin/../lib/gcc/arm-none-eabi/11.3.1/thumb/v7e-m+fp/hard/crtn.o
                0x0000000020008000                _estack = (ORIGIN (RAM) + LENGTH (RAM))
                0x0000000000000200                _Min_Heap_Size = 0x200
                0x0000000000000400                _Min_Stack_Size = 0x400

.isr_vector     0x0000000008000000      0x1d8
                0x0000000008000000                . = ALIGN (0x4)
 *(.isr_vector)
 .isr_vector    0x0000000008000000      0x1d8 ./Core/Startup/startup_stm32g431cbtx.o
                0x0000000008000000                g_pfnVectors
                0x00000000080001d8                . = ALIGN (0x4)

.text           0x00000000080001d8     0x9968
                0x00000000080001d8                . = ALIGN (0x4)
 *(.text)
 .text          0x00000000080001d8       0x40 C:/ST/STM32CubeIDE_1.13.1/STM32CubeIDE/plugins/com.st.stm32cube.ide.mcu.externaltools.gnu-tools-for-stm32.11.3.rel1.win32_1.1.0.202305231506/tools/bin/../lib/gcc/arm-none-eabi/11.3.1/thumb/v7e-m+fp/hard/crtbegin.o
 .text          0x0000000008000218      0x378 C:/ST/STM32CubeIDE_1.13.1/STM32CubeIDE/plugins/com.st.stm32cube.ide.mcu.externaltools.gnu-tools-for-stm32.11.3.rel1.win32_1.1.0.202305231506/tools/bin/../lib/gcc/arm-none-eabi/11.3.1/thumb/v7e-m+fp/hard\libgcc.a(_arm_addsubdf3.o)
                0x0000000008000218                __aeabi_drsub
                0x0000000008000220                __aeabi_dsub
                0x0000000008000220                __subdf3
                0x0000000008000224                __aeabi_dadd
                0x0000000008000224                __adddf3
                0x000000000800049c                __floatunsidf
                0x000000000800049c                __aeabi_ui2d
                0x00000000080004bc                __floatsidf
                0x00000000080004bc                __aeabi_i2d
                0x00000000080004e0                __aeabi_f2d
                0x00000000080004e0                __extendsfdf2
                0x0000000008000524                __floatundidf
                0x0000000008000524                __aeabi_ul2d
                0x0000000008000534                __floatdidf
                0x0000000008000534                __aeabi_l2d
 .text          0x0000000008000590      0x424 C:/ST/STM32CubeIDE_1.13.1/STM32CubeIDE/plugins/com.st.stm32cube.ide.mcu.externaltools.gnu-tools-for-stm32.11.3.rel1.win32_1.1.0.202305231506/tools/bin/../lib/gcc/arm-none-eabi/11.3.1/thumb/v7e-m+fp/hard\libgcc.a(_arm_muldivdf3.o)
                0x0000000008000590                __aeabi_dmul
                0x0000000008000590                __muldf3
                0x00000000080007e4                __divdf3
                0x00000000080007e4                __aeabi_ddiv
 .text          0x00000000080009b4       0x40 C:/ST/STM32CubeIDE_1.13.1/STM32CubeIDE/plugins/com.st.stm32cube.ide.mcu.externaltools.gnu-tools-for-stm32.11.3.rel1.win32_1.1.0.202305231506/tools/bin/../lib/gcc/arm-none-eabi/11.3.1/thumb/v7e-m+fp/hard\libgcc.a(_arm_fixunsdfsi.o)
                0x00000000080009b4                __aeabi_d2uiz
                0x00000000080009b4                __fixunsdfsi
 .text          0x00000000080009f4       0x30 C:/ST/STM32CubeIDE_1.13.1/STM32CubeIDE/plugins/com.st.stm32cube.ide.mcu.externaltools.gnu-tools-for-stm32.11.3.rel1.win32_1.1.0.202305231506/tools/bin/../lib/gcc/arm-none-eabi/11.3.1/thumb/v7e-m+fp/hard\libgcc.a(_aeabi_uldivmod.o)
                0x00000000080009f4                __aeabi_uldivmod
 .text          0x0000000008000a24      0x2c8 C:/ST/STM32CubeIDE_1.13.1/STM32CubeIDE/plugins/com.st.stm32cube.ide.mcu.externaltools.gnu-tools-for-stm32.11.3.rel1.win32_1.1.0.202305231506/tools/bin/../lib/gcc/arm-none-eabi/11.3.1/thumb/v7e-m+fp/hard\libgcc.a(_udivmoddi4.o)
                0x0000000008000a24                __udivmoddi4
 .text          0x0000000008000cec        0x4 C:/ST/STM32CubeIDE_1.13.1/STM32CubeIDE/plugins/com.st.stm32cube.ide.mcu.externaltools.gnu-tools-for-stm32.11.3.rel1.win32_1.1.0.202305231506/tools/bin/../lib/gcc/arm-none-eabi/11.3.1/thumb/v7e-m+fp/hard\libgcc.a(_dvmd_tls.o)
                0x0000000008000cec                __aeabi_idiv0
                0x0000000008000cec                __aeabi_ldiv0
 *(.text*)
 .text.main     0x0000000008000cf0      0x288 ./Core/Src/main.o
                0x0000000008000cf0                main
 .text.SystemClock_Config
                0x0000000008000f78       0x92 ./Core/Src/main.o
                0x0000000008000f78                SystemClock_Config
 *fill*         0x000000000800100a        0x2 
 .text.MX_ADC1_Init
                0x000000000800100c      0x110 ./Core/Src/main.o
 .text.MX_ADC2_Init
                0x000000000800111c      0x10c ./Core/Src/main.o
 .text.MX_SPI1_Init
                0x0000000008001228       0x7c ./Core/Src/main.o
 .text.MX_TIM1_Init
                0x00000000080012a4      0x1b8 ./Core/Src/main.o
 .text.MX_TIM2_Init
                0x000000000800145c       0x9c ./Core/Src/main.o
 .text.MX_TIM8_Init
                0x00000000080014f8      0x170 ./Core/Src/main.o
 .text.MX_TIM15_Init
                0x0000000008001668      0x158 ./Core/Src/main.o
 .text.MX_TIM16_Init
                0x00000000080017c0       0x98 ./Core/Src/main.o
 .text.MX_USART2_UART_Init
                0x0000000008001858       0xa0 ./Core/Src/main.o
 .text.MX_DMA_Init
                0x00000000080018f8       0x74 ./Core/Src/main.o
 .text.MX_GPIO_Init
                0x000000000800196c      0x178 ./Core/Src/main.o
 .text.HAL_GPIO_EXTI_Callback
                0x0000000008001ae4       0x70 ./Core/Src/main.o
                0x0000000008001ae4                HAL_GPIO_EXTI_Callback
 .text.HAL_TIM_PeriodElapsedCallback
                0x0000000008001b54      0x270 ./Core/Src/main.o
                0x0000000008001b54                HAL_TIM_PeriodElapsedCallback
 .text.DMACallbackADC1
                0x0000000008001dc4       0x54 ./Core/Src/main.o
                0x0000000008001dc4                DMACallbackADC1
 .text.DMACallbackADC2
                0x0000000008001e18       0xb8 ./Core/Src/main.o
                0x0000000008001e18                DMACallbackADC2
 .text.StatusLEDControl
                0x0000000008001ed0       0xd0 ./Core/Src/main.o
 .text.HAL_TIM_IC_CaptureCallback
                0x0000000008001fa0      0x21c ./Core/Src/main.o
                0x0000000008001fa0                HAL_TIM_IC_CaptureCallback
 .text.Hw_Buck_Init
                0x00000000080021bc       0x50 ./Core/Src/main.o
 .text.Hw_Buck_Deinit
                0x000000000800220c       0x50 ./Core/Src/main.o
 .text.SetOutputVoltage
                0x000000000800225c       0x70 ./Core/Src/main.o
 .text.SetError
                0x00000000080022cc      0x114 ./Core/Src/main.o
 .text.Error_Handler
                0x00000000080023e0        0xa ./Core/Src/main.o
                0x00000000080023e0                Error_Handler
 *fill*         0x00000000080023ea        0x2 
 .text.HAL_MspInit
                0x00000000080023ec       0x58 ./Core/Src/stm32g4xx_hal_msp.o
                0x00000000080023ec                HAL_MspInit
 .text.HAL_ADC_MspInit
                0x0000000008002444      0x270 ./Core/Src/stm32g4xx_hal_msp.o
                0x0000000008002444                HAL_ADC_MspInit
 .text.HAL_SPI_MspInit
                0x00000000080026b4       0xe0 ./Core/Src/stm32g4xx_hal_msp.o
                0x00000000080026b4                HAL_SPI_MspInit
 .text.HAL_TIM_Base_MspInit
                0x0000000008002794      0x190 ./Core/Src/stm32g4xx_hal_msp.o
                0x0000000008002794                HAL_TIM_Base_MspInit
 .text.HAL_TIM_MspPostInit
                0x0000000008002924      0x128 ./Core/Src/stm32g4xx_hal_msp.o
                0x0000000008002924                HAL_TIM_MspPostInit
 .text.HAL_UART_MspInit
                0x0000000008002a4c       0xb0 ./Core/Src/stm32g4xx_hal_msp.o
                0x0000000008002a4c                HAL_UART_MspInit
 .text.NMI_Handler
                0x0000000008002afc        0x6 ./Core/Src/stm32g4xx_it.o
                0x0000000008002afc                NMI_Handler
 .text.HardFault_Handler
                0x0000000008002b02        0x6 ./Core/Src/stm32g4xx_it.o
                0x0000000008002b02                HardFault_Handler
 .text.MemManage_Handler
                0x0000000008002b08        0x6 ./Core/Src/stm32g4xx_it.o
                0x0000000008002b08                MemManage_Handler
 .text.BusFault_Handler
                0x0000000008002b0e        0x6 ./Core/Src/stm32g4xx_it.o
                0x0000000008002b0e                BusFault_Handler
 .text.UsageFault_Handler
                0x0000000008002b14        0x6 ./Core/Src/stm32g4xx_it.o
                0x0000000008002b14                UsageFault_Handler
 .text.SVC_Handler
                0x0000000008002b1a        0xe ./Core/Src/stm32g4xx_it.o
                0x0000000008002b1a                SVC_Handler
 .text.DebugMon_Handler
                0x0000000008002b28        0xe ./Core/Src/stm32g4xx_it.o
                0x0000000008002b28                DebugMon_Handler
 .text.PendSV_Handler
                0x0000000008002b36        0xe ./Core/Src/stm32g4xx_it.o
                0x0000000008002b36                PendSV_Handler
 .text.SysTick_Handler
                0x0000000008002b44        0xc ./Core/Src/stm32g4xx_it.o
                0x0000000008002b44                SysTick_Handler
 .text.PVD_PVM_IRQHandler
                0x0000000008002b50        0xc ./Core/Src/stm32g4xx_it.o
                0x0000000008002b50                PVD_PVM_IRQHandler
 .text.DMA1_Channel1_IRQHandler
                0x0000000008002b5c       0x14 ./Core/Src/stm32g4xx_it.o
                0x0000000008002b5c                DMA1_Channel1_IRQHandler
 .text.DMA1_Channel2_IRQHandler
                0x0000000008002b70       0x14 ./Core/Src/stm32g4xx_it.o
                0x0000000008002b70                DMA1_Channel2_IRQHandler
 .text.DMA1_Channel3_IRQHandler
                0x0000000008002b84       0x14 ./Core/Src/stm32g4xx_it.o
                0x0000000008002b84                DMA1_Channel3_IRQHandler
 .text.EXTI9_5_IRQHandler
                0x0000000008002b98        0xe ./Core/Src/stm32g4xx_it.o
                0x0000000008002b98                EXTI9_5_IRQHandler
 *fill*         0x0000000008002ba6        0x2 
 .text.TIM1_UP_TIM16_IRQHandler
                0x0000000008002ba8       0x1c ./Core/Src/stm32g4xx_it.o
                0x0000000008002ba8                TIM1_UP_TIM16_IRQHandler
 .text.TIM2_IRQHandler
                0x0000000008002bc4       0x14 ./Core/Src/stm32g4xx_it.o
                0x0000000008002bc4                TIM2_IRQHandler
 .text.EXTI15_10_IRQHandler
                0x0000000008002bd8       0x10 ./Core/Src/stm32g4xx_it.o
                0x0000000008002bd8                EXTI15_10_IRQHandler
 .text.SystemInit
                0x0000000008002be8       0x24 ./Core/Src/system_stm32g4xx.o
                0x0000000008002be8                SystemInit
 .text.Reset_Handler
                0x0000000008002c0c       0x50 ./Core/Startup/startup_stm32g431cbtx.o
                0x0000000008002c0c                Reset_Handler
 .text.Default_Handler
                0x0000000008002c5c        0x2 ./Core/Startup/startup_stm32g431cbtx.o
                0x0000000008002c5c                RTC_Alarm_IRQHandler
                0x0000000008002c5c                EXTI2_IRQHandler
                0x0000000008002c5c                TIM8_TRG_COM_IRQHandler
                0x0000000008002c5c                TIM8_CC_IRQHandler
                0x0000000008002c5c                TIM1_CC_IRQHandler
                0x0000000008002c5c                USB_HP_IRQHandler
                0x0000000008002c5c                CORDIC_IRQHandler
                0x0000000008002c5c                EXTI3_IRQHandler
                0x0000000008002c5c                I2C3_ER_IRQHandler
                0x0000000008002c5c                EXTI0_IRQHandler
                0x0000000008002c5c                I2C2_EV_IRQHandler
                0x0000000008002c5c                FPU_IRQHandler
                0x0000000008002c5c                FDCAN1_IT1_IRQHandler
                0x0000000008002c5c                ADC1_2_IRQHandler
                0x0000000008002c5c                SPI1_IRQHandler
                0x0000000008002c5c                TIM6_DAC_IRQHandler
                0x0000000008002c5c                TIM8_UP_IRQHandler
                0x0000000008002c5c                DMA2_Channel2_IRQHandler
                0x0000000008002c5c                DMA1_Channel4_IRQHandler
                0x0000000008002c5c                USART3_IRQHandler
                0x0000000008002c5c                TIM4_IRQHandler
                0x0000000008002c5c                DMA2_Channel1_IRQHandler
                0x0000000008002c5c                I2C1_EV_IRQHandler
                0x0000000008002c5c                DMA1_Channel6_IRQHandler
                0x0000000008002c5c                UART4_IRQHandler
                0x0000000008002c5c                DMA2_Channel4_IRQHandler
                0x0000000008002c5c                TIM3_IRQHandler
                0x0000000008002c5c                RCC_IRQHandler
                0x0000000008002c5c                Default_Handler
                0x0000000008002c5c                RTC_TAMP_LSECSS_IRQHandler
                0x0000000008002c5c                FMAC_IRQHandler
                0x0000000008002c5c                TIM7_IRQHandler
                0x0000000008002c5c                UCPD1_IRQHandler
                0x0000000008002c5c                I2C3_EV_IRQHandler
                0x0000000008002c5c                RTC_WKUP_IRQHandler
                0x0000000008002c5c                SPI2_IRQHandler
                0x0000000008002c5c                DMA2_Channel5_IRQHandler
                0x0000000008002c5c                CRS_IRQHandler
                0x0000000008002c5c                DMA1_Channel5_IRQHandler
                0x0000000008002c5c                USB_LP_IRQHandler
                0x0000000008002c5c                EXTI4_IRQHandler
                0x0000000008002c5c                RNG_IRQHandler
                0x0000000008002c5c                TIM1_TRG_COM_TIM17_IRQHandler
                0x0000000008002c5c                WWDG_IRQHandler
                0x0000000008002c5c                LPUART1_IRQHandler
                0x0000000008002c5c                DMA2_Channel6_IRQHandler
                0x0000000008002c5c                FDCAN1_IT0_IRQHandler
                0x0000000008002c5c                COMP1_2_3_IRQHandler
                0x0000000008002c5c                EXTI1_IRQHandler
                0x0000000008002c5c                USART2_IRQHandler
                0x0000000008002c5c                I2C2_ER_IRQHandler
                0x0000000008002c5c                TIM8_BRK_IRQHandler
                0x0000000008002c5c                FLASH_IRQHandler
                0x0000000008002c5c                USART1_IRQHandler
                0x0000000008002c5c                SPI3_IRQHandler
                0x0000000008002c5c                I2C1_ER_IRQHandler
                0x0000000008002c5c                LPTIM1_IRQHandler
                0x0000000008002c5c                DMAMUX_OVR_IRQHandler
                0x0000000008002c5c                USBWakeUp_IRQHandler
                0x0000000008002c5c                SAI1_IRQHandler
                0x0000000008002c5c                DMA2_Channel3_IRQHandler
                0x0000000008002c5c                COMP4_IRQHandler
                0x0000000008002c5c                TIM1_BRK_TIM15_IRQHandler
 .text.HAL_Init
                0x0000000008002c5e       0x30 ./Drivers/STM32G4xx_HAL_Driver/Src/stm32g4xx_hal.o
                0x0000000008002c5e                HAL_Init
 *fill*         0x0000000008002c8e        0x2 
 .text.HAL_InitTick
                0x0000000008002c90       0x74 ./Drivers/STM32G4xx_HAL_Driver/Src/stm32g4xx_hal.o
                0x0000000008002c90                HAL_InitTick
 .text.HAL_IncTick
                0x0000000008002d04       0x24 ./Drivers/STM32G4xx_HAL_Driver/Src/stm32g4xx_hal.o
                0x0000000008002d04                HAL_IncTick
 .text.HAL_GetTick
                0x0000000008002d28       0x18 ./Drivers/STM32G4xx_HAL_Driver/Src/stm32g4xx_hal.o
                0x0000000008002d28                HAL_GetTick
 .text.LL_ADC_SetCommonClock
                0x0000000008002d40       0x26 ./Drivers/STM32G4xx_HAL_Driver/Src/stm32g4xx_hal_adc.o
 .text.LL_ADC_SetCommonPathInternalCh
                0x0000000008002d66       0x26 ./Drivers/STM32G4xx_HAL_Driver/Src/stm32g4xx_hal_adc.o
 .text.LL_ADC_GetCommonPathInternalCh
                0x0000000008002d8c       0x1c ./Drivers/STM32G4xx_HAL_Driver/Src/stm32g4xx_hal_adc.o
 .text.LL_ADC_SetOffset
                0x0000000008002da8       0x48 ./Drivers/STM32G4xx_HAL_Driver/Src/stm32g4xx_hal_adc.o
 .text.LL_ADC_GetOffsetChannel
                0x0000000008002df0       0x2c ./Drivers/STM32G4xx_HAL_Driver/Src/stm32g4xx_hal_adc.o
 .text.LL_ADC_SetOffsetState
                0x0000000008002e1c       0x36 ./Drivers/STM32G4xx_HAL_Driver/Src/stm32g4xx_hal_adc.o
 .text.LL_ADC_SetOffsetSign
                0x0000000008002e52       0x36 ./Drivers/STM32G4xx_HAL_Driver/Src/stm32g4xx_hal_adc.o
 .text.LL_ADC_SetOffsetSaturation
                0x0000000008002e88       0x36 ./Drivers/STM32G4xx_HAL_Driver/Src/stm32g4xx_hal_adc.o
 .text.LL_ADC_SetSamplingTimeCommonConfig
                0x0000000008002ebe       0x26 ./Drivers/STM32G4xx_HAL_Driver/Src/stm32g4xx_hal_adc.o
 .text.LL_ADC_REG_IsTriggerSourceSWStart
                0x0000000008002ee4       0x26 ./Drivers/STM32G4xx_HAL_Driver/Src/stm32g4xx_hal_adc.o
 .text.LL_ADC_REG_SetSequencerRanks
                0x0000000008002f0a       0x58 ./Drivers/STM32G4xx_HAL_Driver/Src/stm32g4xx_hal_adc.o
 .text.LL_ADC_SetChannelSamplingTime
                0x0000000008002f62       0x56 ./Drivers/STM32G4xx_HAL_Driver/Src/stm32g4xx_hal_adc.o
 .text.LL_ADC_SetChannelSingleDiff
                0x0000000008002fb8       0x50 ./Drivers/STM32G4xx_HAL_Driver/Src/stm32g4xx_hal_adc.o
 .text.LL_ADC_GetMultimode
                0x0000000008003008       0x1c ./Drivers/STM32G4xx_HAL_Driver/Src/stm32g4xx_hal_adc.o
 .text.LL_ADC_DisableDeepPowerDown
                0x0000000008003024       0x24 ./Drivers/STM32G4xx_HAL_Driver/Src/stm32g4xx_hal_adc.o
 .text.LL_ADC_IsDeepPowerDownEnabled
                0x0000000008003048       0x28 ./Drivers/STM32G4xx_HAL_Driver/Src/stm32g4xx_hal_adc.o
 .text.LL_ADC_EnableInternalRegulator
                0x0000000008003070       0x28 ./Drivers/STM32G4xx_HAL_Driver/Src/stm32g4xx_hal_adc.o
 .text.LL_ADC_IsInternalRegulatorEnabled
                0x0000000008003098       0x28 ./Drivers/STM32G4xx_HAL_Driver/Src/stm32g4xx_hal_adc.o
 .text.LL_ADC_Enable
                0x00000000080030c0       0x28 ./Drivers/STM32G4xx_HAL_Driver/Src/stm32g4xx_hal_adc.o
 .text.LL_ADC_Disable
                0x00000000080030e8       0x28 ./Drivers/STM32G4xx_HAL_Driver/Src/stm32g4xx_hal_adc.o
 .text.LL_ADC_IsEnabled
                0x0000000008003110       0x26 ./Drivers/STM32G4xx_HAL_Driver/Src/stm32g4xx_hal_adc.o
 .text.LL_ADC_IsDisableOngoing
                0x0000000008003136       0x26 ./Drivers/STM32G4xx_HAL_Driver/Src/stm32g4xx_hal_adc.o
 .text.LL_ADC_REG_StartConversion
                0x000000000800315c       0x28 ./Drivers/STM32G4xx_HAL_Driver/Src/stm32g4xx_hal_adc.o
 .text.LL_ADC_REG_IsConversionOngoing
                0x0000000008003184       0x26 ./Drivers/STM32G4xx_HAL_Driver/Src/stm32g4xx_hal_adc.o
 .text.LL_ADC_INJ_IsConversionOngoing
                0x00000000080031aa       0x26 ./Drivers/STM32G4xx_HAL_Driver/Src/stm32g4xx_hal_adc.o
 .text.HAL_ADC_Init
                0x00000000080031d0      0x314 ./Drivers/STM32G4xx_HAL_Driver/Src/stm32g4xx_hal_adc.o
                0x00000000080031d0                HAL_ADC_Init
 .text.HAL_ADC_Start_DMA
                0x00000000080034e4      0x168 ./Drivers/STM32G4xx_HAL_Driver/Src/stm32g4xx_hal_adc.o
                0x00000000080034e4                HAL_ADC_Start_DMA
 .text.HAL_ADC_ConvCpltCallback
                0x000000000800364c       0x14 ./Drivers/STM32G4xx_HAL_Driver/Src/stm32g4xx_hal_adc.o
                0x000000000800364c                HAL_ADC_ConvCpltCallback
 .text.HAL_ADC_ConvHalfCpltCallback
                0x0000000008003660       0x14 ./Drivers/STM32G4xx_HAL_Driver/Src/stm32g4xx_hal_adc.o
                0x0000000008003660                HAL_ADC_ConvHalfCpltCallback
 .text.HAL_ADC_ErrorCallback
                0x0000000008003674       0x14 ./Drivers/STM32G4xx_HAL_Driver/Src/stm32g4xx_hal_adc.o
                0x0000000008003674                HAL_ADC_ErrorCallback
 .text.HAL_ADC_ConfigChannel
                0x0000000008003688      0x7e0 ./Drivers/STM32G4xx_HAL_Driver/Src/stm32g4xx_hal_adc.o
                0x0000000008003688                HAL_ADC_ConfigChannel
 .text.ADC_Enable
                0x0000000008003e68       0xc4 ./Drivers/STM32G4xx_HAL_Driver/Src/stm32g4xx_hal_adc.o
                0x0000000008003e68                ADC_Enable
 .text.ADC_Disable
                0x0000000008003f2c       0xbe ./Drivers/STM32G4xx_HAL_Driver/Src/stm32g4xx_hal_adc.o
                0x0000000008003f2c                ADC_Disable
 .text.ADC_DMAConvCplt
                0x0000000008003fea       0xd8 ./Drivers/STM32G4xx_HAL_Driver/Src/stm32g4xx_hal_adc.o
                0x0000000008003fea                ADC_DMAConvCplt
 .text.ADC_DMAHalfConvCplt
                0x00000000080040c2       0x1c ./Drivers/STM32G4xx_HAL_Driver/Src/stm32g4xx_hal_adc.o
                0x00000000080040c2                ADC_DMAHalfConvCplt
 .text.ADC_DMAError
                0x00000000080040de       0x34 ./Drivers/STM32G4xx_HAL_Driver/Src/stm32g4xx_hal_adc.o
                0x00000000080040de                ADC_DMAError
 .text.LL_ADC_IsEnabled
                0x0000000008004112       0x26 ./Drivers/STM32G4xx_HAL_Driver/Src/stm32g4xx_hal_adc_ex.o
 .text.LL_ADC_StartCalibration
                0x0000000008004138       0x32 ./Drivers/STM32G4xx_HAL_Driver/Src/stm32g4xx_hal_adc_ex.o
 .text.LL_ADC_IsCalibrationOnGoing
                0x000000000800416a       0x28 ./Drivers/STM32G4xx_HAL_Driver/Src/stm32g4xx_hal_adc_ex.o
 .text.LL_ADC_REG_IsConversionOngoing
                0x0000000008004192       0x26 ./Drivers/STM32G4xx_HAL_Driver/Src/stm32g4xx_hal_adc_ex.o
 .text.HAL_ADCEx_Calibration_Start
                0x00000000080041b8       0xc4 ./Drivers/STM32G4xx_HAL_Driver/Src/stm32g4xx_hal_adc_ex.o
                0x00000000080041b8                HAL_ADCEx_Calibration_Start
 .text.HAL_ADCEx_MultiModeConfigChannel
                0x000000000800427c      0x148 ./Drivers/STM32G4xx_HAL_Driver/Src/stm32g4xx_hal_adc_ex.o
                0x000000000800427c                HAL_ADCEx_MultiModeConfigChannel
 .text.__NVIC_SetPriorityGrouping
                0x00000000080043c4       0x48 ./Drivers/STM32G4xx_HAL_Driver/Src/stm32g4xx_hal_cortex.o
 .text.__NVIC_GetPriorityGrouping
                0x000000000800440c       0x1c ./Drivers/STM32G4xx_HAL_Driver/Src/stm32g4xx_hal_cortex.o
 .text.__NVIC_EnableIRQ
                0x0000000008004428       0x3c ./Drivers/STM32G4xx_HAL_Driver/Src/stm32g4xx_hal_cortex.o
 .text.__NVIC_SetPriority
                0x0000000008004464       0x54 ./Drivers/STM32G4xx_HAL_Driver/Src/stm32g4xx_hal_cortex.o
 .text.NVIC_EncodePriority
                0x00000000080044b8       0x66 ./Drivers/STM32G4xx_HAL_Driver/Src/stm32g4xx_hal_cortex.o
 *fill*         0x000000000800451e        0x2 
 .text.SysTick_Config
                0x0000000008004520       0x44 ./Drivers/STM32G4xx_HAL_Driver/Src/stm32g4xx_hal_cortex.o
 .text.HAL_NVIC_SetPriorityGrouping
                0x0000000008004564       0x16 ./Drivers/STM32G4xx_HAL_Driver/Src/stm32g4xx_hal_cortex.o
                0x0000000008004564                HAL_NVIC_SetPriorityGrouping
 .text.HAL_NVIC_SetPriority
                0x000000000800457a       0x34 ./Drivers/STM32G4xx_HAL_Driver/Src/stm32g4xx_hal_cortex.o
                0x000000000800457a                HAL_NVIC_SetPriority
 .text.HAL_NVIC_EnableIRQ
                0x00000000080045ae       0x1c ./Drivers/STM32G4xx_HAL_Driver/Src/stm32g4xx_hal_cortex.o
                0x00000000080045ae                HAL_NVIC_EnableIRQ
 .text.HAL_SYSTICK_Config
                0x00000000080045ca       0x18 ./Drivers/STM32G4xx_HAL_Driver/Src/stm32g4xx_hal_cortex.o
                0x00000000080045ca                HAL_SYSTICK_Config
 *fill*         0x00000000080045e2        0x2 
 .text.HAL_DMA_Init
                0x00000000080045e4      0x150 ./Drivers/STM32G4xx_HAL_Driver/Src/stm32g4xx_hal_dma.o
                0x00000000080045e4                HAL_DMA_Init
 .text.HAL_DMA_Start_IT
                0x0000000008004734       0xf6 ./Drivers/STM32G4xx_HAL_Driver/Src/stm32g4xx_hal_dma.o
                0x0000000008004734                HAL_DMA_Start_IT
 .text.HAL_DMA_IRQHandler
                0x000000000800482a      0x15e ./Drivers/STM32G4xx_HAL_Driver/Src/stm32g4xx_hal_dma.o
                0x000000000800482a                HAL_DMA_IRQHandler
 .text.DMA_SetConfig
                0x0000000008004988       0x7c ./Drivers/STM32G4xx_HAL_Driver/Src/stm32g4xx_hal_dma.o
 .text.DMA_CalcDMAMUXChannelBaseAndMask
                0x0000000008004a04       0x7c ./Drivers/STM32G4xx_HAL_Driver/Src/stm32g4xx_hal_dma.o
 .text.DMA_CalcDMAMUXRequestGenBaseAndMask
                0x0000000008004a80       0x48 ./Drivers/STM32G4xx_HAL_Driver/Src/stm32g4xx_hal_dma.o
 .text.HAL_GPIO_Init
                0x0000000008004ac8      0x304 ./Drivers/STM32G4xx_HAL_Driver/Src/stm32g4xx_hal_gpio.o
                0x0000000008004ac8                HAL_GPIO_Init
 .text.HAL_GPIO_ReadPin
                0x0000000008004dcc       0x30 ./Drivers/STM32G4xx_HAL_Driver/Src/stm32g4xx_hal_gpio.o
                0x0000000008004dcc                HAL_GPIO_ReadPin
 .text.HAL_GPIO_WritePin
                0x0000000008004dfc       0x30 ./Drivers/STM32G4xx_HAL_Driver/Src/stm32g4xx_hal_gpio.o
                0x0000000008004dfc                HAL_GPIO_WritePin
 .text.HAL_GPIO_TogglePin
                0x0000000008004e2c       0x34 ./Drivers/STM32G4xx_HAL_Driver/Src/stm32g4xx_hal_gpio.o
                0x0000000008004e2c                HAL_GPIO_TogglePin
 .text.HAL_GPIO_EXTI_IRQHandler
                0x0000000008004e60       0x30 ./Drivers/STM32G4xx_HAL_Driver/Src/stm32g4xx_hal_gpio.o
                0x0000000008004e60                HAL_GPIO_EXTI_IRQHandler
 .text.HAL_PWR_PVDCallback
                0x0000000008004e90        0xe ./Drivers/STM32G4xx_HAL_Driver/Src/stm32g4xx_hal_pwr.o
                0x0000000008004e90                HAL_PWR_PVDCallback
 *fill*         0x0000000008004e9e        0x2 
 .text.HAL_PWREx_ControlVoltageScaling
                0x0000000008004ea0      0x148 ./Drivers/STM32G4xx_HAL_Driver/Src/stm32g4xx_hal_pwr_ex.o
                0x0000000008004ea0                HAL_PWREx_ControlVoltageScaling
 .text.HAL_PWREx_PVD_PVM_IRQHandler
                0x0000000008004fe8       0x7c ./Drivers/STM32G4xx_HAL_Driver/Src/stm32g4xx_hal_pwr_ex.o
                0x0000000008004fe8                HAL_PWREx_PVD_PVM_IRQHandler
 .text.HAL_PWREx_PVM1Callback
                0x0000000008005064        0xe ./Drivers/STM32G4xx_HAL_Driver/Src/stm32g4xx_hal_pwr_ex.o
                0x0000000008005064                HAL_PWREx_PVM1Callback
 .text.HAL_PWREx_PVM2Callback
                0x0000000008005072        0xe ./Drivers/STM32G4xx_HAL_Driver/Src/stm32g4xx_hal_pwr_ex.o
                0x0000000008005072                HAL_PWREx_PVM2Callback
 .text.HAL_PWREx_PVM3Callback
                0x0000000008005080        0xe ./Drivers/STM32G4xx_HAL_Driver/Src/stm32g4xx_hal_pwr_ex.o
                0x0000000008005080                HAL_PWREx_PVM3Callback
 .text.HAL_PWREx_PVM4Callback
                0x000000000800508e        0xe ./Drivers/STM32G4xx_HAL_Driver/Src/stm32g4xx_hal_pwr_ex.o
                0x000000000800508e                HAL_PWREx_PVM4Callback
 .text.HAL_PWREx_DisableUCPDDeadBattery
                0x000000000800509c       0x20 ./Drivers/STM32G4xx_HAL_Driver/Src/stm32g4xx_hal_pwr_ex.o
                0x000000000800509c                HAL_PWREx_DisableUCPDDeadBattery
 .text.HAL_RCC_OscConfig
                0x00000000080050bc      0x630 ./Drivers/STM32G4xx_HAL_Driver/Src/stm32g4xx_hal_rcc.o
                0x00000000080050bc                HAL_RCC_OscConfig
 .text.HAL_RCC_ClockConfig
                0x00000000080056ec      0x278 ./Drivers/STM32G4xx_HAL_Driver/Src/stm32g4xx_hal_rcc.o
                0x00000000080056ec                HAL_RCC_ClockConfig
 .text.HAL_RCC_GetSysClockFreq
                0x0000000008005964       0xc4 ./Drivers/STM32G4xx_HAL_Driver/Src/stm32g4xx_hal_rcc.o
                0x0000000008005964                HAL_RCC_GetSysClockFreq
 .text.HAL_RCC_GetHCLKFreq
                0x0000000008005a28       0x18 ./Drivers/STM32G4xx_HAL_Driver/Src/stm32g4xx_hal_rcc.o
                0x0000000008005a28                HAL_RCC_GetHCLKFreq
 .text.HAL_RCC_GetPCLK1Freq
                0x0000000008005a40       0x2c ./Drivers/STM32G4xx_HAL_Driver/Src/stm32g4xx_hal_rcc.o
                0x0000000008005a40                HAL_RCC_GetPCLK1Freq
 .text.HAL_RCC_GetPCLK2Freq
                0x0000000008005a6c       0x2c ./Drivers/STM32G4xx_HAL_Driver/Src/stm32g4xx_hal_rcc.o
                0x0000000008005a6c                HAL_RCC_GetPCLK2Freq
 .text.RCC_GetSysClockFreqFromPLLSource
                0x0000000008005a98       0x8c ./Drivers/STM32G4xx_HAL_Driver/Src/stm32g4xx_hal_rcc.o
 .text.HAL_RCCEx_PeriphCLKConfig
                0x0000000008005b24      0x3e0 ./Drivers/STM32G4xx_HAL_Driver/Src/stm32g4xx_hal_rcc_ex.o
                0x0000000008005b24                HAL_RCCEx_PeriphCLKConfig
 .text.HAL_SPI_Init
                0x0000000008005f04      0x156 ./Drivers/STM32G4xx_HAL_Driver/Src/stm32g4xx_hal_spi.o
                0x0000000008005f04                HAL_SPI_Init
 *fill*         0x000000000800605a        0x2 
 .text.HAL_SPI_Receive_DMA
                0x000000000800605c      0x248 ./Drivers/STM32G4xx_HAL_Driver/Src/stm32g4xx_hal_spi.o
                0x000000000800605c                HAL_SPI_Receive_DMA
 .text.HAL_SPI_TransmitReceive_DMA
                0x00000000080062a4      0x318 ./Drivers/STM32G4xx_HAL_Driver/Src/stm32g4xx_hal_spi.o
                0x00000000080062a4                HAL_SPI_TransmitReceive_DMA
 .text.HAL_SPI_TxRxCpltCallback
                0x00000000080065bc       0x14 ./Drivers/STM32G4xx_HAL_Driver/Src/stm32g4xx_hal_spi.o
                0x00000000080065bc                HAL_SPI_TxRxCpltCallback
 .text.HAL_SPI_RxHalfCpltCallback
                0x00000000080065d0       0x14 ./Drivers/STM32G4xx_HAL_Driver/Src/stm32g4xx_hal_spi.o
                0x00000000080065d0                HAL_SPI_RxHalfCpltCallback
 .text.HAL_SPI_TxRxHalfCpltCallback
                0x00000000080065e4       0x14 ./Drivers/STM32G4xx_HAL_Driver/Src/stm32g4xx_hal_spi.o
                0x00000000080065e4                HAL_SPI_TxRxHalfCpltCallback
 .text.HAL_SPI_ErrorCallback
                0x00000000080065f8       0x14 ./Drivers/STM32G4xx_HAL_Driver/Src/stm32g4xx_hal_spi.o
                0x00000000080065f8                HAL_SPI_ErrorCallback
 .text.SPI_DMAReceiveCplt
                0x000000000800660c       0xa8 ./Drivers/STM32G4xx_HAL_Driver/Src/stm32g4xx_hal_spi.o
 .text.SPI_DMATransmitReceiveCplt
                0x00000000080066b4       0x90 ./Drivers/STM32G4xx_HAL_Driver/Src/stm32g4xx_hal_spi.o
 .text.SPI_DMAHalfReceiveCplt
                0x0000000008006744       0x1c ./Drivers/STM32G4xx_HAL_Driver/Src/stm32g4xx_hal_spi.o
 .text.SPI_DMAHalfTransmitReceiveCplt
                0x0000000008006760       0x1c ./Drivers/STM32G4xx_HAL_Driver/Src/stm32g4xx_hal_spi.o
 .text.SPI_DMAError
                0x000000000800677c       0x40 ./Drivers/STM32G4xx_HAL_Driver/Src/stm32g4xx_hal_spi.o
 .text.SPI_WaitFlagStateUntilTimeout
                0x00000000080067bc      0x110 ./Drivers/STM32G4xx_HAL_Driver/Src/stm32g4xx_hal_spi.o
 .text.SPI_WaitFifoStateUntilTimeout
                0x00000000080068cc      0x12c ./Drivers/STM32G4xx_HAL_Driver/Src/stm32g4xx_hal_spi.o
 .text.SPI_EndRxTransaction
                0x00000000080069f8       0xb0 ./Drivers/STM32G4xx_HAL_Driver/Src/stm32g4xx_hal_spi.o
 .text.SPI_EndRxTxTransaction
                0x0000000008006aa8       0x8c ./Drivers/STM32G4xx_HAL_Driver/Src/stm32g4xx_hal_spi.o
 .text.HAL_TIM_Base_Init
                0x0000000008006b34       0xae ./Drivers/STM32G4xx_HAL_Driver/Src/stm32g4xx_hal_tim.o
                0x0000000008006b34                HAL_TIM_Base_Init
 *fill*         0x0000000008006be2        0x2 
 .text.HAL_TIM_Base_Start_IT
                0x0000000008006be4       0xd4 ./Drivers/STM32G4xx_HAL_Driver/Src/stm32g4xx_hal_tim.o
                0x0000000008006be4                HAL_TIM_Base_Start_IT
 .text.HAL_TIM_PWM_Init
                0x0000000008006cb8       0xae ./Drivers/STM32G4xx_HAL_Driver/Src/stm32g4xx_hal_tim.o
                0x0000000008006cb8                HAL_TIM_PWM_Init
 .text.HAL_TIM_PWM_MspInit
                0x0000000008006d66       0x14 ./Drivers/STM32G4xx_HAL_Driver/Src/stm32g4xx_hal_tim.o
                0x0000000008006d66                HAL_TIM_PWM_MspInit
 *fill*         0x0000000008006d7a        0x2 
 .text.HAL_TIM_PWM_Start
                0x0000000008006d7c      0x200 ./Drivers/STM32G4xx_HAL_Driver/Src/stm32g4xx_hal_tim.o
                0x0000000008006d7c                HAL_TIM_PWM_Start
 .text.HAL_TIM_IC_Init
                0x0000000008006f7c       0xae ./Drivers/STM32G4xx_HAL_Driver/Src/stm32g4xx_hal_tim.o
                0x0000000008006f7c                HAL_TIM_IC_Init
 .text.HAL_TIM_IC_MspInit
                0x000000000800702a       0x14 ./Drivers/STM32G4xx_HAL_Driver/Src/stm32g4xx_hal_tim.o
                0x000000000800702a                HAL_TIM_IC_MspInit
 *fill*         0x000000000800703e        0x2 
 .text.HAL_TIM_IC_Start_IT
                0x0000000008007040      0x284 ./Drivers/STM32G4xx_HAL_Driver/Src/stm32g4xx_hal_tim.o
                0x0000000008007040                HAL_TIM_IC_Start_IT
 .text.HAL_TIM_IRQHandler
                0x00000000080072c4      0x2fe ./Drivers/STM32G4xx_HAL_Driver/Src/stm32g4xx_hal_tim.o
                0x00000000080072c4                HAL_TIM_IRQHandler
 .text.HAL_TIM_IC_ConfigChannel
                0x00000000080075c2      0x138 ./Drivers/STM32G4xx_HAL_Driver/Src/stm32g4xx_hal_tim.o
                0x00000000080075c2                HAL_TIM_IC_ConfigChannel
 *fill*         0x00000000080076fa        0x2 
 .text.HAL_TIM_PWM_ConfigChannel
                0x00000000080076fc      0x228 ./Drivers/STM32G4xx_HAL_Driver/Src/stm32g4xx_hal_tim.o
                0x00000000080076fc                HAL_TIM_PWM_ConfigChannel
 .text.HAL_TIM_ConfigClockSource
                0x0000000008007924      0x1f4 ./Drivers/STM32G4xx_HAL_Driver/Src/stm32g4xx_hal_tim.o
                0x0000000008007924                HAL_TIM_ConfigClockSource
 .text.HAL_TIM_ReadCapturedValue
                0x0000000008007b18       0x88 ./Drivers/STM32G4xx_HAL_Driver/Src/stm32g4xx_hal_tim.o
                0x0000000008007b18                HAL_TIM_ReadCapturedValue
 .text.HAL_TIM_OC_DelayElapsedCallback
                0x0000000008007ba0       0x14 ./Drivers/STM32G4xx_HAL_Driver/Src/stm32g4xx_hal_tim.o
                0x0000000008007ba0                HAL_TIM_OC_DelayElapsedCallback
 .text.HAL_TIM_PWM_PulseFinishedCallback
                0x0000000008007bb4       0x14 ./Drivers/STM32G4xx_HAL_Driver/Src/stm32g4xx_hal_tim.o
                0x0000000008007bb4                HAL_TIM_PWM_PulseFinishedCallback
 .text.HAL_TIM_TriggerCallback
                0x0000000008007bc8       0x14 ./Drivers/STM32G4xx_HAL_Driver/Src/stm32g4xx_hal_tim.o
                0x0000000008007bc8                HAL_TIM_TriggerCallback
 .text.TIM_Base_SetConfig
                0x0000000008007bdc      0x120 ./Drivers/STM32G4xx_HAL_Driver/Src/stm32g4xx_hal_tim.o
                0x0000000008007bdc                TIM_Base_SetConfig
 .text.TIM_OC1_SetConfig
                0x0000000008007cfc      0x120 ./Drivers/STM32G4xx_HAL_Driver/Src/stm32g4xx_hal_tim.o
 .text.TIM_OC2_SetConfig
                0x0000000008007e1c      0x114 ./Drivers/STM32G4xx_HAL_Driver/Src/stm32g4xx_hal_tim.o
                0x0000000008007e1c                TIM_OC2_SetConfig
 .text.TIM_OC3_SetConfig
                0x0000000008007f30      0x110 ./Drivers/STM32G4xx_HAL_Driver/Src/stm32g4xx_hal_tim.o
 .text.TIM_OC4_SetConfig
                0x0000000008008040      0x114 ./Drivers/STM32G4xx_HAL_Driver/Src/stm32g4xx_hal_tim.o
 .text.TIM_OC5_SetConfig
                0x0000000008008154       0xc8 ./Drivers/STM32G4xx_HAL_Driver/Src/stm32g4xx_hal_tim.o
 .text.TIM_OC6_SetConfig
                0x000000000800821c       0xcc ./Drivers/STM32G4xx_HAL_Driver/Src/stm32g4xx_hal_tim.o
 .text.TIM_TI1_SetConfig
                0x00000000080082e8       0xd0 ./Drivers/STM32G4xx_HAL_Driver/Src/stm32g4xx_hal_tim.o
                0x00000000080082e8                TIM_TI1_SetConfig
 .text.TIM_TI1_ConfigInputStage
                0x00000000080083b8       0x5e ./Drivers/STM32G4xx_HAL_Driver/Src/stm32g4xx_hal_tim.o
 .text.TIM_TI2_SetConfig
                0x0000000008008416       0x7a ./Drivers/STM32G4xx_HAL_Driver/Src/stm32g4xx_hal_tim.o
 .text.TIM_TI2_ConfigInputStage
                0x0000000008008490       0x60 ./Drivers/STM32G4xx_HAL_Driver/Src/stm32g4xx_hal_tim.o
 .text.TIM_TI3_SetConfig
                0x00000000080084f0       0x78 ./Drivers/STM32G4xx_HAL_Driver/Src/stm32g4xx_hal_tim.o
 .text.TIM_TI4_SetConfig
                0x0000000008008568       0x7a ./Drivers/STM32G4xx_HAL_Driver/Src/stm32g4xx_hal_tim.o
 .text.TIM_ITRx_SetConfig
                0x00000000080085e2       0x3a ./Drivers/STM32G4xx_HAL_Driver/Src/stm32g4xx_hal_tim.o
 .text.TIM_ETR_SetConfig
                0x000000000800861c       0x40 ./Drivers/STM32G4xx_HAL_Driver/Src/stm32g4xx_hal_tim.o
                0x000000000800861c                TIM_ETR_SetConfig
 .text.TIM_CCxChannelCmd
                0x000000000800865c       0x4a ./Drivers/STM32G4xx_HAL_Driver/Src/stm32g4xx_hal_tim.o
                0x000000000800865c                TIM_CCxChannelCmd
 *fill*         0x00000000080086a6        0x2 
 .text.HAL_TIMEx_PWMN_Start
                0x00000000080086a8      0x168 ./Drivers/STM32G4xx_HAL_Driver/Src/stm32g4xx_hal_tim_ex.o
                0x00000000080086a8                HAL_TIMEx_PWMN_Start
 .text.HAL_TIMEx_MasterConfigSynchronization
                0x0000000008008810      0x104 ./Drivers/STM32G4xx_HAL_Driver/Src/stm32g4xx_hal_tim_ex.o
                0x0000000008008810                HAL_TIMEx_MasterConfigSynchronization
 .text.HAL_TIMEx_ConfigBreakDeadTime
                0x0000000008008914      0x140 ./Drivers/STM32G4xx_HAL_Driver/Src/stm32g4xx_hal_tim_ex.o
                0x0000000008008914                HAL_TIMEx_ConfigBreakDeadTime
 .text.HAL_TIMEx_CommutCallback
                0x0000000008008a54       0x14 ./Drivers/STM32G4xx_HAL_Driver/Src/stm32g4xx_hal_tim_ex.o
                0x0000000008008a54                HAL_TIMEx_CommutCallback
 .text.HAL_TIMEx_BreakCallback
                0x0000000008008a68       0x14 ./Drivers/STM32G4xx_HAL_Driver/Src/stm32g4xx_hal_tim_ex.o
                0x0000000008008a68                HAL_TIMEx_BreakCallback
 .text.HAL_TIMEx_Break2Callback
                0x0000000008008a7c       0x14 ./Drivers/STM32G4xx_HAL_Driver/Src/stm32g4xx_hal_tim_ex.o
                0x0000000008008a7c                HAL_TIMEx_Break2Callback
 .text.HAL_TIMEx_EncoderIndexCallback
                0x0000000008008a90       0x14 ./Drivers/STM32G4xx_HAL_Driver/Src/stm32g4xx_hal_tim_ex.o
                0x0000000008008a90                HAL_TIMEx_EncoderIndexCallback
 .text.HAL_TIMEx_DirectionChangeCallback
                0x0000000008008aa4       0x14 ./Drivers/STM32G4xx_HAL_Driver/Src/stm32g4xx_hal_tim_ex.o
                0x0000000008008aa4                HAL_TIMEx_DirectionChangeCallback
 .text.HAL_TIMEx_IndexErrorCallback
                0x0000000008008ab8       0x14 ./Drivers/STM32G4xx_HAL_Driver/Src/stm32g4xx_hal_tim_ex.o
                0x0000000008008ab8                HAL_TIMEx_IndexErrorCallback
 .text.HAL_TIMEx_TransitionErrorCallback
                0x0000000008008acc       0x14 ./Drivers/STM32G4xx_HAL_Driver/Src/stm32g4xx_hal_tim_ex.o
                0x0000000008008acc                HAL_TIMEx_TransitionErrorCallback
 .text.TIM_CCxNChannelCmd
                0x0000000008008ae0       0x4a ./Drivers/STM32G4xx_HAL_Driver/Src/stm32g4xx_hal_tim_ex.o
 *fill*         0x0000000008008b2a        0x2 
 .text.UART_SetConfig
                0x0000000008008b2c      0x598 ./Drivers/STM32G4xx_HAL_Driver/Src/stm32g4xx_hal_uart.o
                0x0000000008008b2c                UART_SetConfig
 .text.UART_AdvFeatureConfig
                0x00000000080090c4      0x144 ./Drivers/STM32G4xx_HAL_Driver/Src/stm32g4xx_hal_uart.o
                0x00000000080090c4                UART_AdvFeatureConfig
 .text.UART_CheckIdleState
                0x0000000008009208       0x96 ./Drivers/STM32G4xx_HAL_Driver/Src/stm32g4xx_hal_uart.o
                0x0000000008009208                UART_CheckIdleState
 .text.UART_WaitOnFlagUntilTimeout
                0x000000000800929e      0x190 ./Drivers/STM32G4xx_HAL_Driver/Src/stm32g4xx_hal_uart.o
                0x000000000800929e                UART_WaitOnFlagUntilTimeout
 .text.HAL_RS485Ex_Init
                0x000000000800942e       0xd2 ./Drivers/STM32G4xx_HAL_Driver/Src/stm32g4xx_hal_uart_ex.o
                0x000000000800942e                HAL_RS485Ex_Init
 .text.HAL_UARTEx_DisableFifoMode
                0x0000000008009500       0x72 ./Drivers/STM32G4xx_HAL_Driver/Src/stm32g4xx_hal_uart_ex.o
                0x0000000008009500                HAL_UARTEx_DisableFifoMode
 .text.HAL_UARTEx_SetTxFifoThreshold
                0x0000000008009572       0x7c ./Drivers/STM32G4xx_HAL_Driver/Src/stm32g4xx_hal_uart_ex.o
                0x0000000008009572                HAL_UARTEx_SetTxFifoThreshold
 .text.HAL_UARTEx_SetRxFifoThreshold
                0x00000000080095ee       0x7c ./Drivers/STM32G4xx_HAL_Driver/Src/stm32g4xx_hal_uart_ex.o
                0x00000000080095ee                HAL_UARTEx_SetRxFifoThreshold
 *fill*         0x000000000800966a        0x2 
 .text.UARTEx_SetNbDataToProcess
                0x000000000800966c       0x9c ./Drivers/STM32G4xx_HAL_Driver/Src/stm32g4xx_hal_uart_ex.o
 .text.Init_MAX31855
                0x0000000008009708       0x4c ./UserLib/Src/MAX31855.o
                0x0000000008009708                Init_MAX31855
 .text.InitAquisition_MAX31855
                0x0000000008009754       0x20 ./UserLib/Src/MAX31855.o
                0x0000000008009754                InitAquisition_MAX31855
 *fill*         0x0000000008009774        0x4 
 .text.HandlerAquisition_MAX31855
                0x0000000008009778       0xd4 ./UserLib/Src/MAX31855.o
                0x0000000008009778                HandlerAquisition_MAX31855
 .text.HAL_SPI_RxCpltCallback
                0x000000000800984c       0x80 ./UserLib/Src/MAX31855.o
                0x000000000800984c                HAL_SPI_RxCpltCallback
 .text.Handler_MAX31855
                0x00000000080098cc      0x180 ./UserLib/Src/MAX31855.o
                0x00000000080098cc                Handler_MAX31855
 .text.InterruptControl_MAX31855
                0x0000000008009a4c       0x68 ./UserLib/Src/MAX31855.o
                0x0000000008009a4c                InterruptControl_MAX31855
 .text.memset   0x0000000008009ab4       0x10 C:/ST/STM32CubeIDE_1.13.1/STM32CubeIDE/plugins/com.st.stm32cube.ide.mcu.externaltools.gnu-tools-for-stm32.11.3.rel1.win32_1.1.0.202305231506/tools/bin/../lib/gcc/arm-none-eabi/11.3.1/../../../../arm-none-eabi/lib/thumb/v7e-m+fp/hard\libc_nano.a(libc_a-memset.o)
                0x0000000008009ab4                memset
 .text.__libc_init_array
                0x0000000008009ac4       0x48 C:/ST/STM32CubeIDE_1.13.1/STM32CubeIDE/plugins/com.st.stm32cube.ide.mcu.externaltools.gnu-tools-for-stm32.11.3.rel1.win32_1.1.0.202305231506/tools/bin/../lib/gcc/arm-none-eabi/11.3.1/../../../../arm-none-eabi/lib/thumb/v7e-m+fp/hard\libc_nano.a(libc_a-init.o)
                0x0000000008009ac4                __libc_init_array
 .text.memcpy   0x0000000008009b0c       0x1c C:/ST/STM32CubeIDE_1.13.1/STM32CubeIDE/plugins/com.st.stm32cube.ide.mcu.externaltools.gnu-tools-for-stm32.11.3.rel1.win32_1.1.0.202305231506/tools/bin/../lib/gcc/arm-none-eabi/11.3.1/../../../../arm-none-eabi/lib/thumb/v7e-m+fp/hard\libc_nano.a(libc_a-memcpy-stub.o)
                0x0000000008009b0c                memcpy
 *(.glue_7)
 .glue_7        0x0000000008009b28        0x0 linker stubs
 *(.glue_7t)
 .glue_7t       0x0000000008009b28        0x0 linker stubs
 *(.eh_frame)
 .eh_frame      0x0000000008009b28        0x0 C:/ST/STM32CubeIDE_1.13.1/STM32CubeIDE/plugins/com.st.stm32cube.ide.mcu.externaltools.gnu-tools-for-stm32.11.3.rel1.win32_1.1.0.202305231506/tools/bin/../lib/gcc/arm-none-eabi/11.3.1/thumb/v7e-m+fp/hard/crtbegin.o
 *(.init)
 .init          0x0000000008009b28        0x4 C:/ST/STM32CubeIDE_1.13.1/STM32CubeIDE/plugins/com.st.stm32cube.ide.mcu.externaltools.gnu-tools-for-stm32.11.3.rel1.win32_1.1.0.202305231506/tools/bin/../lib/gcc/arm-none-eabi/11.3.1/thumb/v7e-m+fp/hard/crti.o
                0x0000000008009b28                _init
 .init          0x0000000008009b2c        0x8 C:/ST/STM32CubeIDE_1.13.1/STM32CubeIDE/plugins/com.st.stm32cube.ide.mcu.externaltools.gnu-tools-for-stm32.11.3.rel1.win32_1.1.0.202305231506/tools/bin/../lib/gcc/arm-none-eabi/11.3.1/thumb/v7e-m+fp/hard/crtn.o
 *(.fini)
 .fini          0x0000000008009b34        0x4 C:/ST/STM32CubeIDE_1.13.1/STM32CubeIDE/plugins/com.st.stm32cube.ide.mcu.externaltools.gnu-tools-for-stm32.11.3.rel1.win32_1.1.0.202305231506/tools/bin/../lib/gcc/arm-none-eabi/11.3.1/thumb/v7e-m+fp/hard/crti.o
                0x0000000008009b34                _fini
 .fini          0x0000000008009b38        0x8 C:/ST/STM32CubeIDE_1.13.1/STM32CubeIDE/plugins/com.st.stm32cube.ide.mcu.externaltools.gnu-tools-for-stm32.11.3.rel1.win32_1.1.0.202305231506/tools/bin/../lib/gcc/arm-none-eabi/11.3.1/thumb/v7e-m+fp/hard/crtn.o
                0x0000000008009b40                . = ALIGN (0x4)
                0x0000000008009b40                _etext = .

.vfp11_veneer   0x0000000008009b40        0x0
 .vfp11_veneer  0x0000000008009b40        0x0 linker stubs

.v4_bx          0x0000000008009b40        0x0
 .v4_bx         0x0000000008009b40        0x0 linker stubs

.iplt           0x0000000008009b40        0x0
 .iplt          0x0000000008009b40        0x0 C:/ST/STM32CubeIDE_1.13.1/STM32CubeIDE/plugins/com.st.stm32cube.ide.mcu.externaltools.gnu-tools-for-stm32.11.3.rel1.win32_1.1.0.202305231506/tools/bin/../lib/gcc/arm-none-eabi/11.3.1/thumb/v7e-m+fp/hard/crtbegin.o

.rodata         0x0000000008009b40       0x40
                0x0000000008009b40                . = ALIGN (0x4)
 *(.rodata)
 *(.rodata*)
 .rodata.AHBPrescTable
                0x0000000008009b40       0x10 ./Core/Src/system_stm32g4xx.o
                0x0000000008009b40                AHBPrescTable
 .rodata.APBPrescTable
                0x0000000008009b50        0x8 ./Core/Src/system_stm32g4xx.o
                0x0000000008009b50                APBPrescTable
 .rodata.UARTPrescTable
                0x0000000008009b58       0x18 ./Drivers/STM32G4xx_HAL_Driver/Src/stm32g4xx_hal_uart.o
                0x0000000008009b58                UARTPrescTable
 .rodata.numerator.1
                0x0000000008009b70        0x8 ./Drivers/STM32G4xx_HAL_Driver/Src/stm32g4xx_hal_uart_ex.o
 .rodata.denominator.0
                0x0000000008009b78        0x8 ./Drivers/STM32G4xx_HAL_Driver/Src/stm32g4xx_hal_uart_ex.o
                0x0000000008009b80                . = ALIGN (0x4)

.ARM.extab      0x0000000008009b80        0x0
                0x0000000008009b80                . = ALIGN (0x4)
 *(.ARM.extab* .gnu.linkonce.armextab.*)
                0x0000000008009b80                . = ALIGN (0x4)

.ARM            0x0000000008009b80        0x8
                0x0000000008009b80                . = ALIGN (0x4)
                0x0000000008009b80                __exidx_start = .
 *(.ARM.exidx*)
 .ARM.exidx     0x0000000008009b80        0x8 C:/ST/STM32CubeIDE_1.13.1/STM32CubeIDE/plugins/com.st.stm32cube.ide.mcu.externaltools.gnu-tools-for-stm32.11.3.rel1.win32_1.1.0.202305231506/tools/bin/../lib/gcc/arm-none-eabi/11.3.1/thumb/v7e-m+fp/hard\libgcc.a(_udivmoddi4.o)
                0x0000000008009b88                __exidx_end = .
                0x0000000008009b88                . = ALIGN (0x4)

.rel.dyn        0x0000000008009b88        0x0
 .rel.iplt      0x0000000008009b88        0x0 C:/ST/STM32CubeIDE_1.13.1/STM32CubeIDE/plugins/com.st.stm32cube.ide.mcu.externaltools.gnu-tools-for-stm32.11.3.rel1.win32_1.1.0.202305231506/tools/bin/../lib/gcc/arm-none-eabi/11.3.1/thumb/v7e-m+fp/hard/crtbegin.o

.preinit_array  0x0000000008009b88        0x0
                0x0000000008009b88                . = ALIGN (0x4)
                0x0000000008009b88                PROVIDE (__preinit_array_start = .)
 *(.preinit_array*)
                0x0000000008009b88                PROVIDE (__preinit_array_end = .)
                0x0000000008009b88                . = ALIGN (0x4)

.init_array     0x0000000008009b88        0x4
                0x0000000008009b88                . = ALIGN (0x4)
                0x0000000008009b88                PROVIDE (__init_array_start = .)
 *(SORT_BY_NAME(.init_array.*))
 *(.init_array*)
 .init_array    0x0000000008009b88        0x4 C:/ST/STM32CubeIDE_1.13.1/STM32CubeIDE/plugins/com.st.stm32cube.ide.mcu.externaltools.gnu-tools-for-stm32.11.3.rel1.win32_1.1.0.202305231506/tools/bin/../lib/gcc/arm-none-eabi/11.3.1/thumb/v7e-m+fp/hard/crtbegin.o
                0x0000000008009b8c                PROVIDE (__init_array_end = .)
                0x0000000008009b8c                . = ALIGN (0x4)

.fini_array     0x0000000008009b8c        0x4
                0x0000000008009b8c                . = ALIGN (0x4)
                [!provide]                        PROVIDE (__fini_array_start = .)
 *(SORT_BY_NAME(.fini_array.*))
 *(.fini_array*)
 .fini_array    0x0000000008009b8c        0x4 C:/ST/STM32CubeIDE_1.13.1/STM32CubeIDE/plugins/com.st.stm32cube.ide.mcu.externaltools.gnu-tools-for-stm32.11.3.rel1.win32_1.1.0.202305231506/tools/bin/../lib/gcc/arm-none-eabi/11.3.1/thumb/v7e-m+fp/hard/crtbegin.o
                [!provide]                        PROVIDE (__fini_array_end = .)
                0x0000000008009b90                . = ALIGN (0x4)
                0x0000000008009b90                _sidata = LOADADDR (.data)

.data           0x0000000020000000        0xc load address 0x0000000008009b90
                0x0000000020000000                . = ALIGN (0x4)
                0x0000000020000000                _sdata = .
 *(.data)
 *(.data*)
 .data.SystemCoreClock
                0x0000000020000000        0x4 ./Core/Src/system_stm32g4xx.o
                0x0000000020000000                SystemCoreClock
 .data.uwTickPrio
                0x0000000020000004        0x4 ./Drivers/STM32G4xx_HAL_Driver/Src/stm32g4xx_hal.o
                0x0000000020000004                uwTickPrio
 .data.uwTickFreq
                0x0000000020000008        0x4 ./Drivers/STM32G4xx_HAL_Driver/Src/stm32g4xx_hal.o
                0x0000000020000008                uwTickFreq
 *(.RamFunc)
 *(.RamFunc*)
                0x000000002000000c                . = ALIGN (0x4)
                0x000000002000000c                _edata = .

.igot.plt       0x000000002000000c        0x0 load address 0x0000000008009b9c
 .igot.plt      0x000000002000000c        0x0 C:/ST/STM32CubeIDE_1.13.1/STM32CubeIDE/plugins/com.st.stm32cube.ide.mcu.externaltools.gnu-tools-for-stm32.11.3.rel1.win32_1.1.0.202305231506/tools/bin/../lib/gcc/arm-none-eabi/11.3.1/thumb/v7e-m+fp/hard/crtbegin.o
                0x000000002000000c                . = ALIGN (0x4)

.bss            0x000000002000000c      0xe94 load address 0x0000000008009b9c
                0x000000002000000c                _sbss = .
                0x000000002000000c                __bss_start__ = _sbss
 *(.bss)
 .bss           0x000000002000000c       0x1c C:/ST/STM32CubeIDE_1.13.1/STM32CubeIDE/plugins/com.st.stm32cube.ide.mcu.externaltools.gnu-tools-for-stm32.11.3.rel1.win32_1.1.0.202305231506/tools/bin/../lib/gcc/arm-none-eabi/11.3.1/thumb/v7e-m+fp/hard/crtbegin.o
 *(.bss*)
 .bss.sFlagsErrors
                0x0000000020000028        0x4 ./Core/Src/main.o
                0x0000000020000028                sFlagsErrors
 .bss.sStatusPower
                0x000000002000002c        0xc ./Core/Src/main.o
                0x000000002000002c                sStatusPower
 .bss.hadc1     0x0000000020000038       0x6c ./Core/Src/main.o
                0x0000000020000038                hadc1
 .bss.hadc2     0x00000000200000a4       0x6c ./Core/Src/main.o
                0x00000000200000a4                hadc2
 .bss.hdma_adc1
                0x0000000020000110       0x60 ./Core/Src/main.o
                0x0000000020000110                hdma_adc1
 .bss.hdma_adc2
                0x0000000020000170       0x60 ./Core/Src/main.o
                0x0000000020000170                hdma_adc2
 .bss.hspi1     0x00000000200001d0       0x64 ./Core/Src/main.o
                0x00000000200001d0                hspi1
 .bss.hdma_spi1_rx
                0x0000000020000234       0x60 ./Core/Src/main.o
                0x0000000020000234                hdma_spi1_rx
 .bss.htim1     0x0000000020000294       0x4c ./Core/Src/main.o
                0x0000000020000294                htim1
 .bss.htim2     0x00000000200002e0       0x4c ./Core/Src/main.o
                0x00000000200002e0                htim2
 .bss.htim8     0x000000002000032c       0x4c ./Core/Src/main.o
                0x000000002000032c                htim8
 .bss.htim15    0x0000000020000378       0x4c ./Core/Src/main.o
                0x0000000020000378                htim15
 .bss.htim16    0x00000000200003c4       0x4c ./Core/Src/main.o
                0x00000000200003c4                htim16
 .bss.huart2    0x0000000020000410       0x90 ./Core/Src/main.o
                0x0000000020000410                huart2
 .bss.Adc1Val   0x00000000200004a0        0x8 ./Core/Src/main.o
                0x00000000200004a0                Adc1Val
 .bss.Adc2Val   0x00000000200004a8        0xc ./Core/Src/main.o
                0x00000000200004a8                Adc2Val
 .bss.AdValuePD
                0x00000000200004b4       0x14 ./Core/Src/main.o
                0x00000000200004b4                AdValuePD
 .bss.AdValueVBUS
                0x00000000200004c8        0x2 ./Core/Src/main.o
                0x00000000200004c8                AdValueVBUS
 *fill*         0x00000000200004ca        0x2 
 .bss.AdValueNTC
                0x00000000200004cc      0x7d0 ./Core/Src/main.o
                0x00000000200004cc                AdValueNTC
 .bss.ValuePD   0x0000000020000c9c        0x2 ./Core/Src/main.o
                0x0000000020000c9c                ValuePD
 .bss.ValueVBUS
                0x0000000020000c9e        0x2 ./Core/Src/main.o
                0x0000000020000c9e                ValueVBUS
 .bss.CntTimeoutPD
                0x0000000020000ca0        0x2 ./Core/Src/main.o
                0x0000000020000ca0                CntTimeoutPD
 .bss.CntTimeoutOvervoltage
                0x0000000020000ca2        0x2 ./Core/Src/main.o
                0x0000000020000ca2                CntTimeoutOvervoltage
 .bss.CntTimeoutUndervoltage
                0x0000000020000ca4        0x2 ./Core/Src/main.o
                0x0000000020000ca4                CntTimeoutUndervoltage
 .bss.CntAdValuePD
                0x0000000020000ca6        0x1 ./Core/Src/main.o
                0x0000000020000ca6                CntAdValuePD
 .bss.CntAdValueVBUS
                0x0000000020000ca7        0x1 ./Core/Src/main.o
                0x0000000020000ca7                CntAdValueVBUS
 .bss.CntAdValueNTC
                0x0000000020000ca8        0x1 ./Core/Src/main.o
                0x0000000020000ca8                CntAdValueNTC
 *fill*         0x0000000020000ca9        0x1 
 .bss.CntStatusLED
                0x0000000020000caa        0x2 ./Core/Src/main.o
                0x0000000020000caa                CntStatusLED
 .bss.CntStatusLEDError
                0x0000000020000cac        0x2 ./Core/Src/main.o
                0x0000000020000cac                CntStatusLEDError
 .bss.Cnt1ms    0x0000000020000cae        0x2 ./Core/Src/main.o
                0x0000000020000cae                Cnt1ms
 .bss.IC_FanPCB_Value1
                0x0000000020000cb0        0x4 ./Core/Src/main.o
                0x0000000020000cb0                IC_FanPCB_Value1
 .bss.IC_Fan1_Value1
                0x0000000020000cb4        0x4 ./Core/Src/main.o
                0x0000000020000cb4                IC_Fan1_Value1
 .bss.IC_FanPCB_Value2
                0x0000000020000cb8        0x4 ./Core/Src/main.o
                0x0000000020000cb8                IC_FanPCB_Value2
 .bss.IC_Fan1_Value2
                0x0000000020000cbc        0x4 ./Core/Src/main.o
                0x0000000020000cbc                IC_Fan1_Value2
 .bss.IC_FanPCB_Difference
                0x0000000020000cc0        0x4 ./Core/Src/main.o
                0x0000000020000cc0                IC_FanPCB_Difference
 .bss.IC_Fan1_Difference
                0x0000000020000cc4        0x4 ./Core/Src/main.o
                0x0000000020000cc4                IC_Fan1_Difference
 .bss.IC_FanPCB_Frequency
                0x0000000020000cc8        0x4 ./Core/Src/main.o
                0x0000000020000cc8                IC_FanPCB_Frequency
 .bss.IC_Fan1_Frequency
                0x0000000020000ccc        0x4 ./Core/Src/main.o
                0x0000000020000ccc                IC_Fan1_Frequency
 .bss.IC_FanPCB_IsFirstCaptured
                0x0000000020000cd0        0x1 ./Core/Src/main.o
                0x0000000020000cd0                IC_FanPCB_IsFirstCaptured
 .bss.IC_Fan1_IsFirstCaptured
                0x0000000020000cd1        0x1 ./Core/Src/main.o
                0x0000000020000cd1                IC_Fan1_IsFirstCaptured
 .bss.IC_FanPCB_OvfTimer
                0x0000000020000cd2        0x2 ./Core/Src/main.o
                0x0000000020000cd2                IC_FanPCB_OvfTimer
 .bss.IC_Fan1_OvfTimer
                0x0000000020000cd4        0x2 ./Core/Src/main.o
                0x0000000020000cd4                IC_Fan1_OvfTimer
 .bss.IC_FanPCB_RPM
                0x0000000020000cd6        0x2 ./Core/Src/main.o
                0x0000000020000cd6                IC_FanPCB_RPM
 .bss.IC_Fan1_RPM
                0x0000000020000cd8        0x2 ./Core/Src/main.o
                0x0000000020000cd8                IC_Fan1_RPM
 .bss.CntFanPCB
                0x0000000020000cda        0x2 ./Core/Src/main.o
                0x0000000020000cda                CntFanPCB
 .bss.CntFan1   0x0000000020000cdc        0x2 ./Core/Src/main.o
                0x0000000020000cdc                CntFan1
 .bss.CntRelayInrush
                0x0000000020000cde        0x2 ./Core/Src/main.o
                0x0000000020000cde                CntRelayInrush
 .bss.HAL_RCC_ADC12_CLK_ENABLED
                0x0000000020000ce0        0x4 ./Core/Src/stm32g4xx_hal_msp.o
 .bss.uwTick    0x0000000020000ce4        0x4 ./Drivers/STM32G4xx_HAL_Driver/Src/stm32g4xx_hal.o
                0x0000000020000ce4                uwTick
 .bss.uData_MAX31855
                0x0000000020000ce8        0x4 ./UserLib/Src/MAX31855.o
                0x0000000020000ce8                uData_MAX31855
 .bss.sManager_MAX31855
                0x0000000020000cec       0xa8 ./UserLib/Src/MAX31855.o
                0x0000000020000cec                sManager_MAX31855
 .bss.sTempManager_MAX31855
                0x0000000020000d94       0xa8 ./UserLib/Src/MAX31855.o
                0x0000000020000d94                sTempManager_MAX31855
 .bss.DataSPI   0x0000000020000e3c       0x50 ./UserLib/Src/MAX31855.o
                0x0000000020000e3c                DataSPI
 .bss.Cnt1ms_MAX31855
                0x0000000020000e8c        0x2 ./UserLib/Src/MAX31855.o
                0x0000000020000e8c                Cnt1ms_MAX31855
 .bss.CntIndexMAX31855
                0x0000000020000e8e        0x2 ./UserLib/Src/MAX31855.o
                0x0000000020000e8e                CntIndexMAX31855
 .bss.GPIO_CS   0x0000000020000e90        0x4 ./UserLib/Src/MAX31855.o
                0x0000000020000e90                GPIO_CS
 .bss.Pin_CS    0x0000000020000e94        0x2 ./UserLib/Src/MAX31855.o
                0x0000000020000e94                Pin_CS
 *fill*         0x0000000020000e96        0x2 
 .bss.Hspi      0x0000000020000e98        0x4 ./UserLib/Src/MAX31855.o
                0x0000000020000e98                Hspi
 .bss.tempDataSPI
                0x0000000020000e9c        0x4 ./UserLib/Src/MAX31855.o
                0x0000000020000e9c                tempDataSPI
 *(COMMON)
                0x0000000020000ea0                . = ALIGN (0x4)
                0x0000000020000ea0                _ebss = .
                0x0000000020000ea0                __bss_end__ = _ebss

._user_heap_stack
                0x0000000020000ea0      0x600 load address 0x0000000008009b9c
                0x0000000020000ea0                . = ALIGN (0x8)
                [!provide]                        PROVIDE (end = .)
                0x0000000020000ea0                PROVIDE (_end = .)
                0x00000000200010a0                . = (. + _Min_Heap_Size)
 *fill*         0x0000000020000ea0      0x200 
                0x00000000200014a0                . = (. + _Min_Stack_Size)
 *fill*         0x00000000200010a0      0x400 
                0x00000000200014a0                . = ALIGN (0x8)

/DISCARD/
 libc.a(*)
 libm.a(*)
 libgcc.a(*)

.ARM.attributes
                0x0000000000000000       0x30
 *(.ARM.attributes)
 .ARM.attributes
                0x0000000000000000       0x1e C:/ST/STM32CubeIDE_1.13.1/STM32CubeIDE/plugins/com.st.stm32cube.ide.mcu.externaltools.gnu-tools-for-stm32.11.3.rel1.win32_1.1.0.202305231506/tools/bin/../lib/gcc/arm-none-eabi/11.3.1/thumb/v7e-m+fp/hard/crti.o
 .ARM.attributes
                0x000000000000001e       0x34 C:/ST/STM32CubeIDE_1.13.1/STM32CubeIDE/plugins/com.st.stm32cube.ide.mcu.externaltools.gnu-tools-for-stm32.11.3.rel1.win32_1.1.0.202305231506/tools/bin/../lib/gcc/arm-none-eabi/11.3.1/thumb/v7e-m+fp/hard/crtbegin.o
 .ARM.attributes
                0x0000000000000052       0x34 ./Core/Src/main.o
 .ARM.attributes
                0x0000000000000086       0x34 ./Core/Src/stm32g4xx_hal_msp.o
 .ARM.attributes
                0x00000000000000ba       0x34 ./Core/Src/stm32g4xx_it.o
 .ARM.attributes
                0x00000000000000ee       0x34 ./Core/Src/system_stm32g4xx.o
 .ARM.attributes
                0x0000000000000122       0x21 ./Core/Startup/startup_stm32g431cbtx.o
 .ARM.attributes
                0x0000000000000143       0x34 ./Drivers/STM32G4xx_HAL_Driver/Src/stm32g4xx_hal.o
 .ARM.attributes
                0x0000000000000177       0x34 ./Drivers/STM32G4xx_HAL_Driver/Src/stm32g4xx_hal_adc.o
 .ARM.attributes
                0x00000000000001ab       0x34 ./Drivers/STM32G4xx_HAL_Driver/Src/stm32g4xx_hal_adc_ex.o
 .ARM.attributes
                0x00000000000001df       0x34 ./Drivers/STM32G4xx_HAL_Driver/Src/stm32g4xx_hal_cortex.o
 .ARM.attributes
                0x0000000000000213       0x34 ./Drivers/STM32G4xx_HAL_Driver/Src/stm32g4xx_hal_dma.o
 .ARM.attributes
                0x0000000000000247       0x34 ./Drivers/STM32G4xx_HAL_Driver/Src/stm32g4xx_hal_gpio.o
 .ARM.attributes
                0x000000000000027b       0x34 ./Drivers/STM32G4xx_HAL_Driver/Src/stm32g4xx_hal_pwr.o
 .ARM.attributes
                0x00000000000002af       0x34 ./Drivers/STM32G4xx_HAL_Driver/Src/stm32g4xx_hal_pwr_ex.o
 .ARM.attributes
                0x00000000000002e3       0x34 ./Drivers/STM32G4xx_HAL_Driver/Src/stm32g4xx_hal_rcc.o
 .ARM.attributes
                0x0000000000000317       0x34 ./Drivers/STM32G4xx_HAL_Driver/Src/stm32g4xx_hal_rcc_ex.o
 .ARM.attributes
                0x000000000000034b       0x34 ./Drivers/STM32G4xx_HAL_Driver/Src/stm32g4xx_hal_spi.o
 .ARM.attributes
                0x000000000000037f       0x34 ./Drivers/STM32G4xx_HAL_Driver/Src/stm32g4xx_hal_tim.o
 .ARM.attributes
                0x00000000000003b3       0x34 ./Drivers/STM32G4xx_HAL_Driver/Src/stm32g4xx_hal_tim_ex.o
 .ARM.attributes
                0x00000000000003e7       0x34 ./Drivers/STM32G4xx_HAL_Driver/Src/stm32g4xx_hal_uart.o
 .ARM.attributes
                0x000000000000041b       0x34 ./Drivers/STM32G4xx_HAL_Driver/Src/stm32g4xx_hal_uart_ex.o
 .ARM.attributes
                0x000000000000044f       0x34 ./UserLib/Src/MAX31855.o
 .ARM.attributes
                0x0000000000000483       0x34 C:/ST/STM32CubeIDE_1.13.1/STM32CubeIDE/plugins/com.st.stm32cube.ide.mcu.externaltools.gnu-tools-for-stm32.11.3.rel1.win32_1.1.0.202305231506/tools/bin/../lib/gcc/arm-none-eabi/11.3.1/../../../../arm-none-eabi/lib/thumb/v7e-m+fp/hard\libc_nano.a(libc_a-memset.o)
 .ARM.attributes
                0x00000000000004b7       0x34 C:/ST/STM32CubeIDE_1.13.1/STM32CubeIDE/plugins/com.st.stm32cube.ide.mcu.externaltools.gnu-tools-for-stm32.11.3.rel1.win32_1.1.0.202305231506/tools/bin/../lib/gcc/arm-none-eabi/11.3.1/../../../../arm-none-eabi/lib/thumb/v7e-m+fp/hard\libc_nano.a(libc_a-init.o)
 .ARM.attributes
                0x00000000000004eb       0x34 C:/ST/STM32CubeIDE_1.13.1/STM32CubeIDE/plugins/com.st.stm32cube.ide.mcu.externaltools.gnu-tools-for-stm32.11.3.rel1.win32_1.1.0.202305231506/tools/bin/../lib/gcc/arm-none-eabi/11.3.1/../../../../arm-none-eabi/lib/thumb/v7e-m+fp/hard\libc_nano.a(libc_a-memcpy-stub.o)
 .ARM.attributes
                0x000000000000051f       0x1e C:/ST/STM32CubeIDE_1.13.1/STM32CubeIDE/plugins/com.st.stm32cube.ide.mcu.externaltools.gnu-tools-for-stm32.11.3.rel1.win32_1.1.0.202305231506/tools/bin/../lib/gcc/arm-none-eabi/11.3.1/thumb/v7e-m+fp/hard\libgcc.a(_arm_addsubdf3.o)
 .ARM.attributes
                0x000000000000053d       0x1e C:/ST/STM32CubeIDE_1.13.1/STM32CubeIDE/plugins/com.st.stm32cube.ide.mcu.externaltools.gnu-tools-for-stm32.11.3.rel1.win32_1.1.0.202305231506/tools/bin/../lib/gcc/arm-none-eabi/11.3.1/thumb/v7e-m+fp/hard\libgcc.a(_arm_muldivdf3.o)
 .ARM.attributes
                0x000000000000055b       0x1e C:/ST/STM32CubeIDE_1.13.1/STM32CubeIDE/plugins/com.st.stm32cube.ide.mcu.externaltools.gnu-tools-for-stm32.11.3.rel1.win32_1.1.0.202305231506/tools/bin/../lib/gcc/arm-none-eabi/11.3.1/thumb/v7e-m+fp/hard\libgcc.a(_arm_fixunsdfsi.o)
 .ARM.attributes
                0x0000000000000579       0x1e C:/ST/STM32CubeIDE_1.13.1/STM32CubeIDE/plugins/com.st.stm32cube.ide.mcu.externaltools.gnu-tools-for-stm32.11.3.rel1.win32_1.1.0.202305231506/tools/bin/../lib/gcc/arm-none-eabi/11.3.1/thumb/v7e-m+fp/hard\libgcc.a(_aeabi_uldivmod.o)
 .ARM.attributes
                0x0000000000000597       0x34 C:/ST/STM32CubeIDE_1.13.1/STM32CubeIDE/plugins/com.st.stm32cube.ide.mcu.externaltools.gnu-tools-for-stm32.11.3.rel1.win32_1.1.0.202305231506/tools/bin/../lib/gcc/arm-none-eabi/11.3.1/thumb/v7e-m+fp/hard\libgcc.a(_udivmoddi4.o)
 .ARM.attributes
                0x00000000000005cb       0x1e C:/ST/STM32CubeIDE_1.13.1/STM32CubeIDE/plugins/com.st.stm32cube.ide.mcu.externaltools.gnu-tools-for-stm32.11.3.rel1.win32_1.1.0.202305231506/tools/bin/../lib/gcc/arm-none-eabi/11.3.1/thumb/v7e-m+fp/hard\libgcc.a(_dvmd_tls.o)
 .ARM.attributes
                0x00000000000005e9       0x1e C:/ST/STM32CubeIDE_1.13.1/STM32CubeIDE/plugins/com.st.stm32cube.ide.mcu.externaltools.gnu-tools-for-stm32.11.3.rel1.win32_1.1.0.202305231506/tools/bin/../lib/gcc/arm-none-eabi/11.3.1/thumb/v7e-m+fp/hard/crtn.o
OUTPUT(Potencia V10 r0.elf elf32-littlearm)
LOAD linker stubs
LOAD C:/ST/STM32CubeIDE_1.13.1/STM32CubeIDE/plugins/com.st.stm32cube.ide.mcu.externaltools.gnu-tools-for-stm32.11.3.rel1.win32_1.1.0.202305231506/tools/bin/../lib/gcc/arm-none-eabi/11.3.1/../../../../arm-none-eabi/lib/thumb/v7e-m+fp/hard\libc.a
LOAD C:/ST/STM32CubeIDE_1.13.1/STM32CubeIDE/plugins/com.st.stm32cube.ide.mcu.externaltools.gnu-tools-for-stm32.11.3.rel1.win32_1.1.0.202305231506/tools/bin/../lib/gcc/arm-none-eabi/11.3.1/../../../../arm-none-eabi/lib/thumb/v7e-m+fp/hard\libm.a
LOAD C:/ST/STM32CubeIDE_1.13.1/STM32CubeIDE/plugins/com.st.stm32cube.ide.mcu.externaltools.gnu-tools-for-stm32.11.3.rel1.win32_1.1.0.202305231506/tools/bin/../lib/gcc/arm-none-eabi/11.3.1/thumb/v7e-m+fp/hard\libgcc.a

.comment        0x0000000000000000       0x43
 .comment       0x0000000000000000       0x43 C:/ST/STM32CubeIDE_1.13.1/STM32CubeIDE/plugins/com.st.stm32cube.ide.mcu.externaltools.gnu-tools-for-stm32.11.3.rel1.win32_1.1.0.202305231506/tools/bin/../lib/gcc/arm-none-eabi/11.3.1/thumb/v7e-m+fp/hard/crtbegin.o
                                         0x44 (size before relaxing)
 .comment       0x0000000000000043       0x44 ./Core/Src/main.o
 .comment       0x0000000000000043       0x44 ./Core/Src/stm32g4xx_hal_msp.o
 .comment       0x0000000000000043       0x44 ./Core/Src/stm32g4xx_it.o
 .comment       0x0000000000000043       0x44 ./Core/Src/system_stm32g4xx.o
 .comment       0x0000000000000043       0x44 ./Drivers/STM32G4xx_HAL_Driver/Src/stm32g4xx_hal.o
 .comment       0x0000000000000043       0x44 ./Drivers/STM32G4xx_HAL_Driver/Src/stm32g4xx_hal_adc.o
 .comment       0x0000000000000043       0x44 ./Drivers/STM32G4xx_HAL_Driver/Src/stm32g4xx_hal_adc_ex.o
 .comment       0x0000000000000043       0x44 ./Drivers/STM32G4xx_HAL_Driver/Src/stm32g4xx_hal_cortex.o
 .comment       0x0000000000000043       0x44 ./Drivers/STM32G4xx_HAL_Driver/Src/stm32g4xx_hal_dma.o
 .comment       0x0000000000000043       0x44 ./Drivers/STM32G4xx_HAL_Driver/Src/stm32g4xx_hal_gpio.o
 .comment       0x0000000000000043       0x44 ./Drivers/STM32G4xx_HAL_Driver/Src/stm32g4xx_hal_pwr.o
 .comment       0x0000000000000043       0x44 ./Drivers/STM32G4xx_HAL_Driver/Src/stm32g4xx_hal_pwr_ex.o
 .comment       0x0000000000000043       0x44 ./Drivers/STM32G4xx_HAL_Driver/Src/stm32g4xx_hal_rcc.o
 .comment       0x0000000000000043       0x44 ./Drivers/STM32G4xx_HAL_Driver/Src/stm32g4xx_hal_rcc_ex.o
 .comment       0x0000000000000043       0x44 ./Drivers/STM32G4xx_HAL_Driver/Src/stm32g4xx_hal_spi.o
 .comment       0x0000000000000043       0x44 ./Drivers/STM32G4xx_HAL_Driver/Src/stm32g4xx_hal_tim.o
 .comment       0x0000000000000043       0x44 ./Drivers/STM32G4xx_HAL_Driver/Src/stm32g4xx_hal_tim_ex.o
 .comment       0x0000000000000043       0x44 ./Drivers/STM32G4xx_HAL_Driver/Src/stm32g4xx_hal_uart.o
 .comment       0x0000000000000043       0x44 ./Drivers/STM32G4xx_HAL_Driver/Src/stm32g4xx_hal_uart_ex.o
 .comment       0x0000000000000043       0x44 ./UserLib/Src/MAX31855.o

.debug_info     0x0000000000000000    0x1a8f9
 .debug_info    0x0000000000000000     0x2a7e ./Core/Src/main.o
 .debug_info    0x0000000000002a7e     0x1dd1 ./Core/Src/stm32g4xx_hal_msp.o
 .debug_info    0x000000000000484f      0x961 ./Core/Src/stm32g4xx_it.o
 .debug_info    0x00000000000051b0      0x58e ./Core/Src/system_stm32g4xx.o
 .debug_info    0x000000000000573e       0x23 ./Core/Startup/startup_stm32g431cbtx.o
 .debug_info    0x0000000000005761      0xa99 ./Drivers/STM32G4xx_HAL_Driver/Src/stm32g4xx_hal.o
 .debug_info    0x00000000000061fa     0x203d ./Drivers/STM32G4xx_HAL_Driver/Src/stm32g4xx_hal_adc.o
 .debug_info    0x0000000000008237     0x1d67 ./Drivers/STM32G4xx_HAL_Driver/Src/stm32g4xx_hal_adc_ex.o
 .debug_info    0x0000000000009f9e      0xcf3 ./Drivers/STM32G4xx_HAL_Driver/Src/stm32g4xx_hal_cortex.o
 .debug_info    0x000000000000ac91      0x85f ./Drivers/STM32G4xx_HAL_Driver/Src/stm32g4xx_hal_dma.o
 .debug_info    0x000000000000b4f0      0x763 ./Drivers/STM32G4xx_HAL_Driver/Src/stm32g4xx_hal_gpio.o
 .debug_info    0x000000000000bc53      0x935 ./Drivers/STM32G4xx_HAL_Driver/Src/stm32g4xx_hal_pwr.o
 .debug_info    0x000000000000c588      0x93f ./Drivers/STM32G4xx_HAL_Driver/Src/stm32g4xx_hal_pwr_ex.o
 .debug_info    0x000000000000cec7      0xb82 ./Drivers/STM32G4xx_HAL_Driver/Src/stm32g4xx_hal_rcc.o
 .debug_info    0x000000000000da49      0xc15 ./Drivers/STM32G4xx_HAL_Driver/Src/stm32g4xx_hal_rcc_ex.o
 .debug_info    0x000000000000e65e     0x1748 ./Drivers/STM32G4xx_HAL_Driver/Src/stm32g4xx_hal_spi.o
 .debug_info    0x000000000000fda6     0x2bfd ./Drivers/STM32G4xx_HAL_Driver/Src/stm32g4xx_hal_tim.o
 .debug_info    0x00000000000129a3     0x1d63 ./Drivers/STM32G4xx_HAL_Driver/Src/stm32g4xx_hal_tim_ex.o
 .debug_info    0x0000000000014706     0x46a0 ./Drivers/STM32G4xx_HAL_Driver/Src/stm32g4xx_hal_uart.o
 .debug_info    0x0000000000018da6      0xf83 ./Drivers/STM32G4xx_HAL_Driver/Src/stm32g4xx_hal_uart_ex.o
 .debug_info    0x0000000000019d29      0xbd0 ./UserLib/Src/MAX31855.o

.debug_abbrev   0x0000000000000000     0x3152
 .debug_abbrev  0x0000000000000000      0x394 ./Core/Src/main.o
 .debug_abbrev  0x0000000000000394      0x288 ./Core/Src/stm32g4xx_hal_msp.o
 .debug_abbrev  0x000000000000061c      0x1e0 ./Core/Src/stm32g4xx_it.o
 .debug_abbrev  0x00000000000007fc      0x11a ./Core/Src/system_stm32g4xx.o
 .debug_abbrev  0x0000000000000916       0x12 ./Core/Startup/startup_stm32g431cbtx.o
 .debug_abbrev  0x0000000000000928      0x271 ./Drivers/STM32G4xx_HAL_Driver/Src/stm32g4xx_hal.o
 .debug_abbrev  0x0000000000000b99      0x2d3 ./Drivers/STM32G4xx_HAL_Driver/Src/stm32g4xx_hal_adc.o
 .debug_abbrev  0x0000000000000e6c      0x2ee ./Drivers/STM32G4xx_HAL_Driver/Src/stm32g4xx_hal_adc_ex.o
 .debug_abbrev  0x000000000000115a      0x31c ./Drivers/STM32G4xx_HAL_Driver/Src/stm32g4xx_hal_cortex.o
 .debug_abbrev  0x0000000000001476      0x1e2 ./Drivers/STM32G4xx_HAL_Driver/Src/stm32g4xx_hal_dma.o
 .debug_abbrev  0x0000000000001658      0x1cb ./Drivers/STM32G4xx_HAL_Driver/Src/stm32g4xx_hal_gpio.o
 .debug_abbrev  0x0000000000001823      0x1c8 ./Drivers/STM32G4xx_HAL_Driver/Src/stm32g4xx_hal_pwr.o
 .debug_abbrev  0x00000000000019eb      0x22c ./Drivers/STM32G4xx_HAL_Driver/Src/stm32g4xx_hal_pwr_ex.o
 .debug_abbrev  0x0000000000001c17      0x2c9 ./Drivers/STM32G4xx_HAL_Driver/Src/stm32g4xx_hal_rcc.o
 .debug_abbrev  0x0000000000001ee0      0x258 ./Drivers/STM32G4xx_HAL_Driver/Src/stm32g4xx_hal_rcc_ex.o
 .debug_abbrev  0x0000000000002138      0x267 ./Drivers/STM32G4xx_HAL_Driver/Src/stm32g4xx_hal_spi.o
 .debug_abbrev  0x000000000000239f      0x2a0 ./Drivers/STM32G4xx_HAL_Driver/Src/stm32g4xx_hal_tim.o
 .debug_abbrev  0x000000000000263f      0x2be ./Drivers/STM32G4xx_HAL_Driver/Src/stm32g4xx_hal_tim_ex.o
 .debug_abbrev  0x00000000000028fd      0x304 ./Drivers/STM32G4xx_HAL_Driver/Src/stm32g4xx_hal_uart.o
 .debug_abbrev  0x0000000000002c01      0x2d3 ./Drivers/STM32G4xx_HAL_Driver/Src/stm32g4xx_hal_uart_ex.o
 .debug_abbrev  0x0000000000002ed4      0x27e ./UserLib/Src/MAX31855.o

.debug_aranges  0x0000000000000000     0x17c8
 .debug_aranges
                0x0000000000000000       0xd8 ./Core/Src/main.o
 .debug_aranges
                0x00000000000000d8       0x68 ./Core/Src/stm32g4xx_hal_msp.o
 .debug_aranges
                0x0000000000000140       0xa0 ./Core/Src/stm32g4xx_it.o
 .debug_aranges
                0x00000000000001e0       0x28 ./Core/Src/system_stm32g4xx.o
 .debug_aranges
                0x0000000000000208       0x28 ./Core/Startup/startup_stm32g431cbtx.o
 .debug_aranges
                0x0000000000000230      0x130 ./Drivers/STM32G4xx_HAL_Driver/Src/stm32g4xx_hal.o
 .debug_aranges
                0x0000000000000360      0x248 ./Drivers/STM32G4xx_HAL_Driver/Src/stm32g4xx_hal_adc.o
 .debug_aranges
                0x00000000000005a8      0x1c0 ./Drivers/STM32G4xx_HAL_Driver/Src/stm32g4xx_hal_adc_ex.o
 .debug_aranges
                0x0000000000000768      0x118 ./Drivers/STM32G4xx_HAL_Driver/Src/stm32g4xx_hal_cortex.o
 .debug_aranges
                0x0000000000000880       0x90 ./Drivers/STM32G4xx_HAL_Driver/Src/stm32g4xx_hal_dma.o
 .debug_aranges
                0x0000000000000910       0x58 ./Drivers/STM32G4xx_HAL_Driver/Src/stm32g4xx_hal_gpio.o
 .debug_aranges
                0x0000000000000968       0x98 ./Drivers/STM32G4xx_HAL_Driver/Src/stm32g4xx_hal_pwr.o
 .debug_aranges
                0x0000000000000a00      0x140 ./Drivers/STM32G4xx_HAL_Driver/Src/stm32g4xx_hal_pwr_ex.o
 .debug_aranges
                0x0000000000000b40       0x98 ./Drivers/STM32G4xx_HAL_Driver/Src/stm32g4xx_hal_rcc.o
 .debug_aranges
                0x0000000000000bd8       0xb0 ./Drivers/STM32G4xx_HAL_Driver/Src/stm32g4xx_hal_rcc_ex.o
 .debug_aranges
                0x0000000000000c88      0x1d8 ./Drivers/STM32G4xx_HAL_Driver/Src/stm32g4xx_hal_spi.o
 .debug_aranges
                0x0000000000000e60      0x3e0 ./Drivers/STM32G4xx_HAL_Driver/Src/stm32g4xx_hal_tim.o
 .debug_aranges
                0x0000000000001240      0x240 ./Drivers/STM32G4xx_HAL_Driver/Src/stm32g4xx_hal_tim_ex.o
 .debug_aranges
                0x0000000000001480      0x248 ./Drivers/STM32G4xx_HAL_Driver/Src/stm32g4xx_hal_uart.o
 .debug_aranges
                0x00000000000016c8       0xa0 ./Drivers/STM32G4xx_HAL_Driver/Src/stm32g4xx_hal_uart_ex.o
 .debug_aranges
                0x0000000000001768       0x60 ./UserLib/Src/MAX31855.o

.debug_rnglists
                0x0000000000000000     0x12ad
 .debug_rnglists
                0x0000000000000000       0xc1 ./Core/Src/main.o
 .debug_rnglists
                0x00000000000000c1       0x50 ./Core/Src/stm32g4xx_hal_msp.o
 .debug_rnglists
                0x0000000000000111       0x73 ./Core/Src/stm32g4xx_it.o
 .debug_rnglists
                0x0000000000000184       0x1a ./Core/Src/system_stm32g4xx.o
 .debug_rnglists
                0x000000000000019e       0x19 ./Core/Startup/startup_stm32g431cbtx.o
 .debug_rnglists
                0x00000000000001b7       0xdf ./Drivers/STM32G4xx_HAL_Driver/Src/stm32g4xx_hal.o
 .debug_rnglists
                0x0000000000000296      0x1c0 ./Drivers/STM32G4xx_HAL_Driver/Src/stm32g4xx_hal_adc.o
 .debug_rnglists
                0x0000000000000456      0x15a ./Drivers/STM32G4xx_HAL_Driver/Src/stm32g4xx_hal_adc_ex.o
 .debug_rnglists
                0x00000000000005b0       0xce ./Drivers/STM32G4xx_HAL_Driver/Src/stm32g4xx_hal_cortex.o
 .debug_rnglists
                0x000000000000067e       0x71 ./Drivers/STM32G4xx_HAL_Driver/Src/stm32g4xx_hal_dma.o
 .debug_rnglists
                0x00000000000006ef       0x3f ./Drivers/STM32G4xx_HAL_Driver/Src/stm32g4xx_hal_gpio.o
 .debug_rnglists
                0x000000000000072e       0x6e ./Drivers/STM32G4xx_HAL_Driver/Src/stm32g4xx_hal_pwr.o
 .debug_rnglists
                0x000000000000079c       0xf1 ./Drivers/STM32G4xx_HAL_Driver/Src/stm32g4xx_hal_pwr_ex.o
 .debug_rnglists
                0x000000000000088d       0x74 ./Drivers/STM32G4xx_HAL_Driver/Src/stm32g4xx_hal_rcc.o
 .debug_rnglists
                0x0000000000000901       0x87 ./Drivers/STM32G4xx_HAL_Driver/Src/stm32g4xx_hal_rcc_ex.o
 .debug_rnglists
                0x0000000000000988      0x178 ./Drivers/STM32G4xx_HAL_Driver/Src/stm32g4xx_hal_spi.o
 .debug_rnglists
                0x0000000000000b00      0x328 ./Drivers/STM32G4xx_HAL_Driver/Src/stm32g4xx_hal_tim.o
 .debug_rnglists
                0x0000000000000e28      0x1cb ./Drivers/STM32G4xx_HAL_Driver/Src/stm32g4xx_hal_tim_ex.o
 .debug_rnglists
                0x0000000000000ff3      0x1f9 ./Drivers/STM32G4xx_HAL_Driver/Src/stm32g4xx_hal_uart.o
 .debug_rnglists
                0x00000000000011ec       0x79 ./Drivers/STM32G4xx_HAL_Driver/Src/stm32g4xx_hal_uart_ex.o
 .debug_rnglists
                0x0000000000001265       0x48 ./UserLib/Src/MAX31855.o

.debug_macro    0x0000000000000000    0x20bad
 .debug_macro   0x0000000000000000      0x34d ./Core/Src/main.o
 .debug_macro   0x000000000000034d      0xaa8 ./Core/Src/main.o
 .debug_macro   0x0000000000000df5      0x167 ./Core/Src/main.o
 .debug_macro   0x0000000000000f5c       0x2e ./Core/Src/main.o
 .debug_macro   0x0000000000000f8a       0x28 ./Core/Src/main.o
 .debug_macro   0x0000000000000fb2       0x22 ./Core/Src/main.o
 .debug_macro   0x0000000000000fd4       0x8e ./Core/Src/main.o
 .debug_macro   0x0000000000001062       0x51 ./Core/Src/main.o
 .debug_macro   0x00000000000010b3      0x103 ./Core/Src/main.o
 .debug_macro   0x00000000000011b6       0x6a ./Core/Src/main.o
 .debug_macro   0x0000000000001220      0x1df ./Core/Src/main.o
 .debug_macro   0x00000000000013ff       0x1c ./Core/Src/main.o
 .debug_macro   0x000000000000141b       0x22 ./Core/Src/main.o
 .debug_macro   0x000000000000143d       0xfb ./Core/Src/main.o
 .debug_macro   0x0000000000001538     0x1011 ./Core/Src/main.o
 .debug_macro   0x0000000000002549      0x11f ./Core/Src/main.o
 .debug_macro   0x0000000000002668    0x11396 ./Core/Src/main.o
 .debug_macro   0x00000000000139fe       0x6d ./Core/Src/main.o
 .debug_macro   0x0000000000013a6b     0x3554 ./Core/Src/main.o
 .debug_macro   0x0000000000016fbf      0x174 ./Core/Src/main.o
 .debug_macro   0x0000000000017133       0x5c ./Core/Src/main.o
 .debug_macro   0x000000000001718f     0x141d ./Core/Src/main.o
 .debug_macro   0x00000000000185ac      0x535 ./Core/Src/main.o
 .debug_macro   0x0000000000018ae1      0x1b6 ./Core/Src/main.o
 .debug_macro   0x0000000000018c97      0x288 ./Core/Src/main.o
 .debug_macro   0x0000000000018f1f      0x41d ./Core/Src/main.o
 .debug_macro   0x000000000001933c      0x18b ./Core/Src/main.o
 .debug_macro   0x00000000000194c7       0x43 ./Core/Src/main.o
 .debug_macro   0x000000000001950a      0x23d ./Core/Src/main.o
 .debug_macro   0x0000000000019747     0x10fd ./Core/Src/main.o
 .debug_macro   0x000000000001a844      0x72e ./Core/Src/main.o
 .debug_macro   0x000000000001af72      0x391 ./Core/Src/main.o
 .debug_macro   0x000000000001b303      0x211 ./Core/Src/main.o
 .debug_macro   0x000000000001b514      0x401 ./Core/Src/main.o
 .debug_macro   0x000000000001b915      0x107 ./Core/Src/main.o
 .debug_macro   0x000000000001ba1c      0x122 ./Core/Src/main.o
 .debug_macro   0x000000000001bb3e      0x3d1 ./Core/Src/main.o
 .debug_macro   0x000000000001bf0f      0x2fe ./Core/Src/main.o
 .debug_macro   0x000000000001c20d      0xbbe ./Core/Src/main.o
 .debug_macro   0x000000000001cdcb      0x47e ./Core/Src/main.o
 .debug_macro   0x000000000001d249      0x67e ./Core/Src/main.o
 .debug_macro   0x000000000001d8c7       0xa6 ./Core/Src/main.o
 .debug_macro   0x000000000001d96d      0x306 ./Core/Src/main.o
 .debug_macro   0x000000000001dc73      0x10c ./Core/Src/main.o
 .debug_macro   0x000000000001dd7f       0x22 ./Core/Src/main.o
 .debug_macro   0x000000000001dda1       0x61 ./Core/Src/main.o
 .debug_macro   0x000000000001de02      0x369 ./Core/Src/main.o
 .debug_macro   0x000000000001e16b       0x7c ./Core/Src/main.o
 .debug_macro   0x000000000001e1e7       0x17 ./Core/Src/main.o
 .debug_macro   0x000000000001e1fe      0x118 ./Core/Src/main.o
 .debug_macro   0x000000000001e316      0x215 ./Core/Src/stm32g4xx_hal_msp.o
 .debug_macro   0x000000000001e52b      0x21f ./Core/Src/stm32g4xx_it.o
 .debug_macro   0x000000000001e74a      0x206 ./Core/Src/system_stm32g4xx.o
 .debug_macro   0x000000000001e950      0x254 ./Drivers/STM32G4xx_HAL_Driver/Src/stm32g4xx_hal.o
 .debug_macro   0x000000000001eba4      0x223 ./Drivers/STM32G4xx_HAL_Driver/Src/stm32g4xx_hal_adc.o
 .debug_macro   0x000000000001edc7      0x212 ./Drivers/STM32G4xx_HAL_Driver/Src/stm32g4xx_hal_adc_ex.o
 .debug_macro   0x000000000001efd9      0x206 ./Drivers/STM32G4xx_HAL_Driver/Src/stm32g4xx_hal_cortex.o
 .debug_macro   0x000000000001f1df      0x206 ./Drivers/STM32G4xx_HAL_Driver/Src/stm32g4xx_hal_dma.o
 .debug_macro   0x000000000001f3e5      0x20d ./Drivers/STM32G4xx_HAL_Driver/Src/stm32g4xx_hal_gpio.o
 .debug_macro   0x000000000001f5f2      0x21e ./Drivers/STM32G4xx_HAL_Driver/Src/stm32g4xx_hal_pwr.o
 .debug_macro   0x000000000001f810      0x230 ./Drivers/STM32G4xx_HAL_Driver/Src/stm32g4xx_hal_pwr_ex.o
 .debug_macro   0x000000000001fa40      0x248 ./Drivers/STM32G4xx_HAL_Driver/Src/stm32g4xx_hal_rcc.o
 .debug_macro   0x000000000001fc88      0x230 ./Drivers/STM32G4xx_HAL_Driver/Src/stm32g4xx_hal_rcc_ex.o
 .debug_macro   0x000000000001feb8      0x20e ./Drivers/STM32G4xx_HAL_Driver/Src/stm32g4xx_hal_spi.o
 .debug_macro   0x00000000000200c6      0x20e ./Drivers/STM32G4xx_HAL_Driver/Src/stm32g4xx_hal_tim.o
 .debug_macro   0x00000000000202d4      0x20c ./Drivers/STM32G4xx_HAL_Driver/Src/stm32g4xx_hal_tim_ex.o
 .debug_macro   0x00000000000204e0      0x231 ./Drivers/STM32G4xx_HAL_Driver/Src/stm32g4xx_hal_uart.o
 .debug_macro   0x0000000000020711      0x212 ./Drivers/STM32G4xx_HAL_Driver/Src/stm32g4xx_hal_uart_ex.o
 .debug_macro   0x0000000000020923      0x27a ./UserLib/Src/MAX31855.o
 .debug_macro   0x0000000000020b9d       0x10 ./UserLib/Src/MAX31855.o

.debug_line     0x0000000000000000    0x1aed4
 .debug_line    0x0000000000000000     0x144d ./Core/Src/main.o
 .debug_line    0x000000000000144d      0xb39 ./Core/Src/stm32g4xx_hal_msp.o
 .debug_line    0x0000000000001f86      0x95d ./Core/Src/stm32g4xx_it.o
 .debug_line    0x00000000000028e3      0x843 ./Core/Src/system_stm32g4xx.o
 .debug_line    0x0000000000003126       0x7b ./Core/Startup/startup_stm32g431cbtx.o
 .debug_line    0x00000000000031a1      0xbba ./Drivers/STM32G4xx_HAL_Driver/Src/stm32g4xx_hal.o
 .debug_line    0x0000000000003d5b     0x1f47 ./Drivers/STM32G4xx_HAL_Driver/Src/stm32g4xx_hal_adc.o
 .debug_line    0x0000000000005ca2     0x19bd ./Drivers/STM32G4xx_HAL_Driver/Src/stm32g4xx_hal_adc_ex.o
 .debug_line    0x000000000000765f      0xd6d ./Drivers/STM32G4xx_HAL_Driver/Src/stm32g4xx_hal_cortex.o
 .debug_line    0x00000000000083cc      0xf26 ./Drivers/STM32G4xx_HAL_Driver/Src/stm32g4xx_hal_dma.o
 .debug_line    0x00000000000092f2      0xbfd ./Drivers/STM32G4xx_HAL_Driver/Src/stm32g4xx_hal_gpio.o
 .debug_line    0x0000000000009eef      0x9a7 ./Drivers/STM32G4xx_HAL_Driver/Src/stm32g4xx_hal_pwr.o
 .debug_line    0x000000000000a896      0xd71 ./Drivers/STM32G4xx_HAL_Driver/Src/stm32g4xx_hal_pwr_ex.o
 .debug_line    0x000000000000b607      0xfcd ./Drivers/STM32G4xx_HAL_Driver/Src/stm32g4xx_hal_rcc.o
 .debug_line    0x000000000000c5d4     0x1193 ./Drivers/STM32G4xx_HAL_Driver/Src/stm32g4xx_hal_rcc_ex.o
 .debug_line    0x000000000000d767     0x1ffc ./Drivers/STM32G4xx_HAL_Driver/Src/stm32g4xx_hal_spi.o
 .debug_line    0x000000000000f763     0x3eb9 ./Drivers/STM32G4xx_HAL_Driver/Src/stm32g4xx_hal_tim.o
 .debug_line    0x000000000001361c     0x213d ./Drivers/STM32G4xx_HAL_Driver/Src/stm32g4xx_hal_tim_ex.o
 .debug_line    0x0000000000015759     0x3c11 ./Drivers/STM32G4xx_HAL_Driver/Src/stm32g4xx_hal_uart.o
 .debug_line    0x000000000001936a      0xe65 ./Drivers/STM32G4xx_HAL_Driver/Src/stm32g4xx_hal_uart_ex.o
 .debug_line    0x000000000001a1cf      0xd05 ./UserLib/Src/MAX31855.o

.debug_str      0x0000000000000000    0xdc501
 .debug_str     0x0000000000000000    0xd68bf ./Core/Src/main.o
                                      0xd714e (size before relaxing)
 .debug_str     0x00000000000d68bf      0x2e5 ./Core/Src/stm32g4xx_hal_msp.o
                                      0xd4927 (size before relaxing)
 .debug_str     0x00000000000d6ba4      0x1a4 ./Core/Src/stm32g4xx_it.o
                                      0xd3b15 (size before relaxing)
 .debug_str     0x00000000000d6d48       0xdb ./Core/Src/system_stm32g4xx.o
                                      0xd3108 (size before relaxing)
 .debug_str     0x00000000000d6e23       0x34 ./Core/Startup/startup_stm32g431cbtx.o
                                         0x98 (size before relaxing)
 .debug_str     0x00000000000d6e57      0x5b6 ./Drivers/STM32G4xx_HAL_Driver/Src/stm32g4xx_hal.o
                                      0xd3c20 (size before relaxing)
 .debug_str     0x00000000000d740d      0xb10 ./Drivers/STM32G4xx_HAL_Driver/Src/stm32g4xx_hal_adc.o
                                      0xd4159 (size before relaxing)
 .debug_str     0x00000000000d7f1d      0x641 ./Drivers/STM32G4xx_HAL_Driver/Src/stm32g4xx_hal_adc_ex.o
                                      0xd40cf (size before relaxing)
 .debug_str     0x00000000000d855e      0x31d ./Drivers/STM32G4xx_HAL_Driver/Src/stm32g4xx_hal_cortex.o
                                      0xd38cb (size before relaxing)
 .debug_str     0x00000000000d887b      0x280 ./Drivers/STM32G4xx_HAL_Driver/Src/stm32g4xx_hal_dma.o
                                      0xd34e2 (size before relaxing)
 .debug_str     0x00000000000d8afb       0xc6 ./Drivers/STM32G4xx_HAL_Driver/Src/stm32g4xx_hal_gpio.o
                                      0xd3293 (size before relaxing)
 .debug_str     0x00000000000d8bc1      0x34e ./Drivers/STM32G4xx_HAL_Driver/Src/stm32g4xx_hal_pwr.o
                                      0xd3478 (size before relaxing)
 .debug_str     0x00000000000d8f0f      0x3a4 ./Drivers/STM32G4xx_HAL_Driver/Src/stm32g4xx_hal_pwr_ex.o
                                      0xd35f6 (size before relaxing)
 .debug_str     0x00000000000d92b3      0x4cb ./Drivers/STM32G4xx_HAL_Driver/Src/stm32g4xx_hal_rcc.o
                                      0xd3801 (size before relaxing)
 .debug_str     0x00000000000d977e      0x3d8 ./Drivers/STM32G4xx_HAL_Driver/Src/stm32g4xx_hal_rcc_ex.o
                                      0xd3802 (size before relaxing)