../Core/Src/main.c:217:5:main	40	static
../Core/Src/main.c:376:6:SystemClock_Config	88	static
../Core/Src/main.c:423:13:MX_ADC1_Init	56	static
../Core/Src/main.c:502:13:MX_ADC2_Init	40	static
../Core/Src/main.c:580:13:MX_SPI1_Init	8	static
../Core/Src/main.c:620:13:MX_TIM1_Init	136	static
../Core/Src/main.c:721:13:MX_TIM2_Init	40	static
../Core/Src/main.c:768:13:MX_TIM8_Init	120	static
../Core/Src/main.c:855:13:MX_TIM15_Init	120	static
../Core/Src/main.c:936:13:MX_TIM16_Init	24	static
../Core/Src/main.c:983:13:MX_USART2_UART_Init	8	static
../Core/Src/main.c:1029:13:MX_DMA_Init	24	static
../Core/Src/main.c:1061:13:MX_GPIO_Init	48	static
../Core/Src/main.c:1134:6:HAL_GPIO_EXTI_Callback	16	static
../Core/Src/main.c:1158:6:HAL_TIM_PeriodElapsedCallback	16	static
../Core/Src/main.c:1266:6:DMACallbackADC1	16	static
../Core/Src/main.c:1288:6:DMACallbackADC2	16	static
../Core/Src/main.c:1318:13:StatusLEDControl	16	static
../Core/Src/main.c:1358:6:HAL_TIM_IC_CaptureCallback	16	static
../Core/Src/main.c:1422:13:Hw_Buck_Init	32	static
../Core/Src/main.c:1441:13:Hw_Buck_Deinit	32	static
../Core/Src/main.c:1461:13:SetOutputVoltage	24	static,ignoring_inline_asm
../Core/Src/main.c:1479:13:SetError	8	static
../Core/Src/main.c:1513:6:Error_Handler	4	static,ignoring_inline_asm
