../Core/Src/stm32g4xx_hal_msp.c:70:6:HAL_MspInit	16	static
../Core/Src/stm32g4xx_hal_msp.c:104:6:HAL_ADC_MspInit	136	static
../Core/Src/stm32g4xx_hal_msp.c:236:6:HAL_ADC_MspDeInit	8	static
../Core/Src/stm32g4xx_hal_msp.c:298:6:HAL_SPI_MspInit	48	static
../Core/Src/stm32g4xx_hal_msp.c:352:6:HAL_SPI_MspDeInit	8	static
../Core/Src/stm32g4xx_hal_msp.c:383:6:HAL_TIM_Base_MspInit	48	static
../Core/Src/stm32g4xx_hal_msp.c:440:6:HAL_TIM_MspPostInit	32	static
../Core/Src/stm32g4xx_hal_msp.c:480:6:HAL_TIM_Base_MspDeInit	8	static
../Core/Src/stm32g4xx_hal_msp.c:535:6:HAL_UART_MspInit	104	static
../Core/Src/stm32g4xx_hal_msp.c:583:6:HAL_UART_MspDeInit	0	static
