../Core/Src/main.c:218:5:main	40	static
../Core/Src/main.c:377:6:SystemClock_Config	88	static
../Core/Src/main.c:424:13:MX_ADC1_Init	56	static
../Core/Src/main.c:503:13:MX_ADC2_Init	40	static
../Core/Src/main.c:581:13:MX_SPI1_Init	8	static
../Core/Src/main.c:621:13:MX_TIM1_Init	136	static
../Core/Src/main.c:722:13:MX_TIM2_Init	40	static
../Core/Src/main.c:769:13:MX_TIM8_Init	120	static
../Core/Src/main.c:856:13:MX_TIM15_Init	120	static
../Core/Src/main.c:937:13:MX_TIM16_Init	24	static
../Core/Src/main.c:984:13:MX_USART2_UART_Init	8	static
../Core/Src/main.c:1030:13:MX_DMA_Init	24	static
../Core/Src/main.c:1062:13:MX_GPIO_Init	48	static
../Core/Src/main.c:1135:6:HAL_GPIO_EXTI_Callback	16	static
../Core/Src/main.c:1159:6:HAL_TIM_PeriodElapsedCallback	16	static
../Core/Src/main.c:1270:6:DMACallbackADC1	16	static
../Core/Src/main.c:1292:6:DMACallbackADC2	16	static
../Core/Src/main.c:1322:13:StatusLEDControl	16	static
../Core/Src/main.c:1362:6:HAL_TIM_IC_CaptureCallback	16	static
../Core/Src/main.c:1426:13:Hw_Buck_Init	32	static
../Core/Src/main.c:1445:13:Hw_Buck_Deinit	32	static
../Core/Src/main.c:1465:13:SetOutputVoltage	24	static,ignoring_inline_asm
../Core/Src/main.c:1483:13:SetError	8	static
../Core/Src/main.c:1517:6:Error_Handler	4	static,ignoring_inline_asm
