../Core/Src/main.c:211:5:main	16	static
../Core/Src/main.c:338:6:SystemClock_Config	88	static
../Core/Src/main.c:384:13:MX_ADC1_Init	56	static
../Core/Src/main.c:461:13:MX_ADC2_Init	40	static
../Core/Src/main.c:538:13:MX_SPI1_Init	8	static
../Core/Src/main.c:578:13:MX_TIM1_Init	136	static
../Core/Src/main.c:674:13:MX_TIM2_Init	40	static
../Core/Src/main.c:719:13:MX_TIM8_Init	120	static
../Core/Src/main.c:802:13:MX_TIM15_Init	120	static
../Core/Src/main.c:879:13:MX_TIM16_Init	24	static
../Core/Src/main.c:925:13:MX_USART2_UART_Init	8	static
../Core/Src/main.c:971:13:MX_DMA_Init	16	static
../Core/Src/main.c:1002:13:MX_GPIO_Init	48	static
../Core/Src/main.c:1074:6:HAL_GPIO_EXTI_Callback	16	static
../Core/Src/main.c:1098:6:HAL_TIM_PeriodElapsedCallback	16	static
../Core/Src/main.c:1205:6:DMACallbackADC1	16	static
../Core/Src/main.c:1227:6:DMACallbackADC2	16	static
../Core/Src/main.c:1257:13:StatusLEDControl	16	static
../Core/Src/main.c:1297:6:HAL_TIM_IC_CaptureCallback	16	static
../Core/Src/main.c:1361:13:Hw_Buck_Init	32	static
../Core/Src/main.c:1379:13:Hw_Buck_Deinit	32	static
../Core/Src/main.c:1398:13:SetOutputVoltage	24	static,ignoring_inline_asm
../Core/Src/main.c:1416:13:SetError	8	static
../Core/Src/main.c:1450:6:Error_Handler	4	static,ignoring_inline_asm
