../Core/Src/stm32g4xx_hal_msp.c:75:6:HAL_MspInit	16	static
../Core/Src/stm32g4xx_hal_msp.c:108:6:HAL_ADC_MspInit	136	static
../Core/Src/stm32g4xx_hal_msp.c:240:6:HAL_ADC_MspDeInit	8	static
../Core/Src/stm32g4xx_hal_msp.c:302:6:HAL_SPI_MspInit	40	static
../Core/Src/stm32g4xx_hal_msp.c:356:6:HAL_SPI_MspDeInit	8	static
../Core/Src/stm32g4xx_hal_msp.c:387:6:HAL_TIM_Base_MspInit	56	static
../Core/Src/stm32g4xx_hal_msp.c:481:6:HAL_TIM_MspPostInit	48	static
../Core/Src/stm32g4xx_hal_msp.c:562:6:HAL_TIM_Base_MspDeInit	8	static
../Core/Src/stm32g4xx_hal_msp.c:662:6:HAL_UART_MspInit	112	static
../Core/Src/stm32g4xx_hal_msp.c:747:6:HAL_UART_MspDeInit	8	static
