Archive member included to satisfy reference by file (symbol)

c:/st/stm32cubeide_1.9.0/stm32cubeide/plugins/com.st.stm32cube.ide.mcu.externaltools.gnu-tools-for-stm32.10.3-2021.10.win32_1.0.0.202111181127/tools/bin/../lib/gcc/arm-none-eabi/10.3.1/../../../../arm-none-eabi/lib/thumb/v7e-m+fp/hard\libc_nano.a(lib_a-errno.o)
                              ./Core/Src/syscalls.o (__errno)
c:/st/stm32cubeide_1.9.0/stm32cubeide/plugins/com.st.stm32cube.ide.mcu.externaltools.gnu-tools-for-stm32.10.3-2021.10.win32_1.0.0.202111181127/tools/bin/../lib/gcc/arm-none-eabi/10.3.1/../../../../arm-none-eabi/lib/thumb/v7e-m+fp/hard\libc_nano.a(lib_a-exit.o)
                              c:/st/stm32cubeide_1.9.0/stm32cubeide/plugins/com.st.stm32cube.ide.mcu.externaltools.gnu-tools-for-stm32.10.3-2021.10.win32_1.0.0.202111181127/tools/bin/../lib/gcc/arm-none-eabi/10.3.1/../../../../arm-none-eabi/lib/thumb/v7e-m+fp/hard/crt0.o (exit)
c:/st/stm32cubeide_1.9.0/stm32cubeide/plugins/com.st.stm32cube.ide.mcu.externaltools.gnu-tools-for-stm32.10.3-2021.10.win32_1.0.0.202111181127/tools/bin/../lib/gcc/arm-none-eabi/10.3.1/../../../../arm-none-eabi/lib/thumb/v7e-m+fp/hard\libc_nano.a(lib_a-impure.o)
                              c:/st/stm32cubeide_1.9.0/stm32cubeide/plugins/com.st.stm32cube.ide.mcu.externaltools.gnu-tools-for-stm32.10.3-2021.10.win32_1.0.0.202111181127/tools/bin/../lib/gcc/arm-none-eabi/10.3.1/../../../../arm-none-eabi/lib/thumb/v7e-m+fp/hard\libc_nano.a(lib_a-exit.o) (_global_impure_ptr)
c:/st/stm32cubeide_1.9.0/stm32cubeide/plugins/com.st.stm32cube.ide.mcu.externaltools.gnu-tools-for-stm32.10.3-2021.10.win32_1.0.0.202111181127/tools/bin/../lib/gcc/arm-none-eabi/10.3.1/../../../../arm-none-eabi/lib/thumb/v7e-m+fp/hard\libc_nano.a(lib_a-init.o)
                              c:/st/stm32cubeide_1.9.0/stm32cubeide/plugins/com.st.stm32cube.ide.mcu.externaltools.gnu-tools-for-stm32.10.3-2021.10.win32_1.0.0.202111181127/tools/bin/../lib/gcc/arm-none-eabi/10.3.1/../../../../arm-none-eabi/lib/thumb/v7e-m+fp/hard/crt0.o (__libc_init_array)
c:/st/stm32cubeide_1.9.0/stm32cubeide/plugins/com.st.stm32cube.ide.mcu.externaltools.gnu-tools-for-stm32.10.3-2021.10.win32_1.0.0.202111181127/tools/bin/../lib/gcc/arm-none-eabi/10.3.1/../../../../arm-none-eabi/lib/thumb/v7e-m+fp/hard\libc_nano.a(lib_a-memcpy-stub.o)
                              ./UserLib/Src/MAX31855.o (memcpy)
c:/st/stm32cubeide_1.9.0/stm32cubeide/plugins/com.st.stm32cube.ide.mcu.externaltools.gnu-tools-for-stm32.10.3-2021.10.win32_1.0.0.202111181127/tools/bin/../lib/gcc/arm-none-eabi/10.3.1/../../../../arm-none-eabi/lib/thumb/v7e-m+fp/hard\libc_nano.a(lib_a-memset.o)
                              c:/st/stm32cubeide_1.9.0/stm32cubeide/plugins/com.st.stm32cube.ide.mcu.externaltools.gnu-tools-for-stm32.10.3-2021.10.win32_1.0.0.202111181127/tools/bin/../lib/gcc/arm-none-eabi/10.3.1/../../../../arm-none-eabi/lib/thumb/v7e-m+fp/hard/crt0.o (memset)
c:/st/stm32cubeide_1.9.0/stm32cubeide/plugins/com.st.stm32cube.ide.mcu.externaltools.gnu-tools-for-stm32.10.3-2021.10.win32_1.0.0.202111181127/tools/bin/../lib/gcc/arm-none-eabi/10.3.1/thumb/v7e-m+fp/hard\libgcc.a(_aeabi_ldivmod.o)
                              ./Drivers/STM32G4xx_HAL_Driver/Src/stm32g4xx_hal_uart.o (__aeabi_ldivmod)
c:/st/stm32cubeide_1.9.0/stm32cubeide/plugins/com.st.stm32cube.ide.mcu.externaltools.gnu-tools-for-stm32.10.3-2021.10.win32_1.0.0.202111181127/tools/bin/../lib/gcc/arm-none-eabi/10.3.1/thumb/v7e-m+fp/hard\libgcc.a(_aeabi_uldivmod.o)
                              ./Drivers/STM32G4xx_HAL_Driver/Src/stm32g4xx_hal_uart.o (__aeabi_uldivmod)
c:/st/stm32cubeide_1.9.0/stm32cubeide/plugins/com.st.stm32cube.ide.mcu.externaltools.gnu-tools-for-stm32.10.3-2021.10.win32_1.0.0.202111181127/tools/bin/../lib/gcc/arm-none-eabi/10.3.1/thumb/v7e-m+fp/hard\libgcc.a(_udivmoddi4.o)
                              c:/st/stm32cubeide_1.9.0/stm32cubeide/plugins/com.st.stm32cube.ide.mcu.externaltools.gnu-tools-for-stm32.10.3-2021.10.win32_1.0.0.202111181127/tools/bin/../lib/gcc/arm-none-eabi/10.3.1/thumb/v7e-m+fp/hard\libgcc.a(_aeabi_ldivmod.o) (__udivmoddi4)
c:/st/stm32cubeide_1.9.0/stm32cubeide/plugins/com.st.stm32cube.ide.mcu.externaltools.gnu-tools-for-stm32.10.3-2021.10.win32_1.0.0.202111181127/tools/bin/../lib/gcc/arm-none-eabi/10.3.1/thumb/v7e-m+fp/hard\libgcc.a(_dvmd_tls.o)
                              c:/st/stm32cubeide_1.9.0/stm32cubeide/plugins/com.st.stm32cube.ide.mcu.externaltools.gnu-tools-for-stm32.10.3-2021.10.win32_1.0.0.202111181127/tools/bin/../lib/gcc/arm-none-eabi/10.3.1/thumb/v7e-m+fp/hard\libgcc.a(_aeabi_ldivmod.o) (__aeabi_ldiv0)

Discarded input sections

 .text          0x0000000000000000        0x0 c:/st/stm32cubeide_1.9.0/stm32cubeide/plugins/com.st.stm32cube.ide.mcu.externaltools.gnu-tools-for-stm32.10.3-2021.10.win32_1.0.0.202111181127/tools/bin/../lib/gcc/arm-none-eabi/10.3.1/thumb/v7e-m+fp/hard/crti.o
[...]
Memory Configuration

Name             Origin             Length             Attributes
RAM              0x0000000020000000 0x0000000000008000 xrw
FLASH            0x0000000008000000 0x0000000000020000 xr
*default*        0x0000000000000000 0xffffffffffffffff

Linker script and memory map

LOAD c:/st/stm32cubeide_1.9.0/stm32cubeide/plugins/com.st.stm32cube.ide.mcu.externaltools.gnu-tools-for-stm32.10.3-2021.10.win32_1.0.0.202111181127/tools/bin/../lib/gcc/arm-none-eabi/10.3.1/thumb/v7e-m+fp/hard/crti.o
LOAD c:/st/stm32cubeide_1.9.0/stm32cubeide/plugins/com.st.stm32cube.ide.mcu.externaltools.gnu-tools-for-stm32.10.3-2021.10.win32_1.0.0.202111181127/tools/bin/../lib/gcc/arm-none-eabi/10.3.1/thumb/v7e-m+fp/hard/crtbegin.o
LOAD c:/st/stm32cubeide_1.9.0/stm32cubeide/plugins/com.st.stm32cube.ide.mcu.externaltools.gnu-tools-for-stm32.10.3-2021.10.win32_1.0.0.202111181127/tools/bin/../lib/gcc/arm-none-eabi/10.3.1/../../../../arm-none-eabi/lib/thumb/v7e-m+fp/hard/crt0.o
LOAD ./Core/Src/main.o
LOAD ./Core/Src/stm32g4xx_hal_msp.o
LOAD ./Core/Src/stm32g4xx_it.o
LOAD ./Core/Src/syscalls.o
LOAD ./Core/Src/sysmem.o
LOAD ./Core/Src/system_stm32g4xx.o
LOAD ./Core/Startup/startup_stm32g431cbtx.o
LOAD ./Drivers/STM32G4xx_HAL_Driver/Src/stm32g4xx_hal.o
LOAD ./Drivers/STM32G4xx_HAL_Driver/Src/stm32g4xx_hal_adc.o
LOAD ./Drivers/STM32G4xx_HAL_Driver/Src/stm32g4xx_hal_adc_ex.o
LOAD ./Drivers/STM32G4xx_HAL_Driver/Src/stm32g4xx_hal_cortex.o
LOAD ./Drivers/STM32G4xx_HAL_Driver/Src/stm32g4xx_hal_dma.o
LOAD ./Drivers/STM32G4xx_HAL_Driver/Src/stm32g4xx_hal_dma_ex.o
LOAD ./Drivers/STM32G4xx_HAL_Driver/Src/stm32g4xx_hal_exti.o
LOAD ./Drivers/STM32G4xx_HAL_Driver/Src/stm32g4xx_hal_flash.o
LOAD ./Drivers/STM32G4xx_HAL_Driver/Src/stm32g4xx_hal_flash_ex.o
LOAD ./Drivers/STM32G4xx_HAL_Driver/Src/stm32g4xx_hal_flash_ramfunc.o
LOAD ./Drivers/STM32G4xx_HAL_Driver/Src/stm32g4xx_hal_gpio.o
LOAD ./Drivers/STM32G4xx_HAL_Driver/Src/stm32g4xx_hal_pwr.o
LOAD ./Drivers/STM32G4xx_HAL_Driver/Src/stm32g4xx_hal_pwr_ex.o
LOAD ./Drivers/STM32G4xx_HAL_Driver/Src/stm32g4xx_hal_rcc.o
LOAD ./Drivers/STM32G4xx_HAL_Driver/Src/stm32g4xx_hal_rcc_ex.o
LOAD ./Drivers/STM32G4xx_HAL_Driver/Src/stm32g4xx_hal_spi.o
LOAD ./Drivers/STM32G4xx_HAL_Driver/Src/stm32g4xx_hal_spi_ex.o
LOAD ./Drivers/STM32G4xx_HAL_Driver/Src/stm32g4xx_hal_tim.o
LOAD ./Drivers/STM32G4xx_HAL_Driver/Src/stm32g4xx_hal_tim_ex.o
LOAD ./Drivers/STM32G4xx_HAL_Driver/Src/stm32g4xx_hal_uart.o
LOAD ./Drivers/STM32G4xx_HAL_Driver/Src/stm32g4xx_hal_uart_ex.o
LOAD ./Drivers/STM32G4xx_HAL_Driver/Src/stm32g4xx_ll_adc.o
LOAD ./UserLib/Src/MAX31855.o
START GROUP
LOAD c:/st/stm32cubeide_1.9.0/stm32cubeide/plugins/com.st.stm32cube.ide.mcu.externaltools.gnu-tools-for-stm32.10.3-2021.10.win32_1.0.0.202111181127/tools/bin/../lib/gcc/arm-none-eabi/10.3.1/../../../../arm-none-eabi/lib/thumb/v7e-m+fp/hard\libc_nano.a
LOAD c:/st/stm32cubeide_1.9.0/stm32cubeide/plugins/com.st.stm32cube.ide.mcu.externaltools.gnu-tools-for-stm32.10.3-2021.10.win32_1.0.0.202111181127/tools/bin/../lib/gcc/arm-none-eabi/10.3.1/../../../../arm-none-eabi/lib/thumb/v7e-m+fp/hard\libm.a
END GROUP
START GROUP
LOAD c:/st/stm32cubeide_1.9.0/stm32cubeide/plugins/com.st.stm32cube.ide.mcu.externaltools.gnu-tools-for-stm32.10.3-2021.10.win32_1.0.0.202111181127/tools/bin/../lib/gcc/arm-none-eabi/10.3.1/thumb/v7e-m+fp/hard\libgcc.a
LOAD c:/st/stm32cubeide_1.9.0/stm32cubeide/plugins/com.st.stm32cube.ide.mcu.externaltools.gnu-tools-for-stm32.10.3-2021.10.win32_1.0.0.202111181127/tools/bin/../lib/gcc/arm-none-eabi/10.3.1/../../../../arm-none-eabi/lib/thumb/v7e-m+fp/hard\libc_nano.a
END GROUP
START GROUP
LOAD c:/st/stm32cubeide_1.9.0/stm32cubeide/plugins/com.st.stm32cube.ide.mcu.externaltools.gnu-tools-for-stm32.10.3-2021.10.win32_1.0.0.202111181127/tools/bin/../lib/gcc/arm-none-eabi/10.3.1/thumb/v7e-m+fp/hard\libgcc.a
LOAD c:/st/stm32cubeide_1.9.0/stm32cubeide/plugins/com.st.stm32cube.ide.mcu.externaltools.gnu-tools-for-stm32.10.3-2021.10.win32_1.0.0.202111181127/tools/bin/../lib/gcc/arm-none-eabi/10.3.1/../../../../arm-none-eabi/lib/thumb/v7e-m+fp/hard\libc_nano.a
LOAD c:/st/stm32cubeide_1.9.0/stm32cubeide/plugins/com.st.stm32cube.ide.mcu.externaltools.gnu-tools-for-stm32.10.3-2021.10.win32_1.0.0.202111181127/tools/bin/../lib/gcc/arm-none-eabi/10.3.1/../../../../arm-none-eabi/lib/thumb/v7e-m+fp/hard\libnosys.a
END GROUP
START GROUP
LOAD c:/st/stm32cubeide_1.9.0/stm32cubeide/plugins/com.st.stm32cube.ide.mcu.externaltools.gnu-tools-for-stm32.10.3-2021.10.win32_1.0.0.202111181127/tools/bin/../lib/gcc/arm-none-eabi/10.3.1/thumb/v7e-m+fp/hard\libgcc.a
LOAD c:/st/stm32cubeide_1.9.0/stm32cubeide/plugins/com.st.stm32cube.ide.mcu.externaltools.gnu-tools-for-stm32.10.3-2021.10.win32_1.0.0.202111181127/tools/bin/../lib/gcc/arm-none-eabi/10.3.1/../../../../arm-none-eabi/lib/thumb/v7e-m+fp/hard\libc_nano.a
LOAD c:/st/stm32cubeide_1.9.0/stm32cubeide/plugins/com.st.stm32cube.ide.mcu.externaltools.gnu-tools-for-stm32.10.3-2021.10.win32_1.0.0.202111181127/tools/bin/../lib/gcc/arm-none-eabi/10.3.1/../../../../arm-none-eabi/lib/thumb/v7e-m+fp/hard\libnosys.a
END GROUP
LOAD c:/st/stm32cubeide_1.9.0/stm32cubeide/plugins/com.st.stm32cube.ide.mcu.externaltools.gnu-tools-for-stm32.10.3-2021.10.win32_1.0.0.202111181127/tools/bin/../lib/gcc/arm-none-eabi/10.3.1/thumb/v7e-m+fp/hard/crtend.o
LOAD c:/st/stm32cubeide_1.9.0/stm32cubeide/plugins/com.st.stm32cube.ide.mcu.externaltools.gnu-tools-for-stm32.10.3-2021.10.win32_1.0.0.202111181127/tools/bin/../lib/gcc/arm-none-eabi/10.3.1/thumb/v7e-m+fp/hard/crtn.o
                0x0000000020008000                _estack = (ORIGIN (RAM) + LENGTH (RAM))
                0x0000000000000200                _Min_Heap_Size = 0x200
                0x0000000000000400                _Min_Stack_Size = 0x400

.isr_vector     0x0000000008000000      0x1d8
                0x0000000008000000                . = ALIGN (0x4)
 *(.isr_vector)
 .isr_vector    0x0000000008000000      0x1d8 ./Core/Startup/startup_stm32g431cbtx.o
                0x0000000008000000                g_pfnVectors
                0x00000000080001d8                . = ALIGN (0x4)

.text           0x00000000080001d8     0x4c98
                0x00000000080001d8                . = ALIGN (0x4)
 *(.text)
 .text          0x00000000080001d8       0x40 c:/st/stm32cubeide_1.9.0/stm32cubeide/plugins/com.st.stm32cube.ide.mcu.externaltools.gnu-tools-for-stm32.10.3-2021.10.win32_1.0.0.202111181127/tools/bin/../lib/gcc/arm-none-eabi/10.3.1/thumb/v7e-m+fp/hard/crtbegin.o
 .text          0x0000000008000218       0x30 c:/st/stm32cubeide_1.9.0/stm32cubeide/plugins/com.st.stm32cube.ide.mcu.externaltools.gnu-tools-for-stm32.10.3-2021.10.win32_1.0.0.202111181127/tools/bin/../lib/gcc/arm-none-eabi/10.3.1/thumb/v7e-m+fp/hard\libgcc.a(_aeabi_uldivmod.o)
                0x0000000008000218                __aeabi_uldivmod
 .text          0x0000000008000248      0x2d0 c:/st/stm32cubeide_1.9.0/stm32cubeide/plugins/com.st.stm32cube.ide.mcu.externaltools.gnu-tools-for-stm32.10.3-2021.10.win32_1.0.0.202111181127/tools/bin/../lib/gcc/arm-none-eabi/10.3.1/thumb/v7e-m+fp/hard\libgcc.a(_udivmoddi4.o)
                0x0000000008000248                __udivmoddi4
 .text          0x0000000008000518        0x4 c:/st/stm32cubeide_1.9.0/stm32cubeide/plugins/com.st.stm32cube.ide.mcu.externaltools.gnu-tools-for-stm32.10.3-2021.10.win32_1.0.0.202111181127/tools/bin/../lib/gcc/arm-none-eabi/10.3.1/thumb/v7e-m+fp/hard\libgcc.a(_dvmd_tls.o)
                0x0000000008000518                __aeabi_idiv0
                0x0000000008000518                __aeabi_ldiv0
 *(.text*)
 .text.DMACallbackADC1
                0x000000000800051c        0x4 ./Core/Src/main.o
                0x000000000800051c                DMACallbackADC1
 .text.Hw_Buck_Deinit
                0x0000000008000520       0x40 ./Core/Src/main.o
 .text.SetError
                0x0000000008000560       0x78 ./Core/Src/main.o
 .text.DMACallbackADC2
                0x00000000080005d8       0x78 ./Core/Src/main.o
                0x00000000080005d8                DMACallbackADC2
 .text.SystemClock_Config
                0x0000000008000650       0x68 ./Core/Src/main.o
                0x0000000008000650                SystemClock_Config
 .text.startup.main
                0x00000000080006b8      0x6fc ./Core/Src/main.o
                0x00000000080006b8                main
 .text.HAL_GPIO_EXTI_Callback
                0x0000000008000db4       0x54 ./Core/Src/main.o
                0x0000000008000db4                HAL_GPIO_EXTI_Callback
 .text.HAL_TIM_PeriodElapsedCallback
                0x0000000008000e08      0x1f8 ./Core/Src/main.o
                0x0000000008000e08                HAL_TIM_PeriodElapsedCallback
 .text.HAL_TIM_IC_CaptureCallback
                0x0000000008001000       0xc8 ./Core/Src/main.o
                0x0000000008001000                HAL_TIM_IC_CaptureCallback
 .text.Error_Handler
                0x00000000080010c8        0x4 ./Core/Src/main.o
                0x00000000080010c8                Error_Handler
 .text.HAL_MspInit
                0x00000000080010cc       0x48 ./Core/Src/stm32g4xx_hal_msp.o
                0x00000000080010cc                HAL_MspInit
 .text.HAL_ADC_MspInit
                0x0000000008001114      0x198 ./Core/Src/stm32g4xx_hal_msp.o
                0x0000000008001114                HAL_ADC_MspInit
 .text.HAL_SPI_MspInit
                0x00000000080012ac       0x94 ./Core/Src/stm32g4xx_hal_msp.o
                0x00000000080012ac                HAL_SPI_MspInit
 .text.HAL_TIM_Base_MspInit
                0x0000000008001340       0xc0 ./Core/Src/stm32g4xx_hal_msp.o
                0x0000000008001340                HAL_TIM_Base_MspInit
 .text.HAL_TIM_MspPostInit
                0x0000000008001400       0x68 ./Core/Src/stm32g4xx_hal_msp.o
                0x0000000008001400                HAL_TIM_MspPostInit
 .text.HAL_UART_MspInit
                0x0000000008001468       0x80 ./Core/Src/stm32g4xx_hal_msp.o
                0x0000000008001468                HAL_UART_MspInit
 .text.NMI_Handler
                0x00000000080014e8        0x2 ./Core/Src/stm32g4xx_it.o
                0x00000000080014e8                NMI_Handler
 .text.HardFault_Handler
                0x00000000080014ea        0x2 ./Core/Src/stm32g4xx_it.o
                0x00000000080014ea                HardFault_Handler
 .text.MemManage_Handler
                0x00000000080014ec        0x2 ./Core/Src/stm32g4xx_it.o
                0x00000000080014ec                MemManage_Handler
 .text.BusFault_Handler
                0x00000000080014ee        0x2 ./Core/Src/stm32g4xx_it.o
                0x00000000080014ee                BusFault_Handler
 .text.UsageFault_Handler
                0x00000000080014f0        0x2 ./Core/Src/stm32g4xx_it.o
                0x00000000080014f0                UsageFault_Handler
 .text.SVC_Handler
                0x00000000080014f2        0x2 ./Core/Src/stm32g4xx_it.o
                0x00000000080014f2                SVC_Handler
 .text.DebugMon_Handler
                0x00000000080014f4        0x2 ./Core/Src/stm32g4xx_it.o
                0x00000000080014f4                DebugMon_Handler
 .text.PendSV_Handler
                0x00000000080014f6        0x2 ./Core/Src/stm32g4xx_it.o
                0x00000000080014f6                PendSV_Handler
 .text.SysTick_Handler
                0x00000000080014f8        0x4 ./Core/Src/stm32g4xx_it.o
                0x00000000080014f8                SysTick_Handler
 .text.PVD_PVM_IRQHandler
                0x00000000080014fc        0x4 ./Core/Src/stm32g4xx_it.o
                0x00000000080014fc                PVD_PVM_IRQHandler
 .text.DMA1_Channel1_IRQHandler
                0x0000000008001500        0xc ./Core/Src/stm32g4xx_it.o
                0x0000000008001500                DMA1_Channel1_IRQHandler
 .text.DMA1_Channel2_IRQHandler
                0x000000000800150c        0xc ./Core/Src/stm32g4xx_it.o
                0x000000000800150c                DMA1_Channel2_IRQHandler
 .text.DMA1_Channel3_IRQHandler
                0x0000000008001518        0xc ./Core/Src/stm32g4xx_it.o
                0x0000000008001518                DMA1_Channel3_IRQHandler
 .text.EXTI9_5_IRQHandler
                0x0000000008001524        0x6 ./Core/Src/stm32g4xx_it.o
                0x0000000008001524                EXTI9_5_IRQHandler
 *fill*         0x000000000800152a        0x2 
 .text.TIM1_UP_TIM16_IRQHandler
                0x000000000800152c        0xc ./Core/Src/stm32g4xx_it.o
                0x000000000800152c                TIM1_UP_TIM16_IRQHandler
 .text.TIM2_IRQHandler
                0x0000000008001538        0xc ./Core/Src/stm32g4xx_it.o
                0x0000000008001538                TIM2_IRQHandler
 .text.EXTI15_10_IRQHandler
                0x0000000008001544        0x8 ./Core/Src/stm32g4xx_it.o
                0x0000000008001544                EXTI15_10_IRQHandler
 .text.SystemInit
                0x000000000800154c       0x14 ./Core/Src/system_stm32g4xx.o
                0x000000000800154c                SystemInit
 .text.Reset_Handler
                0x0000000008001560       0x50 ./Core/Startup/startup_stm32g431cbtx.o
                0x0000000008001560                Reset_Handler
 .text.Default_Handler
                0x00000000080015b0        0x2 ./Core/Startup/startup_stm32g431cbtx.o
                0x00000000080015b0                RTC_Alarm_IRQHandler
                0x00000000080015b0                EXTI2_IRQHandler
                0x00000000080015b0                TIM8_TRG_COM_IRQHandler
                0x00000000080015b0                TIM8_CC_IRQHandler
                0x00000000080015b0                TIM1_CC_IRQHandler
                0x00000000080015b0                USB_HP_IRQHandler
                0x00000000080015b0                CORDIC_IRQHandler
                0x00000000080015b0                EXTI3_IRQHandler
                0x00000000080015b0                I2C3_ER_IRQHandler
                0x00000000080015b0                EXTI0_IRQHandler
                0x00000000080015b0                I2C2_EV_IRQHandler
                0x00000000080015b0                FPU_IRQHandler
                0x00000000080015b0                FDCAN1_IT1_IRQHandler
                0x00000000080015b0                ADC1_2_IRQHandler
                0x00000000080015b0                SPI1_IRQHandler
                0x00000000080015b0                TIM6_DAC_IRQHandler
                0x00000000080015b0                TIM8_UP_IRQHandler
                0x00000000080015b0                DMA2_Channel2_IRQHandler
                0x00000000080015b0                DMA1_Channel4_IRQHandler
                0x00000000080015b0                USART3_IRQHandler
                0x00000000080015b0                TIM4_IRQHandler
                0x00000000080015b0                DMA2_Channel1_IRQHandler
                0x00000000080015b0                I2C1_EV_IRQHandler
                0x00000000080015b0                DMA1_Channel6_IRQHandler
                0x00000000080015b0                UART4_IRQHandler
                0x00000000080015b0                DMA2_Channel4_IRQHandler
                0x00000000080015b0                TIM3_IRQHandler
                0x00000000080015b0                RCC_IRQHandler
                0x00000000080015b0                Default_Handler
                0x00000000080015b0                RTC_TAMP_LSECSS_IRQHandler
                0x00000000080015b0                FMAC_IRQHandler
                0x00000000080015b0                TIM7_IRQHandler
                0x00000000080015b0                UCPD1_IRQHandler
                0x00000000080015b0                I2C3_EV_IRQHandler
                0x00000000080015b0                RTC_WKUP_IRQHandler
                0x00000000080015b0                SPI2_IRQHandler
                0x00000000080015b0                DMA2_Channel5_IRQHandler
                0x00000000080015b0                CRS_IRQHandler
                0x00000000080015b0                DMA1_Channel5_IRQHandler
                0x00000000080015b0                USB_LP_IRQHandler
                0x00000000080015b0                EXTI4_IRQHandler
                0x00000000080015b0                RNG_IRQHandler
                0x00000000080015b0                TIM1_TRG_COM_TIM17_IRQHandler
                0x00000000080015b0                WWDG_IRQHandler
                0x00000000080015b0                LPUART1_IRQHandler
                0x00000000080015b0                DMA2_Channel6_IRQHandler
                0x00000000080015b0                FDCAN1_IT0_IRQHandler
                0x00000000080015b0                COMP1_2_3_IRQHandler
                0x00000000080015b0                EXTI1_IRQHandler
                0x00000000080015b0                USART2_IRQHandler
                0x00000000080015b0                I2C2_ER_IRQHandler
                0x00000000080015b0                TIM8_BRK_IRQHandler
                0x00000000080015b0                FLASH_IRQHandler
                0x00000000080015b0                USART1_IRQHandler
                0x00000000080015b0                SPI3_IRQHandler
                0x00000000080015b0                I2C1_ER_IRQHandler
                0x00000000080015b0                LPTIM1_IRQHandler
                0x00000000080015b0                DMAMUX_OVR_IRQHandler
                0x00000000080015b0                USBWakeUp_IRQHandler
                0x00000000080015b0                SAI1_IRQHandler
                0x00000000080015b0                DMA2_Channel3_IRQHandler
                0x00000000080015b0                COMP4_IRQHandler
                0x00000000080015b0                TIM1_BRK_TIM15_IRQHandler
 *fill*         0x00000000080015b2        0x2 
 .text.HAL_InitTick
                0x00000000080015b4       0x4c ./Drivers/STM32G4xx_HAL_Driver/Src/stm32g4xx_hal.o
                0x00000000080015b4                HAL_InitTick
 .text.HAL_Init
                0x0000000008001600       0x1e ./Drivers/STM32G4xx_HAL_Driver/Src/stm32g4xx_hal.o
                0x0000000008001600                HAL_Init
 *fill*         0x000000000800161e        0x2 
 .text.HAL_IncTick
                0x0000000008001620       0x18 ./Drivers/STM32G4xx_HAL_Driver/Src/stm32g4xx_hal.o
                0x0000000008001620                HAL_IncTick
 .text.HAL_GetTick
                0x0000000008001638        0xc ./Drivers/STM32G4xx_HAL_Driver/Src/stm32g4xx_hal.o
                0x0000000008001638                HAL_GetTick
 .text.LL_ADC_SetChannelSamplingTime
                0x0000000008001644       0x22 ./Drivers/STM32G4xx_HAL_Driver/Src/stm32g4xx_hal_adc.o
 .text.LL_ADC_REG_IsConversionOngoing
                0x0000000008001666        0x8 ./Drivers/STM32G4xx_HAL_Driver/Src/stm32g4xx_hal_adc.o
 *fill*         0x000000000800166e        0x2 
 .text.HAL_ADC_Init
                0x0000000008001670      0x1e8 ./Drivers/STM32G4xx_HAL_Driver/Src/stm32g4xx_hal_adc.o
                0x0000000008001670                HAL_ADC_Init
 .text.HAL_ADC_ConvCpltCallback
                0x0000000008001858        0x2 ./Drivers/STM32G4xx_HAL_Driver/Src/stm32g4xx_hal_adc.o
                0x0000000008001858                HAL_ADC_ConvCpltCallback
 .text.HAL_ADC_ConvHalfCpltCallback
                0x000000000800185a        0x2 ./Drivers/STM32G4xx_HAL_Driver/Src/stm32g4xx_hal_adc.o
                0x000000000800185a                HAL_ADC_ConvHalfCpltCallback
 .text.ADC_DMAHalfConvCplt
                0x000000000800185c        0xa ./Drivers/STM32G4xx_HAL_Driver/Src/stm32g4xx_hal_adc.o
                0x000000000800185c                ADC_DMAHalfConvCplt
 .text.HAL_ADC_ErrorCallback
                0x0000000008001866        0x2 ./Drivers/STM32G4xx_HAL_Driver/Src/stm32g4xx_hal_adc.o
                0x0000000008001866                HAL_ADC_ErrorCallback
 .text.ADC_DMAConvCplt
                0x0000000008001868       0x68 ./Drivers/STM32G4xx_HAL_Driver/Src/stm32g4xx_hal_adc.o
                0x0000000008001868                ADC_DMAConvCplt
 .text.ADC_DMAError
                0x00000000080018d0       0x1a ./Drivers/STM32G4xx_HAL_Driver/Src/stm32g4xx_hal_adc.o
                0x00000000080018d0                ADC_DMAError
 *fill*         0x00000000080018ea        0x2 
 .text.HAL_ADC_ConfigChannel
                0x00000000080018ec      0x394 ./Drivers/STM32G4xx_HAL_Driver/Src/stm32g4xx_hal_adc.o
                0x00000000080018ec                HAL_ADC_ConfigChannel
 .text.ADC_Enable
                0x0000000008001c80       0x74 ./Drivers/STM32G4xx_HAL_Driver/Src/stm32g4xx_hal_adc.o
                0x0000000008001c80                ADC_Enable
 .text.HAL_ADC_Start_DMA
                0x0000000008001cf4       0xf4 ./Drivers/STM32G4xx_HAL_Driver/Src/stm32g4xx_hal_adc.o
                0x0000000008001cf4                HAL_ADC_Start_DMA
 .text.ADC_Disable
                0x0000000008001de8       0x68 ./Drivers/STM32G4xx_HAL_Driver/Src/stm32g4xx_hal_adc.o
                0x0000000008001de8                ADC_Disable
 .text.LL_ADC_REG_IsConversionOngoing
                0x0000000008001e50        0x8 ./Drivers/STM32G4xx_HAL_Driver/Src/stm32g4xx_hal_adc_ex.o
 .text.HAL_ADCEx_Calibration_Start
                0x0000000008001e58       0x98 ./Drivers/STM32G4xx_HAL_Driver/Src/stm32g4xx_hal_adc_ex.o
                0x0000000008001e58                HAL_ADCEx_Calibration_Start
 .text.HAL_ADCEx_MultiModeConfigChannel
                0x0000000008001ef0       0xc0 ./Drivers/STM32G4xx_HAL_Driver/Src/stm32g4xx_hal_adc_ex.o
                0x0000000008001ef0                HAL_ADCEx_MultiModeConfigChannel
 .text.HAL_NVIC_SetPriorityGrouping
                0x0000000008001fb0       0x24 ./Drivers/STM32G4xx_HAL_Driver/Src/stm32g4xx_hal_cortex.o
                0x0000000008001fb0                HAL_NVIC_SetPriorityGrouping
 .text.HAL_NVIC_SetPriority
                0x0000000008001fd4       0x64 ./Drivers/STM32G4xx_HAL_Driver/Src/stm32g4xx_hal_cortex.o
                0x0000000008001fd4                HAL_NVIC_SetPriority
 .text.HAL_NVIC_EnableIRQ
                0x0000000008002038       0x1c ./Drivers/STM32G4xx_HAL_Driver/Src/stm32g4xx_hal_cortex.o
                0x0000000008002038                HAL_NVIC_EnableIRQ
 .text.HAL_SYSTICK_Config
                0x0000000008002054       0x28 ./Drivers/STM32G4xx_HAL_Driver/Src/stm32g4xx_hal_cortex.o
                0x0000000008002054                HAL_SYSTICK_Config
 .text.DMA_SetConfig
                0x000000000800207c       0x34 ./Drivers/STM32G4xx_HAL_Driver/Src/stm32g4xx_hal_dma.o
 .text.DMA_CalcDMAMUXChannelBaseAndMask
                0x00000000080020b0       0x48 ./Drivers/STM32G4xx_HAL_Driver/Src/stm32g4xx_hal_dma.o
 .text.HAL_DMA_Init
                0x00000000080020f8       0xe4 ./Drivers/STM32G4xx_HAL_Driver/Src/stm32g4xx_hal_dma.o
                0x00000000080020f8                HAL_DMA_Init
 .text.HAL_DMA_Start_IT
                0x00000000080021dc       0x84 ./Drivers/STM32G4xx_HAL_Driver/Src/stm32g4xx_hal_dma.o
                0x00000000080021dc                HAL_DMA_Start_IT
 .text.HAL_DMA_IRQHandler
                0x0000000008002260       0x94 ./Drivers/STM32G4xx_HAL_Driver/Src/stm32g4xx_hal_dma.o
                0x0000000008002260                HAL_DMA_IRQHandler
 .text.HAL_GPIO_Init
                0x00000000080022f4      0x198 ./Drivers/STM32G4xx_HAL_Driver/Src/stm32g4xx_hal_gpio.o
                0x00000000080022f4                HAL_GPIO_Init
 .text.HAL_GPIO_ReadPin
                0x000000000800248c        0xc ./Drivers/STM32G4xx_HAL_Driver/Src/stm32g4xx_hal_gpio.o
                0x000000000800248c                HAL_GPIO_ReadPin
 .text.HAL_GPIO_WritePin
                0x0000000008002498        0xa ./Drivers/STM32G4xx_HAL_Driver/Src/stm32g4xx_hal_gpio.o
                0x0000000008002498                HAL_GPIO_WritePin
 .text.HAL_GPIO_TogglePin
                0x00000000080024a2       0x12 ./Drivers/STM32G4xx_HAL_Driver/Src/stm32g4xx_hal_gpio.o
                0x00000000080024a2                HAL_GPIO_TogglePin
 .text.HAL_GPIO_EXTI_IRQHandler
                0x00000000080024b4       0x18 ./Drivers/STM32G4xx_HAL_Driver/Src/stm32g4xx_hal_gpio.o
                0x00000000080024b4                HAL_GPIO_EXTI_IRQHandler
 .text.HAL_PWR_PVDCallback
                0x00000000080024cc        0x2 ./Drivers/STM32G4xx_HAL_Driver/Src/stm32g4xx_hal_pwr.o
                0x00000000080024cc                HAL_PWR_PVDCallback
 *fill*         0x00000000080024ce        0x2 
 .text.HAL_PWREx_ControlVoltageScaling
                0x00000000080024d0       0xb4 ./Drivers/STM32G4xx_HAL_Driver/Src/stm32g4xx_hal_pwr_ex.o
                0x00000000080024d0                HAL_PWREx_ControlVoltageScaling
 .text.HAL_PWREx_PVM1Callback
                0x0000000008002584        0x2 ./Drivers/STM32G4xx_HAL_Driver/Src/stm32g4xx_hal_pwr_ex.o
                0x0000000008002584                HAL_PWREx_PVM1Callback
 .text.HAL_PWREx_PVM2Callback
                0x0000000008002586        0x2 ./Drivers/STM32G4xx_HAL_Driver/Src/stm32g4xx_hal_pwr_ex.o
                0x0000000008002586                HAL_PWREx_PVM2Callback
 .text.HAL_PWREx_PVM3Callback
                0x0000000008002588        0x2 ./Drivers/STM32G4xx_HAL_Driver/Src/stm32g4xx_hal_pwr_ex.o
                0x0000000008002588                HAL_PWREx_PVM3Callback
 .text.HAL_PWREx_PVM4Callback
                0x000000000800258a        0x2 ./Drivers/STM32G4xx_HAL_Driver/Src/stm32g4xx_hal_pwr_ex.o
                0x000000000800258a                HAL_PWREx_PVM4Callback
 .text.HAL_PWREx_PVD_PVM_IRQHandler
                0x000000000800258c       0x54 ./Drivers/STM32G4xx_HAL_Driver/Src/stm32g4xx_hal_pwr_ex.o
                0x000000000800258c                HAL_PWREx_PVD_PVM_IRQHandler
 .text.HAL_PWREx_DisableUCPDDeadBattery
                0x00000000080025e0       0x10 ./Drivers/STM32G4xx_HAL_Driver/Src/stm32g4xx_hal_pwr_ex.o
                0x00000000080025e0                HAL_PWREx_DisableUCPDDeadBattery
 .text.HAL_RCC_OscConfig
                0x00000000080025f0      0x420 ./Drivers/STM32G4xx_HAL_Driver/Src/stm32g4xx_hal_rcc.o
                0x00000000080025f0                HAL_RCC_OscConfig
 .text.HAL_RCC_GetSysClockFreq
                0x0000000008002a10       0x6c ./Drivers/STM32G4xx_HAL_Driver/Src/stm32g4xx_hal_rcc.o
                0x0000000008002a10                HAL_RCC_GetSysClockFreq
 .text.HAL_RCC_ClockConfig
                0x0000000008002a7c      0x1e8 ./Drivers/STM32G4xx_HAL_Driver/Src/stm32g4xx_hal_rcc.o
                0x0000000008002a7c                HAL_RCC_ClockConfig
 .text.HAL_RCC_GetPCLK1Freq
                0x0000000008002c64       0x24 ./Drivers/STM32G4xx_HAL_Driver/Src/stm32g4xx_hal_rcc.o
                0x0000000008002c64                HAL_RCC_GetPCLK1Freq
 .text.HAL_RCC_GetPCLK2Freq
                0x0000000008002c88       0x24 ./Drivers/STM32G4xx_HAL_Driver/Src/stm32g4xx_hal_rcc.o
                0x0000000008002c88                HAL_RCC_GetPCLK2Freq
 .text.HAL_RCCEx_PeriphCLKConfig
                0x0000000008002cac      0x27c ./Drivers/STM32G4xx_HAL_Driver/Src/stm32g4xx_hal_rcc_ex.o
                0x0000000008002cac                HAL_RCCEx_PeriphCLKConfig
 .text.SPI_WaitFifoStateUntilTimeout.constprop.0
                0x0000000008002f28       0xcc ./Drivers/STM32G4xx_HAL_Driver/Src/stm32g4xx_hal_spi.o
 .text.SPI_WaitFlagStateUntilTimeout.constprop.0
                0x0000000008002ff4       0xa4 ./Drivers/STM32G4xx_HAL_Driver/Src/stm32g4xx_hal_spi.o
 .text.SPI_EndRxTransaction
                0x0000000008003098       0x72 ./Drivers/STM32G4xx_HAL_Driver/Src/stm32g4xx_hal_spi.o
 .text.SPI_EndRxTxTransaction
                0x000000000800310a       0x4a ./Drivers/STM32G4xx_HAL_Driver/Src/stm32g4xx_hal_spi.o
 .text.HAL_SPI_Init
                0x0000000008003154       0xdc ./Drivers/STM32G4xx_HAL_Driver/Src/stm32g4xx_hal_spi.o
                0x0000000008003154                HAL_SPI_Init
 .text.HAL_SPI_TransmitReceive_DMA
                0x0000000008003230      0x1b4 ./Drivers/STM32G4xx_HAL_Driver/Src/stm32g4xx_hal_spi.o
                0x0000000008003230                HAL_SPI_TransmitReceive_DMA
 .text.HAL_SPI_Receive_DMA
                0x00000000080033e4      0x154 ./Drivers/STM32G4xx_HAL_Driver/Src/stm32g4xx_hal_spi.o
                0x00000000080033e4                HAL_SPI_Receive_DMA
 .text.HAL_SPI_DMAPause
                0x0000000008003538       0x20 ./Drivers/STM32G4xx_HAL_Driver/Src/stm32g4xx_hal_spi.o
                0x0000000008003538                HAL_SPI_DMAPause
 .text.HAL_SPI_DMAResume
                0x0000000008003558       0x20 ./Drivers/STM32G4xx_HAL_Driver/Src/stm32g4xx_hal_spi.o
                0x0000000008003558                HAL_SPI_DMAResume
 .text.HAL_SPI_TxRxCpltCallback
                0x0000000008003578        0x2 ./Drivers/STM32G4xx_HAL_Driver/Src/stm32g4xx_hal_spi.o
                0x0000000008003578                HAL_SPI_TxRxCpltCallback
 .text.HAL_SPI_RxHalfCpltCallback
                0x000000000800357a        0x2 ./Drivers/STM32G4xx_HAL_Driver/Src/stm32g4xx_hal_spi.o
                0x000000000800357a                HAL_SPI_RxHalfCpltCallback
 .text.SPI_DMAHalfReceiveCplt
                0x000000000800357c        0xa ./Drivers/STM32G4xx_HAL_Driver/Src/stm32g4xx_hal_spi.o
 .text.HAL_SPI_TxRxHalfCpltCallback
                0x0000000008003586        0x2 ./Drivers/STM32G4xx_HAL_Driver/Src/stm32g4xx_hal_spi.o
                0x0000000008003586                HAL_SPI_TxRxHalfCpltCallback
 .text.SPI_DMAHalfTransmitReceiveCplt
                0x0000000008003588        0xa ./Drivers/STM32G4xx_HAL_Driver/Src/stm32g4xx_hal_spi.o
 .text.HAL_SPI_ErrorCallback
                0x0000000008003592        0x2 ./Drivers/STM32G4xx_HAL_Driver/Src/stm32g4xx_hal_spi.o
                0x0000000008003592                HAL_SPI_ErrorCallback
 .text.SPI_DMAError
                0x0000000008003594       0x22 ./Drivers/STM32G4xx_HAL_Driver/Src/stm32g4xx_hal_spi.o
 .text.SPI_DMAReceiveCplt
                0x00000000080035b6       0x68 ./Drivers/STM32G4xx_HAL_Driver/Src/stm32g4xx_hal_spi.o
 .text.SPI_DMATransmitReceiveCplt
                0x000000000800361e       0x5c ./Drivers/STM32G4xx_HAL_Driver/Src/stm32g4xx_hal_spi.o
 *fill*         0x000000000800367a        0x2 
 .text.TIM_OC1_SetConfig
                0x000000000800367c       0x98 ./Drivers/STM32G4xx_HAL_Driver/Src/stm32g4xx_hal_tim.o
 .text.TIM_OC3_SetConfig
                0x0000000008003714       0x88 ./Drivers/STM32G4xx_HAL_Driver/Src/stm32g4xx_hal_tim.o
 .text.TIM_OC4_SetConfig
                0x000000000800379c       0x8c ./Drivers/STM32G4xx_HAL_Driver/Src/stm32g4xx_hal_tim.o
 .text.TIM_OC5_SetConfig
                0x0000000008003828       0x68 ./Drivers/STM32G4xx_HAL_Driver/Src/stm32g4xx_hal_tim.o
 .text.TIM_OC6_SetConfig
                0x0000000008003890       0x68 ./Drivers/STM32G4xx_HAL_Driver/Src/stm32g4xx_hal_tim.o
 .text.HAL_TIM_Base_Start_IT
                0x00000000080038f8       0x6c ./Drivers/STM32G4xx_HAL_Driver/Src/stm32g4xx_hal_tim.o
                0x00000000080038f8                HAL_TIM_Base_Start_IT
 .text.HAL_TIM_PWM_MspInit
                0x0000000008003964        0x2 ./Drivers/STM32G4xx_HAL_Driver/Src/stm32g4xx_hal_tim.o
                0x0000000008003964                HAL_TIM_PWM_MspInit
 .text.HAL_TIM_IC_MspInit
                0x0000000008003966        0x2 ./Drivers/STM32G4xx_HAL_Driver/Src/stm32g4xx_hal_tim.o
                0x0000000008003966                HAL_TIM_IC_MspInit
 .text.HAL_TIM_ReadCapturedValue
                0x0000000008003968       0x2c ./Drivers/STM32G4xx_HAL_Driver/Src/stm32g4xx_hal_tim.o
                0x0000000008003968                HAL_TIM_ReadCapturedValue
 .text.HAL_TIM_OC_DelayElapsedCallback
                0x0000000008003994        0x2 ./Drivers/STM32G4xx_HAL_Driver/Src/stm32g4xx_hal_tim.o
                0x0000000008003994                HAL_TIM_OC_DelayElapsedCallback
 .text.HAL_TIM_PWM_PulseFinishedCallback
                0x0000000008003996        0x2 ./Drivers/STM32G4xx_HAL_Driver/Src/stm32g4xx_hal_tim.o
                0x0000000008003996                HAL_TIM_PWM_PulseFinishedCallback
 .text.HAL_TIM_TriggerCallback
                0x0000000008003998        0x2 ./Drivers/STM32G4xx_HAL_Driver/Src/stm32g4xx_hal_tim.o
                0x0000000008003998                HAL_TIM_TriggerCallback
 .text.HAL_TIM_IRQHandler
                0x000000000800399a      0x1ce ./Drivers/STM32G4xx_HAL_Driver/Src/stm32g4xx_hal_tim.o
                0x000000000800399a                HAL_TIM_IRQHandler
 .text.TIM_Base_SetConfig
                0x0000000008003b68       0xbc ./Drivers/STM32G4xx_HAL_Driver/Src/stm32g4xx_hal_tim.o
                0x0000000008003b68                TIM_Base_SetConfig
 .text.HAL_TIM_Base_Init
                0x0000000008003c24       0x60 ./Drivers/STM32G4xx_HAL_Driver/Src/stm32g4xx_hal_tim.o
                0x0000000008003c24                HAL_TIM_Base_Init
 .text.HAL_TIM_PWM_Init
                0x0000000008003c84       0x60 ./Drivers/STM32G4xx_HAL_Driver/Src/stm32g4xx_hal_tim.o
                0x0000000008003c84                HAL_TIM_PWM_Init
 .text.HAL_TIM_IC_Init
                0x0000000008003ce4       0x60 ./Drivers/STM32G4xx_HAL_Driver/Src/stm32g4xx_hal_tim.o
                0x0000000008003ce4                HAL_TIM_IC_Init
 .text.TIM_OC2_SetConfig
                0x0000000008003d44       0x8c ./Drivers/STM32G4xx_HAL_Driver/Src/stm32g4xx_hal_tim.o
                0x0000000008003d44                TIM_OC2_SetConfig
 .text.HAL_TIM_PWM_ConfigChannel
                0x0000000008003dd0      0x104 ./Drivers/STM32G4xx_HAL_Driver/Src/stm32g4xx_hal_tim.o
                0x0000000008003dd0                HAL_TIM_PWM_ConfigChannel
 .text.TIM_TI1_SetConfig
                0x0000000008003ed4       0x64 ./Drivers/STM32G4xx_HAL_Driver/Src/stm32g4xx_hal_tim.o
                0x0000000008003ed4                TIM_TI1_SetConfig
 .text.HAL_TIM_IC_ConfigChannel
                0x0000000008003f38      0x126 ./Drivers/STM32G4xx_HAL_Driver/Src/stm32g4xx_hal_tim.o
                0x0000000008003f38                HAL_TIM_IC_ConfigChannel
 .text.TIM_ETR_SetConfig
                0x000000000800405e       0x14 ./Drivers/STM32G4xx_HAL_Driver/Src/stm32g4xx_hal_tim.o
                0x000000000800405e                TIM_ETR_SetConfig
 *fill*         0x0000000008004072        0x2 
 .text.HAL_TIM_ConfigClockSource
                0x0000000008004074      0x180 ./Drivers/STM32G4xx_HAL_Driver/Src/stm32g4xx_hal_tim.o
                0x0000000008004074                HAL_TIM_ConfigClockSource
 .text.TIM_CCxChannelCmd
                0x00000000080041f4       0x1c ./Drivers/STM32G4xx_HAL_Driver/Src/stm32g4xx_hal_tim.o
                0x00000000080041f4                TIM_CCxChannelCmd
 .text.HAL_TIM_OC_Start
                0x0000000008004210      0x10c ./Drivers/STM32G4xx_HAL_Driver/Src/stm32g4xx_hal_tim.o
                0x0000000008004210                HAL_TIM_OC_Start
 .text.HAL_TIM_PWM_Start
                0x000000000800431c        0x4 ./Drivers/STM32G4xx_HAL_Driver/Src/stm32g4xx_hal_tim.o
                0x000000000800431c                HAL_TIM_PWM_Start
 .text.HAL_TIM_IC_Start_IT
                0x0000000008004320      0x128 ./Drivers/STM32G4xx_HAL_Driver/Src/stm32g4xx_hal_tim.o
                0x0000000008004320                HAL_TIM_IC_Start_IT
 .text.TIM_CCxNChannelCmd
                0x0000000008004448       0x1c ./Drivers/STM32G4xx_HAL_Driver/Src/stm32g4xx_hal_tim_ex.o
 .text.HAL_TIMEx_OCN_Start
                0x0000000008004464       0xb4 ./Drivers/STM32G4xx_HAL_Driver/Src/stm32g4xx_hal_tim_ex.o
                0x0000000008004464                HAL_TIMEx_OCN_Start
 .text.HAL_TIMEx_PWMN_Start
                0x0000000008004518        0x4 ./Drivers/STM32G4xx_HAL_Driver/Src/stm32g4xx_hal_tim_ex.o
                0x0000000008004518                HAL_TIMEx_PWMN_Start
 .text.HAL_TIMEx_MasterConfigSynchronization
                0x000000000800451c       0x88 ./Drivers/STM32G4xx_HAL_Driver/Src/stm32g4xx_hal_tim_ex.o
                0x000000000800451c                HAL_TIMEx_MasterConfigSynchronization
 .text.HAL_TIMEx_ConfigBreakDeadTime
                0x00000000080045a4       0xb0 ./Drivers/STM32G4xx_HAL_Driver/Src/stm32g4xx_hal_tim_ex.o
                0x00000000080045a4                HAL_TIMEx_ConfigBreakDeadTime
 .text.HAL_TIMEx_CommutCallback
                0x0000000008004654        0x2 ./Drivers/STM32G4xx_HAL_Driver/Src/stm32g4xx_hal_tim_ex.o
                0x0000000008004654                HAL_TIMEx_CommutCallback
 .text.HAL_TIMEx_BreakCallback
                0x0000000008004656        0x2 ./Drivers/STM32G4xx_HAL_Driver/Src/stm32g4xx_hal_tim_ex.o
                0x0000000008004656                HAL_TIMEx_BreakCallback
 .text.HAL_TIMEx_Break2Callback
                0x0000000008004658        0x2 ./Drivers/STM32G4xx_HAL_Driver/Src/stm32g4xx_hal_tim_ex.o
                0x0000000008004658                HAL_TIMEx_Break2Callback
 .text.HAL_TIMEx_EncoderIndexCallback
                0x000000000800465a        0x2 ./Drivers/STM32G4xx_HAL_Driver/Src/stm32g4xx_hal_tim_ex.o
                0x000000000800465a                HAL_TIMEx_EncoderIndexCallback
 .text.HAL_TIMEx_DirectionChangeCallback
                0x000000000800465c        0x2 ./Drivers/STM32G4xx_HAL_Driver/Src/stm32g4xx_hal_tim_ex.o
                0x000000000800465c                HAL_TIMEx_DirectionChangeCallback
 .text.HAL_TIMEx_IndexErrorCallback
                0x000000000800465e        0x2 ./Drivers/STM32G4xx_HAL_Driver/Src/stm32g4xx_hal_tim_ex.o
                0x000000000800465e                HAL_TIMEx_IndexErrorCallback
 .text.HAL_TIMEx_TransitionErrorCallback
                0x0000000008004660        0x2 ./Drivers/STM32G4xx_HAL_Driver/Src/stm32g4xx_hal_tim_ex.o
                0x0000000008004660                HAL_TIMEx_TransitionErrorCallback
 *fill*         0x0000000008004662        0x2 
 .text.UART_SetConfig
                0x0000000008004664      0x294 ./Drivers/STM32G4xx_HAL_Driver/Src/stm32g4xx_hal_uart.o
                0x0000000008004664                UART_SetConfig
 .text.UART_AdvFeatureConfig
                0x00000000080048f8       0xa8 ./Drivers/STM32G4xx_HAL_Driver/Src/stm32g4xx_hal_uart.o
                0x00000000080048f8                UART_AdvFeatureConfig
 .text.UART_WaitOnFlagUntilTimeout
                0x00000000080049a0       0xc4 ./Drivers/STM32G4xx_HAL_Driver/Src/stm32g4xx_hal_uart.o
                0x00000000080049a0                UART_WaitOnFlagUntilTimeout
 .text.UART_CheckIdleState
                0x0000000008004a64       0x6a ./Drivers/STM32G4xx_HAL_Driver/Src/stm32g4xx_hal_uart.o
                0x0000000008004a64                UART_CheckIdleState
 *fill*         0x0000000008004ace        0x2 
 .text.UARTEx_SetNbDataToProcess
                0x0000000008004ad0       0x44 ./Drivers/STM32G4xx_HAL_Driver/Src/stm32g4xx_hal_uart_ex.o
 .text.HAL_RS485Ex_Init
                0x0000000008004b14       0x7e ./Drivers/STM32G4xx_HAL_Driver/Src/stm32g4xx_hal_uart_ex.o
                0x0000000008004b14                HAL_RS485Ex_Init
 .text.HAL_UARTEx_DisableFifoMode
                0x0000000008004b92       0x36 ./Drivers/STM32G4xx_HAL_Driver/Src/stm32g4xx_hal_uart_ex.o
                0x0000000008004b92                HAL_UARTEx_DisableFifoMode
 .text.HAL_UARTEx_SetTxFifoThreshold
                0x0000000008004bc8       0x48 ./Drivers/STM32G4xx_HAL_Driver/Src/stm32g4xx_hal_uart_ex.o
                0x0000000008004bc8                HAL_UARTEx_SetTxFifoThreshold
 .text.HAL_UARTEx_SetRxFifoThreshold
                0x0000000008004c10       0x48 ./Drivers/STM32G4xx_HAL_Driver/Src/stm32g4xx_hal_uart_ex.o
                0x0000000008004c10                HAL_UARTEx_SetRxFifoThreshold
 .text.Start_MAX31855
                0x0000000008004c58       0x20 ./UserLib/Src/MAX31855.o
                0x0000000008004c58                Start_MAX31855
 .text.Init_MAX31855
                0x0000000008004c78       0x38 ./UserLib/Src/MAX31855.o
                0x0000000008004c78                Init_MAX31855
 .text.HAL_SPI_RxCpltCallback
                0x0000000008004cb0       0xc8 ./UserLib/Src/MAX31855.o
                0x0000000008004cb0                HAL_SPI_RxCpltCallback
 .text.InterruptControl_MAX31855
                0x0000000008004d78       0x6c ./UserLib/Src/MAX31855.o
                0x0000000008004d78                InterruptControl_MAX31855
 .text.__libc_init_array
                0x0000000008004de4       0x48 c:/st/stm32cubeide_1.9.0/stm32cubeide/plugins/com.st.stm32cube.ide.mcu.externaltools.gnu-tools-for-stm32.10.3-2021.10.win32_1.0.0.202111181127/tools/bin/../lib/gcc/arm-none-eabi/10.3.1/../../../../arm-none-eabi/lib/thumb/v7e-m+fp/hard\libc_nano.a(lib_a-init.o)
                0x0000000008004de4                __libc_init_array
 .text.memcpy   0x0000000008004e2c       0x1c c:/st/stm32cubeide_1.9.0/stm32cubeide/plugins/com.st.stm32cube.ide.mcu.externaltools.gnu-tools-for-stm32.10.3-2021.10.win32_1.0.0.202111181127/tools/bin/../lib/gcc/arm-none-eabi/10.3.1/../../../../arm-none-eabi/lib/thumb/v7e-m+fp/hard\libc_nano.a(lib_a-memcpy-stub.o)
                0x0000000008004e2c                memcpy
 .text.memset   0x0000000008004e48       0x10 c:/st/stm32cubeide_1.9.0/stm32cubeide/plugins/com.st.stm32cube.ide.mcu.externaltools.gnu-tools-for-stm32.10.3-2021.10.win32_1.0.0.202111181127/tools/bin/../lib/gcc/arm-none-eabi/10.3.1/../../../../arm-none-eabi/lib/thumb/v7e-m+fp/hard\libc_nano.a(lib_a-memset.o)
                0x0000000008004e48                memset
 *(.glue_7)
 .glue_7        0x0000000008004e58        0x0 linker stubs
 *(.glue_7t)
 .glue_7t       0x0000000008004e58        0x0 linker stubs
 *(.eh_frame)
 .eh_frame      0x0000000008004e58        0x0 c:/st/stm32cubeide_1.9.0/stm32cubeide/plugins/com.st.stm32cube.ide.mcu.externaltools.gnu-tools-for-stm32.10.3-2021.10.win32_1.0.0.202111181127/tools/bin/../lib/gcc/arm-none-eabi/10.3.1/thumb/v7e-m+fp/hard/crtbegin.o
 *(.init)
 .init          0x0000000008004e58        0x4 c:/st/stm32cubeide_1.9.0/stm32cubeide/plugins/com.st.stm32cube.ide.mcu.externaltools.gnu-tools-for-stm32.10.3-2021.10.win32_1.0.0.202111181127/tools/bin/../lib/gcc/arm-none-eabi/10.3.1/thumb/v7e-m+fp/hard/crti.o
                0x0000000008004e58                _init
 .init          0x0000000008004e5c        0x8 c:/st/stm32cubeide_1.9.0/stm32cubeide/plugins/com.st.stm32cube.ide.mcu.externaltools.gnu-tools-for-stm32.10.3-2021.10.win32_1.0.0.202111181127/tools/bin/../lib/gcc/arm-none-eabi/10.3.1/thumb/v7e-m+fp/hard/crtn.o
 *(.fini)
 .fini          0x0000000008004e64        0x4 c:/st/stm32cubeide_1.9.0/stm32cubeide/plugins/com.st.stm32cube.ide.mcu.externaltools.gnu-tools-for-stm32.10.3-2021.10.win32_1.0.0.202111181127/tools/bin/../lib/gcc/arm-none-eabi/10.3.1/thumb/v7e-m+fp/hard/crti.o
                0x0000000008004e64                _fini
 .fini          0x0000000008004e68        0x8 c:/st/stm32cubeide_1.9.0/stm32cubeide/plugins/com.st.stm32cube.ide.mcu.externaltools.gnu-tools-for-stm32.10.3-2021.10.win32_1.0.0.202111181127/tools/bin/../lib/gcc/arm-none-eabi/10.3.1/thumb/v7e-m+fp/hard/crtn.o
                0x0000000008004e70                . = ALIGN (0x4)
                0x0000000008004e70                _etext = .

.vfp11_veneer   0x0000000008004e70        0x0
 .vfp11_veneer  0x0000000008004e70        0x0 linker stubs

.v4_bx          0x0000000008004e70        0x0
 .v4_bx         0x0000000008004e70        0x0 linker stubs

.iplt           0x0000000008004e70        0x0
 .iplt          0x0000000008004e70        0x0 c:/st/stm32cubeide_1.9.0/stm32cubeide/plugins/com.st.stm32cube.ide.mcu.externaltools.gnu-tools-for-stm32.10.3-2021.10.win32_1.0.0.202111181127/tools/bin/../lib/gcc/arm-none-eabi/10.3.1/thumb/v7e-m+fp/hard/crtbegin.o

.rodata         0x0000000008004e70       0x50
                0x0000000008004e70                . = ALIGN (0x4)
 *(.rodata)
 *(.rodata*)
 .rodata.AHBPrescTable
                0x0000000008004e70       0x10 ./Core/Src/system_stm32g4xx.o
                0x0000000008004e70                AHBPrescTable
 .rodata.APBPrescTable
                0x0000000008004e80        0x8 ./Core/Src/system_stm32g4xx.o
                0x0000000008004e80                APBPrescTable
 .rodata.CSWTCH.60
                0x0000000008004e88        0x3 ./Drivers/STM32G4xx_HAL_Driver/Src/stm32g4xx_hal_uart.o
 .rodata.CSWTCH.61
                0x0000000008004e8b        0xd ./Drivers/STM32G4xx_HAL_Driver/Src/stm32g4xx_hal_uart.o
 .rodata.UARTPrescTable
                0x0000000008004e98       0x18 ./Drivers/STM32G4xx_HAL_Driver/Src/stm32g4xx_hal_uart.o
                0x0000000008004e98                UARTPrescTable
 .rodata.denominator.0
                0x0000000008004eb0        0x8 ./Drivers/STM32G4xx_HAL_Driver/Src/stm32g4xx_hal_uart_ex.o
 .rodata.numerator.1
                0x0000000008004eb8        0x8 ./Drivers/STM32G4xx_HAL_Driver/Src/stm32g4xx_hal_uart_ex.o
                0x0000000008004ec0                . = ALIGN (0x4)

.ARM.extab      0x0000000008004ec0        0x0
                0x0000000008004ec0                . = ALIGN (0x4)
 *(.ARM.extab* .gnu.linkonce.armextab.*)
                0x0000000008004ec0                . = ALIGN (0x4)

.ARM            0x0000000008004ec0        0x8
                0x0000000008004ec0                . = ALIGN (0x4)
                0x0000000008004ec0                __exidx_start = .
 *(.ARM.exidx*)
 .ARM.exidx     0x0000000008004ec0        0x8 c:/st/stm32cubeide_1.9.0/stm32cubeide/plugins/com.st.stm32cube.ide.mcu.externaltools.gnu-tools-for-stm32.10.3-2021.10.win32_1.0.0.202111181127/tools/bin/../lib/gcc/arm-none-eabi/10.3.1/thumb/v7e-m+fp/hard\libgcc.a(_udivmoddi4.o)
                0x0000000008004ec8                __exidx_end = .
                0x0000000008004ec8                . = ALIGN (0x4)

.rel.dyn        0x0000000008004ec8        0x0
 .rel.iplt      0x0000000008004ec8        0x0 c:/st/stm32cubeide_1.9.0/stm32cubeide/plugins/com.st.stm32cube.ide.mcu.externaltools.gnu-tools-for-stm32.10.3-2021.10.win32_1.0.0.202111181127/tools/bin/../lib/gcc/arm-none-eabi/10.3.1/thumb/v7e-m+fp/hard/crtbegin.o

.preinit_array  0x0000000008004ec8        0x0
                0x0000000008004ec8                . = ALIGN (0x4)
                0x0000000008004ec8                PROVIDE (__preinit_array_start = .)
 *(.preinit_array*)
                0x0000000008004ec8                PROVIDE (__preinit_array_end = .)
                0x0000000008004ec8                . = ALIGN (0x4)

.init_array     0x0000000008004ec8        0x4
                0x0000000008004ec8                . = ALIGN (0x4)
                0x0000000008004ec8                PROVIDE (__init_array_start = .)
 *(SORT_BY_NAME(.init_array.*))
 *(.init_array*)
 .init_array    0x0000000008004ec8        0x4 c:/st/stm32cubeide_1.9.0/stm32cubeide/plugins/com.st.stm32cube.ide.mcu.externaltools.gnu-tools-for-stm32.10.3-2021.10.win32_1.0.0.202111181127/tools/bin/../lib/gcc/arm-none-eabi/10.3.1/thumb/v7e-m+fp/hard/crtbegin.o
                0x0000000008004ecc                PROVIDE (__init_array_end = .)
                0x0000000008004ecc                . = ALIGN (0x4)

.fini_array     0x0000000008004ecc        0x4
                0x0000000008004ecc                . = ALIGN (0x4)
                [!provide]                        PROVIDE (__fini_array_start = .)
 *(SORT_BY_NAME(.fini_array.*))
 *(.fini_array*)
 .fini_array    0x0000000008004ecc        0x4 c:/st/stm32cubeide_1.9.0/stm32cubeide/plugins/com.st.stm32cube.ide.mcu.externaltools.gnu-tools-for-stm32.10.3-2021.10.win32_1.0.0.202111181127/tools/bin/../lib/gcc/arm-none-eabi/10.3.1/thumb/v7e-m+fp/hard/crtbegin.o
                [!provide]                        PROVIDE (__fini_array_end = .)
                0x0000000008004ed0                . = ALIGN (0x4)
                0x0000000008004ed0                _sidata = LOADADDR (.data)

.data           0x0000000020000000        0xc load address 0x0000000008004ed0
                0x0000000020000000                . = ALIGN (0x4)
                0x0000000020000000                _sdata = .
 *(.data)
 *(.data*)
 .data.SystemCoreClock
                0x0000000020000000        0x4 ./Core/Src/system_stm32g4xx.o
                0x0000000020000000                SystemCoreClock
 .data.uwTickFreq
                0x0000000020000004        0x4 ./Drivers/STM32G4xx_HAL_Driver/Src/stm32g4xx_hal.o
                0x0000000020000004                uwTickFreq
 .data.uwTickPrio
                0x0000000020000008        0x4 ./Drivers/STM32G4xx_HAL_Driver/Src/stm32g4xx_hal.o
                0x0000000020000008                uwTickPrio
 *(.RamFunc)
 *(.RamFunc*)
                0x000000002000000c                . = ALIGN (0x4)
                0x000000002000000c                _edata = .

.igot.plt       0x000000002000000c        0x0 load address 0x0000000008004edc
 .igot.plt      0x000000002000000c        0x0 c:/st/stm32cubeide_1.9.0/stm32cubeide/plugins/com.st.stm32cube.ide.mcu.externaltools.gnu-tools-for-stm32.10.3-2021.10.win32_1.0.0.202111181127/tools/bin/../lib/gcc/arm-none-eabi/10.3.1/thumb/v7e-m+fp/hard/crtbegin.o
                0x000000002000000c                . = ALIGN (0x4)

.bss            0x000000002000000c      0x60c load address 0x0000000008004edc
                0x000000002000000c                _sbss = .
                0x000000002000000c                __bss_start__ = _sbss
 *(.bss)
 .bss           0x000000002000000c       0x1c c:/st/stm32cubeide_1.9.0/stm32cubeide/plugins/com.st.stm32cube.ide.mcu.externaltools.gnu-tools-for-stm32.10.3-2021.10.win32_1.0.0.202111181127/tools/bin/../lib/gcc/arm-none-eabi/10.3.1/thumb/v7e-m+fp/hard/crtbegin.o
 *(.bss*)
 .bss.AdValuePD
                0x0000000020000028       0x14 ./Core/Src/main.o
                0x0000000020000028                AdValuePD
 .bss.AdValueVBUS
                0x000000002000003c        0x2 ./Core/Src/main.o
                0x000000002000003c                AdValueVBUS
 *fill*         0x000000002000003e        0x2 
 .bss.Adc1Val   0x0000000020000040        0x8 ./Core/Src/main.o
                0x0000000020000040                Adc1Val
 .bss.Adc2Val   0x0000000020000048        0xc ./Core/Src/main.o
                0x0000000020000048                Adc2Val
 .bss.Cnt1ms    0x0000000020000054        0x2 ./Core/Src/main.o
                0x0000000020000054                Cnt1ms
 .bss.CntAdValuePD
                0x0000000020000056        0x1 ./Core/Src/main.o
                0x0000000020000056                CntAdValuePD
 .bss.CntAdValueVBUS
                0x0000000020000057        0x1 ./Core/Src/main.o
                0x0000000020000057                CntAdValueVBUS
 .bss.CntFanPCB
                0x0000000020000058        0x2 ./Core/Src/main.o
                0x0000000020000058                CntFanPCB
 .bss.CntRelayInrush
                0x000000002000005a        0x2 ./Core/Src/main.o
                0x000000002000005a                CntRelayInrush
 .bss.CntStatusLED
                0x000000002000005c        0x2 ./Core/Src/main.o
                0x000000002000005c                CntStatusLED
 .bss.CntStatusLEDError
                0x000000002000005e        0x2 ./Core/Src/main.o
                0x000000002000005e                CntStatusLEDError
 .bss.CntTimeoutOvervoltage
                0x0000000020000060        0x2 ./Core/Src/main.o
                0x0000000020000060                CntTimeoutOvervoltage
 .bss.CntTimeoutPD
                0x0000000020000062        0x2 ./Core/Src/main.o
                0x0000000020000062                CntTimeoutPD
 .bss.CntTimeoutUndervoltage
                0x0000000020000064        0x2 ./Core/Src/main.o
                0x0000000020000064                CntTimeoutUndervoltage
 *fill*         0x0000000020000066        0x2 
 .bss.IC_FanPCB_Difference
                0x0000000020000068        0x4 ./Core/Src/main.o
                0x0000000020000068                IC_FanPCB_Difference
 .bss.IC_FanPCB_Frequency
                0x000000002000006c        0x4 ./Core/Src/main.o
                0x000000002000006c                IC_FanPCB_Frequency
 .bss.IC_FanPCB_IsFirstCaptured
                0x0000000020000070        0x1 ./Core/Src/main.o
                0x0000000020000070                IC_FanPCB_IsFirstCaptured
 *fill*         0x0000000020000071        0x1 
 .bss.IC_FanPCB_OvfTimer
                0x0000000020000072        0x2 ./Core/Src/main.o
                0x0000000020000072                IC_FanPCB_OvfTimer
 .bss.IC_FanPCB_RPM
                0x0000000020000074        0x2 ./Core/Src/main.o
                0x0000000020000074                IC_FanPCB_RPM
 *fill*         0x0000000020000076        0x2 
 .bss.IC_FanPCB_Value1
                0x0000000020000078        0x4 ./Core/Src/main.o
                0x0000000020000078                IC_FanPCB_Value1
 .bss.IC_FanPCB_Value2
                0x000000002000007c        0x4 ./Core/Src/main.o
                0x000000002000007c                IC_FanPCB_Value2
 .bss.ValuePD   0x0000000020000080        0x2 ./Core/Src/main.o
                0x0000000020000080                ValuePD
 .bss.ValueVBUS
                0x0000000020000082        0x2 ./Core/Src/main.o
                0x0000000020000082                ValueVBUS
 .bss.hadc1     0x0000000020000084       0x6c ./Core/Src/main.o
                0x0000000020000084                hadc1
 .bss.hadc2     0x00000000200000f0       0x6c ./Core/Src/main.o
                0x00000000200000f0                hadc2
 .bss.hdma_adc1
                0x000000002000015c       0x60 ./Core/Src/main.o
                0x000000002000015c                hdma_adc1
 .bss.hdma_adc2
                0x00000000200001bc       0x60 ./Core/Src/main.o
                0x00000000200001bc                hdma_adc2
 .bss.hdma_spi1_rx
                0x000000002000021c       0x60 ./Core/Src/main.o
                0x000000002000021c                hdma_spi1_rx
 .bss.hspi1     0x000000002000027c       0x64 ./Core/Src/main.o
                0x000000002000027c                hspi1
 .bss.htim16    0x00000000200002e0       0x4c ./Core/Src/main.o
                0x00000000200002e0                htim16
 .bss.htim2     0x000000002000032c       0x4c ./Core/Src/main.o
                0x000000002000032c                htim2
 .bss.htim8     0x0000000020000378       0x4c ./Core/Src/main.o
                0x0000000020000378                htim8
 .bss.huart2    0x00000000200003c4       0x90 ./Core/Src/main.o
                0x00000000200003c4                huart2
 .bss.sFlagsErrors
                0x0000000020000454        0x4 ./Core/Src/main.o
                0x0000000020000454                sFlagsErrors
 .bss.sStatusPower
                0x0000000020000458        0xc ./Core/Src/main.o
                0x0000000020000458                sStatusPower
 .bss.HAL_RCC_ADC12_CLK_ENABLED
                0x0000000020000464        0x4 ./Core/Src/stm32g4xx_hal_msp.o
 .bss.uwTick    0x0000000020000468        0x4 ./Drivers/STM32G4xx_HAL_Driver/Src/stm32g4xx_hal.o
                0x0000000020000468                uwTick
 .bss.Cnt1ms_MAX31855
                0x000000002000046c        0x2 ./UserLib/Src/MAX31855.o
                0x000000002000046c                Cnt1ms_MAX31855
 .bss.DataSPI   0x000000002000046e       0x50 ./UserLib/Src/MAX31855.o
                0x000000002000046e                DataSPI
 *fill*         0x00000000200004be        0x2 
 .bss.GPIO_CS   0x00000000200004c0        0x4 ./UserLib/Src/MAX31855.o
                0x00000000200004c0                GPIO_CS
 .bss.Hspi      0x00000000200004c4        0x4 ./UserLib/Src/MAX31855.o
                0x00000000200004c4                Hspi
 .bss.Pin_CS    0x00000000200004c8        0x2 ./UserLib/Src/MAX31855.o
                0x00000000200004c8                Pin_CS
 *fill*         0x00000000200004ca        0x2 
 .bss.sManager_MAX31855
                0x00000000200004cc       0xa4 ./UserLib/Src/MAX31855.o
                0x00000000200004cc                sManager_MAX31855
 .bss.sTempManager_MAX31855
                0x0000000020000570       0xa4 ./UserLib/Src/MAX31855.o
                0x0000000020000570                sTempManager_MAX31855
 .bss.uData_MAX31855
                0x0000000020000614        0x4 ./UserLib/Src/MAX31855.o
                0x0000000020000614                uData_MAX31855
 *(COMMON)
                0x0000000020000618                . = ALIGN (0x4)
                0x0000000020000618                _ebss = .
                0x0000000020000618                __bss_end__ = _ebss

._user_heap_stack
                0x0000000020000618      0x600 load address 0x0000000008004edc
                0x0000000020000618                . = ALIGN (0x8)
                [!provide]                        PROVIDE (end = .)
                0x0000000020000618                PROVIDE (_end = .)
                0x0000000020000818                . = (. + _Min_Heap_Size)
 *fill*         0x0000000020000618      0x200 
                0x0000000020000c18                . = (. + _Min_Stack_Size)
 *fill*         0x0000000020000818      0x400 
                0x0000000020000c18                . = ALIGN (0x8)

/DISCARD/
 libc.a(*)
 libm.a(*)
 libgcc.a(*)

.ARM.attributes
                0x0000000000000000       0x30
 *(.ARM.attributes)
 .ARM.attributes
                0x0000000000000000       0x1e c:/st/stm32cubeide_1.9.0/stm32cubeide/plugins/com.st.stm32cube.ide.mcu.externaltools.gnu-tools-for-stm32.10.3-2021.10.win32_1.0.0.202111181127/tools/bin/../lib/gcc/arm-none-eabi/10.3.1/thumb/v7e-m+fp/hard/crti.o
 .ARM.attributes
                0x000000000000001e       0x34 c:/st/stm32cubeide_1.9.0/stm32cubeide/plugins/com.st.stm32cube.ide.mcu.externaltools.gnu-tools-for-stm32.10.3-2021.10.win32_1.0.0.202111181127/tools/bin/../lib/gcc/arm-none-eabi/10.3.1/thumb/v7e-m+fp/hard/crtbegin.o
 .ARM.attributes
                0x0000000000000052       0x34 ./Core/Src/main.o
 .ARM.attributes
                0x0000000000000086       0x34 ./Core/Src/stm32g4xx_hal_msp.o
 .ARM.attributes
                0x00000000000000ba       0x34 ./Core/Src/stm32g4xx_it.o
 .ARM.attributes
                0x00000000000000ee       0x34 ./Core/Src/system_stm32g4xx.o
 .ARM.attributes
                0x0000000000000122       0x21 ./Core/Startup/startup_stm32g431cbtx.o
 .ARM.attributes
                0x0000000000000143       0x34 ./Drivers/STM32G4xx_HAL_Driver/Src/stm32g4xx_hal.o
 .ARM.attributes
                0x0000000000000177       0x34 ./Drivers/STM32G4xx_HAL_Driver/Src/stm32g4xx_hal_adc.o
 .ARM.attributes
                0x00000000000001ab       0x34 ./Drivers/STM32G4xx_HAL_Driver/Src/stm32g4xx_hal_adc_ex.o
 .ARM.attributes
                0x00000000000001df       0x34 ./Drivers/STM32G4xx_HAL_Driver/Src/stm32g4xx_hal_cortex.o
 .ARM.attributes
                0x0000000000000213       0x34 ./Drivers/STM32G4xx_HAL_Driver/Src/stm32g4xx_hal_dma.o
 .ARM.attributes
                0x0000000000000247       0x34 ./Drivers/STM32G4xx_HAL_Driver/Src/stm32g4xx_hal_gpio.o
 .ARM.attributes
                0x000000000000027b       0x34 ./Drivers/STM32G4xx_HAL_Driver/Src/stm32g4xx_hal_pwr.o
 .ARM.attributes
                0x00000000000002af       0x34 ./Drivers/STM32G4xx_HAL_Driver/Src/stm32g4xx_hal_pwr_ex.o
 .ARM.attributes
                0x00000000000002e3       0x34 ./Drivers/STM32G4xx_HAL_Driver/Src/stm32g4xx_hal_rcc.o
 .ARM.attributes
                0x0000000000000317       0x34 ./Drivers/STM32G4xx_HAL_Driver/Src/stm32g4xx_hal_rcc_ex.o
 .ARM.attributes
                0x000000000000034b       0x34 ./Drivers/STM32G4xx_HAL_Driver/Src/stm32g4xx_hal_spi.o
 .ARM.attributes
                0x000000000000037f       0x34 ./Drivers/STM32G4xx_HAL_Driver/Src/stm32g4xx_hal_tim.o
 .ARM.attributes
                0x00000000000003b3       0x34 ./Drivers/STM32G4xx_HAL_Driver/Src/stm32g4xx_hal_tim_ex.o
 .ARM.attributes
                0x00000000000003e7       0x34 ./Drivers/STM32G4xx_HAL_Driver/Src/stm32g4xx_hal_uart.o
 .ARM.attributes
                0x000000000000041b       0x34 ./Drivers/STM32G4xx_HAL_Driver/Src/stm32g4xx_hal_uart_ex.o
 .ARM.attributes
                0x000000000000044f       0x34 ./UserLib/Src/MAX31855.o
 .ARM.attributes
                0x0000000000000483       0x34 c:/st/stm32cubeide_1.9.0/stm32cubeide/plugins/com.st.stm32cube.ide.mcu.externaltools.gnu-tools-for-stm32.10.3-2021.10.win32_1.0.0.202111181127/tools/bin/../lib/gcc/arm-none-eabi/10.3.1/../../../../arm-none-eabi/lib/thumb/v7e-m+fp/hard\libc_nano.a(lib_a-init.o)
 .ARM.attributes
                0x00000000000004b7       0x34 c:/st/stm32cubeide_1.9.0/stm32cubeide/plugins/com.st.stm32cube.ide.mcu.externaltools.gnu-tools-for-stm32.10.3-2021.10.win32_1.0.0.202111181127/tools/bin/../lib/gcc/arm-none-eabi/10.3.1/../../../../arm-none-eabi/lib/thumb/v7e-m+fp/hard\libc_nano.a(lib_a-memcpy-stub.o)
 .ARM.attributes
                0x00000000000004eb       0x34 c:/st/stm32cubeide_1.9.0/stm32cubeide/plugins/com.st.stm32cube.ide.mcu.externaltools.gnu-tools-for-stm32.10.3-2021.10.win32_1.0.0.202111181127/tools/bin/../lib/gcc/arm-none-eabi/10.3.1/../../../../arm-none-eabi/lib/thumb/v7e-m+fp/hard\libc_nano.a(lib_a-memset.o)
 .ARM.attributes
                0x000000000000051f       0x1e c:/st/stm32cubeide_1.9.0/stm32cubeide/plugins/com.st.stm32cube.ide.mcu.externaltools.gnu-tools-for-stm32.10.3-2021.10.win32_1.0.0.202111181127/tools/bin/../lib/gcc/arm-none-eabi/10.3.1/thumb/v7e-m+fp/hard\libgcc.a(_aeabi_uldivmod.o)
 .ARM.attributes
                0x000000000000053d       0x34 c:/st/stm32cubeide_1.9.0/stm32cubeide/plugins/com.st.stm32cube.ide.mcu.externaltools.gnu-tools-for-stm32.10.3-2021.10.win32_1.0.0.202111181127/tools/bin/../lib/gcc/arm-none-eabi/10.3.1/thumb/v7e-m+fp/hard\libgcc.a(_udivmoddi4.o)
 .ARM.attributes
                0x0000000000000571       0x1e c:/st/stm32cubeide_1.9.0/stm32cubeide/plugins/com.st.stm32cube.ide.mcu.externaltools.gnu-tools-for-stm32.10.3-2021.10.win32_1.0.0.202111181127/tools/bin/../lib/gcc/arm-none-eabi/10.3.1/thumb/v7e-m+fp/hard\libgcc.a(_dvmd_tls.o)
 .ARM.attributes
                0x000000000000058f       0x1e c:/st/stm32cubeide_1.9.0/stm32cubeide/plugins/com.st.stm32cube.ide.mcu.externaltools.gnu-tools-for-stm32.10.3-2021.10.win32_1.0.0.202111181127/tools/bin/../lib/gcc/arm-none-eabi/10.3.1/thumb/v7e-m+fp/hard/crtn.o
OUTPUT(Potencia V10 r0.elf elf32-littlearm)
LOAD linker stubs
LOAD c:/st/stm32cubeide_1.9.0/stm32cubeide/plugins/com.st.stm32cube.ide.mcu.externaltools.gnu-tools-for-stm32.10.3-2021.10.win32_1.0.0.202111181127/tools/bin/../lib/gcc/arm-none-eabi/10.3.1/../../../../arm-none-eabi/lib/thumb/v7e-m+fp/hard\libc.a
LOAD c:/st/stm32cubeide_1.9.0/stm32cubeide/plugins/com.st.stm32cube.ide.mcu.externaltools.gnu-tools-for-stm32.10.3-2021.10.win32_1.0.0.202111181127/tools/bin/../lib/gcc/arm-none-eabi/10.3.1/../../../../arm-none-eabi/lib/thumb/v7e-m+fp/hard\libm.a
LOAD c:/st/stm32cubeide_1.9.0/stm32cubeide/plugins/com.st.stm32cube.ide.mcu.externaltools.gnu-tools-for-stm32.10.3-2021.10.win32_1.0.0.202111181127/tools/bin/../lib/gcc/arm-none-eabi/10.3.1/thumb/v7e-m+fp/hard\libgcc.a

.comment        0x0000000000000000       0x50
 .comment       0x0000000000000000       0x50 ./Core/Src/main.o
                                         0x51 (size before relaxing)
 .comment       0x0000000000000050       0x51 ./Core/Src/stm32g4xx_hal_msp.o
 .comment       0x0000000000000050       0x51 ./Core/Src/stm32g4xx_it.o
 .comment       0x0000000000000050       0x51 ./Core/Src/system_stm32g4xx.o
 .comment       0x0000000000000050       0x51 ./Drivers/STM32G4xx_HAL_Driver/Src/stm32g4xx_hal.o
 .comment       0x0000000000000050       0x51 ./Drivers/STM32G4xx_HAL_Driver/Src/stm32g4xx_hal_adc.o
 .comment       0x0000000000000050       0x51 ./Drivers/STM32G4xx_HAL_Driver/Src/stm32g4xx_hal_adc_ex.o
 .comment       0x0000000000000050       0x51 ./Drivers/STM32G4xx_HAL_Driver/Src/stm32g4xx_hal_cortex.o
 .comment       0x0000000000000050       0x51 ./Drivers/STM32G4xx_HAL_Driver/Src/stm32g4xx_hal_dma.o
 .comment       0x0000000000000050       0x51 ./Drivers/STM32G4xx_HAL_Driver/Src/stm32g4xx_hal_gpio.o
 .comment       0x0000000000000050       0x51 ./Drivers/STM32G4xx_HAL_Driver/Src/stm32g4xx_hal_pwr.o
 .comment       0x0000000000000050       0x51 ./Drivers/STM32G4xx_HAL_Driver/Src/stm32g4xx_hal_pwr_ex.o
 .comment       0x0000000000000050       0x51 ./Drivers/STM32G4xx_HAL_Driver/Src/stm32g4xx_hal_rcc.o
 .comment       0x0000000000000050       0x51 ./Drivers/STM32G4xx_HAL_Driver/Src/stm32g4xx_hal_rcc_ex.o
 .comment       0x0000000000000050       0x51 ./Drivers/STM32G4xx_HAL_Driver/Src/stm32g4xx_hal_spi.o
 .comment       0x0000000000000050       0x51 ./Drivers/STM32G4xx_HAL_Driver/Src/stm32g4xx_hal_tim.o
 .comment       0x0000000000000050       0x51 ./Drivers/STM32G4xx_HAL_Driver/Src/stm32g4xx_hal_tim_ex.o
 .comment       0x0000000000000050       0x51 ./Drivers/STM32G4xx_HAL_Driver/Src/stm32g4xx_hal_uart.o
 .comment       0x0000000000000050       0x51 ./Drivers/STM32G4xx_HAL_Driver/Src/stm32g4xx_hal_uart_ex.o
 .comment       0x0000000000000050       0x51 ./UserLib/Src/MAX31855.o

.debug_frame    0x0000000000000000       0xd4
 .debug_frame   0x0000000000000000       0x2c c:/st/stm32cubeide_1.9.0/stm32cubeide/plugins/com.st.stm32cube.ide.mcu.externaltools.gnu-tools-for-stm32.10.3-2021.10.win32_1.0.0.202111181127/tools/bin/../lib/gcc/arm-none-eabi/10.3.1/../../../../arm-none-eabi/lib/thumb/v7e-m+fp/hard\libc_nano.a(lib_a-init.o)
 .debug_frame   0x000000000000002c       0x28 c:/st/stm32cubeide_1.9.0/stm32cubeide/plugins/com.st.stm32cube.ide.mcu.externaltools.gnu-tools-for-stm32.10.3-2021.10.win32_1.0.0.202111181127/tools/bin/../lib/gcc/arm-none-eabi/10.3.1/../../../../arm-none-eabi/lib/thumb/v7e-m+fp/hard\libc_nano.a(lib_a-memcpy-stub.o)
 .debug_frame   0x0000000000000054       0x20 c:/st/stm32cubeide_1.9.0/stm32cubeide/plugins/com.st.stm32cube.ide.mcu.externaltools.gnu-tools-for-stm32.10.3-2021.10.win32_1.0.0.202111181127/tools/bin/../lib/gcc/arm-none-eabi/10.3.1/../../../../arm-none-eabi/lib/thumb/v7e-m+fp/hard\libc_nano.a(lib_a-memset.o)
 .debug_frame   0x0000000000000074       0x2c c:/st/stm32cubeide_1.9.0/stm32cubeide/plugins/com.st.stm32cube.ide.mcu.externaltools.gnu-tools-for-stm32.10.3-2021.10.win32_1.0.0.202111181127/tools/bin/../lib/gcc/arm-none-eabi/10.3.1/thumb/v7e-m+fp/hard\libgcc.a(_aeabi_uldivmod.o)
 .debug_frame   0x00000000000000a0       0x34 c:/st/stm32cubeide_1.9.0/stm32cubeide/plugins/com.st.stm32cube.ide.mcu.externaltools.gnu-tools-for-stm32.10.3-2021.10.win32_1.0.0.202111181127/tools/bin/../lib/gcc/arm-none-eabi/10.3.1/thumb/v7e-m+fp/hard\libgcc.a(_udivmoddi4.o)
